2026-08-29 17:04:24 [EVENT] watchdog 기동
2026-08-29 17:07:14 [EVENT] watchdog 기동
2026-08-29 21:57:17 [EVENT] marker DONE_SEED0
2026-08-29 21:57:17 [EVENT] DONE_SEED0 분석 실행 시작
2026-08-29 21:57:17 [EVENT] DONE_SEED0 분석 종료 exit=0 :: [ONLINE-SUMMARY-DONE] seeds=[0] events=119 cluster_rows=33
2026-08-30 02:47:19 [EVENT] marker DONE_REPLAY0
2026-08-30 02:47:19 [EVENT] DONE_REPLAY0 분석 실행 시작
2026-08-30 02:47:20 [EVENT] DONE_REPLAY0 분석 종료 exit=0 :: [PAIRED-DONE] seeds=[0] episodes=1538
2026-08-30 02:47:20 [EVENT] DONE_REPLAY0 분석 실행 시작
2026-08-30 02:47:34 [EVENT] DONE_REPLAY0 분석 종료 exit=0 :: [INTEGRITY-DONE] checks=30 fail=0 overall=VALID
2026-08-30 02:47:34 [EVENT] DONE_REPLAY0 분석 실행 시작
2026-08-30 02:48:09 [EVENT] DONE_REPLAY0 분석 종료 exit=0 :: [PACKAGE-DONE]
2026-08-30 18:43:17 [EVENT] marker DONE_SEED1
2026-08-30 18:43:17 [EVENT] DONE_SEED1 분석 실행 시작
2026-08-30 18:43:17 [EVENT] DONE_SEED1 분석 종료 exit=0 :: [ONLINE-SUMMARY-DONE] seeds=[0, 1] events=231 cluster_rows=66
2026-08-30 23:33:20 [EVENT] marker DONE_REPLAY1
2026-08-30 23:33:20 [EVENT] DONE_REPLAY1 분석 실행 시작
2026-08-30 23:33:21 [EVENT] DONE_REPLAY1 분석 종료 exit=0 :: [PAIRED-DONE] seeds=[0, 1] episodes=3202
2026-08-30 23:33:21 [EVENT] DONE_REPLAY1 분석 실행 시작
2026-08-30 23:33:43 [EVENT] DONE_REPLAY1 분석 종료 exit=0 :: [INTEGRITY-DONE] checks=44 fail=0 overall=VALID
2026-08-30 23:33:43 [EVENT] DONE_REPLAY1 분석 실행 시작
2026-08-30 23:34:30 [EVENT] DONE_REPLAY1 분석 종료 exit=0 :: [PACKAGE-DONE]
2026-08-31 15:14:37 [EVENT] marker DONE_SEED2
2026-08-31 15:14:37 [EVENT] DONE_SEED2 분석 실행 시작
2026-08-31 15:14:37 [EVENT] DONE_SEED2 분석 종료 exit=0 :: [ONLINE-SUMMARY-DONE] seeds=[0, 1, 2] events=345 cluster_rows=99
2026-08-31 20:19:40 [EVENT] marker DONE_BATCH_STATS
2026-08-31 20:19:40 [EVENT] marker DONE_ONLINE_SUMMARY
2026-08-31 20:19:40 [EVENT] marker DONE_PAIRED_SUMMARY
2026-08-31 20:19:40 [EVENT] marker DONE_REPLAY2
2026-08-31 20:19:40 [EVENT] DONE_REPLAY2 분석 실행 시작
2026-08-31 20:19:42 [EVENT] DONE_REPLAY2 분석 종료 exit=0 :: [PAIRED-DONE] seeds=[0, 1, 2] episodes=4863
2026-08-31 20:19:42 [EVENT] DONE_REPLAY2 분석 실행 시작
2026-08-31 20:20:02 [EVENT] DONE_REPLAY2 분석 종료 exit=0 :: [INTEGRITY-DONE] checks=47 fail=0 overall=VALID
2026-08-31 20:20:02 [EVENT] DONE_REPLAY2 분석 실행 시작
2026-08-31 20:20:55 [EVENT] DONE_REPLAY2 분석 종료 exit=0 :: [PACKAGE-DONE]
2026-08-31 20:40:55 [EVENT] marker DONE_FAMILIARITY
2026-08-31 20:40:55 [EVENT] marker DONE_INTEGRITY
2026-08-31 20:40:55 [EVENT] marker DONE_LATENCY
2026-08-31 20:40:55 [EVENT] marker DONE_OLDVSNEW
2026-08-31 20:40:55 [EVENT] marker DONE_PACKAGE
2026-08-31 20:40:55 [EVENT] DONE_PACKAGE 확인 — watchdog 종료
