
===== batch_train_libero_goal_task8 attempt=0 start=2026-08-29 03:20:03 =====
/home/asmr/miniconda3/envs/hv2_hab/bin/python -u habits/train.py --h5 /home/asmr/workspace/habitvla2/data/e3/libero_goal_task8.hdf5 --cluster libero_goal_task8 --n-grid 10 20 40 80 --out /home/asmr/workspace/habitvla2/checkpoints/rgb_only_rerun/batch --no-depth
cluster=libero_goal_task8 success episodes=118
=== train n=10 -> /home/asmr/workspace/habitvla2/checkpoints/rgb_only_rerun/batch/libero_goal_task8/act_n10.pt ===
  step 200/4000 l1=0.4190 kl=0.267 (5s)
  step 400/4000 l1=0.3084 kl=0.226 (10s)
  step 600/4000 l1=0.2648 kl=0.204 (14s)
  step 800/4000 l1=0.2255 kl=0.187 (19s)
  step 1000/4000 l1=0.2010 kl=0.183 (23s)
  step 1200/4000 l1=0.1858 kl=0.129 (28s)
  step 1400/4000 l1=0.1776 kl=0.139 (32s)
  step 1600/4000 l1=0.1713 kl=0.131 (36s)
  step 1800/4000 l1=0.1578 kl=0.124 (41s)
  step 2000/4000 l1=0.1516 kl=0.101 (45s)
  step 2200/4000 l1=0.1442 kl=0.095 (50s)
  step 2400/4000 l1=0.1376 kl=0.085 (54s)
  step 2600/4000 l1=0.1340 kl=0.071 (59s)
  step 2800/4000 l1=0.1265 kl=0.071 (63s)
  step 3000/4000 l1=0.1250 kl=0.067 (68s)
  step 3200/4000 l1=0.1199 kl=0.059 (72s)
  step 3400/4000 l1=0.1144 kl=0.045 (77s)
  step 3600/4000 l1=0.1149 kl=0.052 (81s)
  step 3800/4000 l1=0.1087 kl=0.046 (85s)
  step 4000/4000 l1=0.1070 kl=0.038 (90s)
=== train n=20 -> /home/asmr/workspace/habitvla2/checkpoints/rgb_only_rerun/batch/libero_goal_task8/act_n20.pt ===
warm-start from /home/asmr/workspace/habitvla2/checkpoints/rgb_only_rerun/batch/libero_goal_task8/act_n10.pt
  step 200/6000 l1=0.1869 kl=0.039 (5s)
  step 400/6000 l1=0.1465 kl=0.036 (9s)
  step 600/6000 l1=0.1309 kl=0.031 (14s)
  step 800/6000 l1=0.1243 kl=0.031 (18s)
  step 1000/6000 l1=0.1181 kl=0.025 (22s)
  step 1200/6000 l1=0.1120 kl=0.024 (27s)
  step 1400/6000 l1=0.1112 kl=0.021 (31s)
  step 1600/6000 l1=0.1073 kl=0.025 (36s)
  step 1800/6000 l1=0.1065 kl=0.021 (40s)
  step 2000/6000 l1=0.1037 kl=0.021 (45s)
  step 2200/6000 l1=0.1021 kl=0.019 (49s)
  step 2400/6000 l1=0.1013 kl=0.015 (54s)
  step 2600/6000 l1=0.1002 kl=0.018 (58s)
  step 2800/6000 l1=0.0954 kl=0.015 (63s)
  step 3000/6000 l1=0.0970 kl=0.015 (67s)
  step 3200/6000 l1=0.0959 kl=0.013 (72s)
  step 3400/6000 l1=0.0925 kl=0.014 (76s)
  step 3600/6000 l1=0.0896 kl=0.013 (81s)
  step 3800/6000 l1=0.0897 kl=0.014 (85s)
  step 4000/6000 l1=0.0866 kl=0.012 (90s)
  step 4200/6000 l1=0.0870 kl=0.011 (94s)
  step 4400/6000 l1=0.0848 kl=0.011 (99s)
  step 4600/6000 l1=0.0836 kl=0.013 (103s)
  step 4800/6000 l1=0.0826 kl=0.010 (108s)
  step 5000/6000 l1=0.0842 kl=0.009 (112s)
  step 5200/6000 l1=0.0815 kl=0.010 (117s)
  step 5400/6000 l1=0.0800 kl=0.011 (121s)
  step 5600/6000 l1=0.0816 kl=0.009 (126s)
  step 5800/6000 l1=0.0782 kl=0.010 (130s)
  step 6000/6000 l1=0.0793 kl=0.010 (135s)
=== train n=40 -> /home/asmr/workspace/habitvla2/checkpoints/rgb_only_rerun/batch/libero_goal_task8/act_n40.pt ===
warm-start from /home/asmr/workspace/habitvla2/checkpoints/rgb_only_rerun/batch/libero_goal_task8/act_n20.pt
  step 200/8000 l1=0.1713 kl=0.007 (5s)
  step 400/8000 l1=0.1386 kl=0.007 (9s)
  step 600/8000 l1=0.1224 kl=0.008 (13s)
  step 800/8000 l1=0.1126 kl=0.008 (18s)
  step 1000/8000 l1=0.1060 kl=0.007 (22s)
  step 1200/8000 l1=0.1004 kl=0.007 (27s)
  step 1400/8000 l1=0.0961 kl=0.008 (31s)
  step 1600/8000 l1=0.0954 kl=0.009 (36s)
  step 1800/8000 l1=0.0911 kl=0.006 (40s)
  step 2000/8000 l1=0.0899 kl=0.006 (45s)
  step 2200/8000 l1=0.0891 kl=0.006 (49s)
  step 2400/8000 l1=0.0863 kl=0.007 (54s)
  step 2600/8000 l1=0.0843 kl=0.006 (58s)
  step 2800/8000 l1=0.0831 kl=0.005 (63s)
  step 3000/8000 l1=0.0853 kl=0.006 (67s)
  step 3200/8000 l1=0.0835 kl=0.006 (71s)
  step 3400/8000 l1=0.0828 kl=0.005 (76s)
  step 3600/8000 l1=0.0820 kl=0.005 (80s)
  step 3800/8000 l1=0.0807 kl=0.005 (85s)
  step 4000/8000 l1=0.0779 kl=0.005 (89s)
  step 4200/8000 l1=0.0788 kl=0.006 (94s)
  step 4400/8000 l1=0.0773 kl=0.005 (98s)
  step 4600/8000 l1=0.0775 kl=0.004 (103s)
  step 4800/8000 l1=0.0757 kl=0.005 (107s)
  step 5000/8000 l1=0.0738 kl=0.005 (111s)
  step 5200/8000 l1=0.0740 kl=0.007 (116s)
  step 5400/8000 l1=0.0730 kl=0.005 (120s)
  step 5600/8000 l1=0.0731 kl=0.004 (125s)
  step 5800/8000 l1=0.0738 kl=0.004 (129s)
  step 6000/8000 l1=0.0713 kl=0.005 (134s)
  step 6200/8000 l1=0.0712 kl=0.004 (138s)
  step 6400/8000 l1=0.0723 kl=0.004 (143s)
  step 6600/8000 l1=0.0715 kl=0.003 (147s)
  step 6800/8000 l1=0.0712 kl=0.004 (152s)
  step 7000/8000 l1=0.0697 kl=0.004 (156s)
  step 7200/8000 l1=0.0684 kl=0.004 (160s)
  step 7400/8000 l1=0.0685 kl=0.003 (165s)
  step 7600/8000 l1=0.0696 kl=0.003 (169s)
  step 7800/8000 l1=0.0682 kl=0.003 (174s)
  step 8000/8000 l1=0.0672 kl=0.003 (178s)
=== train n=80 -> /home/asmr/workspace/habitvla2/checkpoints/rgb_only_rerun/batch/libero_goal_task8/act_n80.pt ===
warm-start from /home/asmr/workspace/habitvla2/checkpoints/rgb_only_rerun/batch/libero_goal_task8/act_n40.pt
  step 200/10000 l1=0.1487 kl=0.003 (5s)
  step 400/10000 l1=0.1303 kl=0.004 (9s)
  step 600/10000 l1=0.1190 kl=0.003 (13s)
  step 800/10000 l1=0.1087 kl=0.003 (18s)
  step 1000/10000 l1=0.1044 kl=0.002 (22s)
  step 1200/10000 l1=0.0976 kl=0.004 (27s)
  step 1400/10000 l1=0.0957 kl=0.003 (31s)
  step 1600/10000 l1=0.0907 kl=0.003 (36s)
  step 1800/10000 l1=0.0885 kl=0.002 (40s)
  step 2000/10000 l1=0.0869 kl=0.002 (45s)
  step 2200/10000 l1=0.0826 kl=0.003 (49s)
  step 2400/10000 l1=0.0817 kl=0.002 (53s)
  step 2600/10000 l1=0.0798 kl=0.003 (58s)
  step 2800/10000 l1=0.0799 kl=0.002 (62s)
  step 3000/10000 l1=0.0781 kl=0.002 (67s)
  step 3200/10000 l1=0.0797 kl=0.002 (71s)
  step 3400/10000 l1=0.0779 kl=0.003 (76s)
  step 3600/10000 l1=0.0759 kl=0.003 (80s)
  step 3800/10000 l1=0.0749 kl=0.002 (85s)
  step 4000/10000 l1=0.0748 kl=0.002 (89s)
  step 4200/10000 l1=0.0742 kl=0.002 (93s)
  step 4400/10000 l1=0.0740 kl=0.002 (98s)
  step 4600/10000 l1=0.0723 kl=0.002 (102s)
  step 4800/10000 l1=0.0716 kl=0.003 (107s)
  step 5000/10000 l1=0.0715 kl=0.003 (111s)
  step 5200/10000 l1=0.0725 kl=0.002 (116s)
  step 5400/10000 l1=0.0696 kl=0.001 (120s)
  step 5600/10000 l1=0.0686 kl=0.003 (125s)
  step 5800/10000 l1=0.0699 kl=0.002 (129s)
  step 6000/10000 l1=0.0700 kl=0.001 (134s)
  step 6200/10000 l1=0.0691 kl=0.001 (138s)
  step 6400/10000 l1=0.0707 kl=0.002 (142s)
  step 6600/10000 l1=0.0673 kl=0.002 (147s)
  step 6800/10000 l1=0.0675 kl=0.001 (151s)
  step 7000/10000 l1=0.0672 kl=0.001 (156s)
  step 7200/10000 l1=0.0705 kl=0.002 (160s)
  step 7400/10000 l1=0.0692 kl=0.001 (165s)
  step 7600/10000 l1=0.0674 kl=0.001 (169s)
  step 7800/10000 l1=0.0668 kl=0.002 (174s)
  step 8000/10000 l1=0.0656 kl=0.001 (178s)
  step 8200/10000 l1=0.0665 kl=0.001 (183s)
  step 8400/10000 l1=0.0649 kl=0.001 (187s)
  step 8600/10000 l1=0.0640 kl=0.001 (192s)
  step 8800/10000 l1=0.0651 kl=0.002 (196s)
  step 9000/10000 l1=0.0650 kl=0.001 (201s)
  step 9200/10000 l1=0.0643 kl=0.001 (205s)
  step 9400/10000 l1=0.0646 kl=0.001 (210s)
  step 9600/10000 l1=0.0636 kl=0.001 (214s)
  step 9800/10000 l1=0.0643 kl=0.001 (219s)
  step 10000/10000 l1=0.0629 kl=0.001 (223s)
[TRAIN-PASS] cluster=libero_goal_task8 grid=[10, 20, 40, 80] depth=False
