
===== batch_train_libero_object_task6 attempt=0 start=2026-08-29 00:38:16 =====
/home/asmr/miniconda3/envs/hv2_hab/bin/python -u habits/train.py --h5 /home/asmr/workspace/habitvla2/data/e3/libero_object_task6.hdf5 --cluster libero_object_task6 --n-grid 10 20 40 80 --out /home/asmr/workspace/habitvla2/checkpoints/rgb_only_rerun/batch --no-depth
cluster=libero_object_task6 success episodes=120
=== train n=10 -> /home/asmr/workspace/habitvla2/checkpoints/rgb_only_rerun/batch/libero_object_task6/act_n10.pt ===
  step 200/4000 l1=0.4790 kl=0.324 (5s)
  step 400/4000 l1=0.3244 kl=0.194 (9s)
  step 600/4000 l1=0.2826 kl=0.197 (14s)
  step 800/4000 l1=0.2633 kl=0.164 (18s)
  step 1000/4000 l1=0.2410 kl=0.145 (23s)
  step 1200/4000 l1=0.2254 kl=0.155 (27s)
  step 1400/4000 l1=0.2167 kl=0.132 (32s)
  step 1600/4000 l1=0.2016 kl=0.114 (36s)
  step 1800/4000 l1=0.1909 kl=0.107 (41s)
  step 2000/4000 l1=0.1805 kl=0.122 (45s)
  step 2200/4000 l1=0.1753 kl=0.102 (49s)
  step 2400/4000 l1=0.1663 kl=0.073 (54s)
  step 2600/4000 l1=0.1598 kl=0.092 (58s)
  step 2800/4000 l1=0.1561 kl=0.076 (63s)
  step 3000/4000 l1=0.1481 kl=0.065 (67s)
  step 3200/4000 l1=0.1399 kl=0.056 (72s)
  step 3400/4000 l1=0.1398 kl=0.048 (76s)
  step 3600/4000 l1=0.1354 kl=0.046 (81s)
  step 3800/4000 l1=0.1325 kl=0.041 (85s)
  step 4000/4000 l1=0.1280 kl=0.042 (90s)
=== train n=20 -> /home/asmr/workspace/habitvla2/checkpoints/rgb_only_rerun/batch/libero_object_task6/act_n20.pt ===
warm-start from /home/asmr/workspace/habitvla2/checkpoints/rgb_only_rerun/batch/libero_object_task6/act_n10.pt
  step 200/6000 l1=0.2027 kl=0.037 (5s)
  step 400/6000 l1=0.1679 kl=0.026 (9s)
  step 600/6000 l1=0.1490 kl=0.026 (14s)
  step 800/6000 l1=0.1385 kl=0.026 (18s)
  step 1000/6000 l1=0.1325 kl=0.026 (22s)
  step 1200/6000 l1=0.1272 kl=0.022 (27s)
  step 1400/6000 l1=0.1278 kl=0.021 (32s)
  step 1600/6000 l1=0.1239 kl=0.021 (36s)
  step 1800/6000 l1=0.1181 kl=0.021 (41s)
  step 2000/6000 l1=0.1149 kl=0.017 (45s)
  step 2200/6000 l1=0.1137 kl=0.020 (49s)
  step 2400/6000 l1=0.1121 kl=0.019 (54s)
  step 2600/6000 l1=0.1106 kl=0.014 (58s)
  step 2800/6000 l1=0.1113 kl=0.018 (63s)
  step 3000/6000 l1=0.1048 kl=0.012 (67s)
  step 3200/6000 l1=0.1030 kl=0.015 (72s)
  step 3400/6000 l1=0.1035 kl=0.016 (76s)
  step 3600/6000 l1=0.1018 kl=0.014 (81s)
  step 3800/6000 l1=0.1010 kl=0.013 (85s)
  step 4000/6000 l1=0.1013 kl=0.011 (90s)
  step 4200/6000 l1=0.0981 kl=0.011 (94s)
  step 4400/6000 l1=0.0964 kl=0.011 (99s)
  step 4600/6000 l1=0.0955 kl=0.013 (103s)
  step 4800/6000 l1=0.0945 kl=0.010 (108s)
  step 5000/6000 l1=0.0924 kl=0.010 (112s)
  step 5200/6000 l1=0.0910 kl=0.010 (117s)
  step 5400/6000 l1=0.0901 kl=0.010 (121s)
  step 5600/6000 l1=0.0894 kl=0.009 (126s)
  step 5800/6000 l1=0.0890 kl=0.009 (130s)
  step 6000/6000 l1=0.0886 kl=0.009 (134s)
=== train n=40 -> /home/asmr/workspace/habitvla2/checkpoints/rgb_only_rerun/batch/libero_object_task6/act_n40.pt ===
warm-start from /home/asmr/workspace/habitvla2/checkpoints/rgb_only_rerun/batch/libero_object_task6/act_n20.pt
  step 200/8000 l1=0.1977 kl=0.010 (5s)
  step 400/8000 l1=0.1705 kl=0.010 (9s)
  step 600/8000 l1=0.1552 kl=0.008 (13s)
  step 800/8000 l1=0.1440 kl=0.008 (18s)
  step 1000/8000 l1=0.1313 kl=0.008 (22s)
  step 1200/8000 l1=0.1263 kl=0.007 (27s)
  step 1400/8000 l1=0.1212 kl=0.008 (31s)
  step 1600/8000 l1=0.1138 kl=0.006 (36s)
  step 1800/8000 l1=0.1090 kl=0.006 (40s)
  step 2000/8000 l1=0.1066 kl=0.007 (44s)
  step 2200/8000 l1=0.1042 kl=0.006 (49s)
  step 2400/8000 l1=0.1030 kl=0.007 (53s)
  step 2600/8000 l1=0.1038 kl=0.005 (58s)
  step 2800/8000 l1=0.1022 kl=0.006 (62s)
  step 3000/8000 l1=0.1001 kl=0.007 (67s)
  step 3200/8000 l1=0.0975 kl=0.005 (71s)
  step 3400/8000 l1=0.0959 kl=0.006 (76s)
  step 3600/8000 l1=0.0947 kl=0.006 (80s)
  step 3800/8000 l1=0.0939 kl=0.006 (84s)
  step 4000/8000 l1=0.0924 kl=0.005 (89s)
  step 4200/8000 l1=0.0901 kl=0.006 (93s)
  step 4400/8000 l1=0.0897 kl=0.005 (98s)
  step 4600/8000 l1=0.0890 kl=0.005 (102s)
  step 4800/8000 l1=0.0873 kl=0.004 (107s)
  step 5000/8000 l1=0.0867 kl=0.003 (111s)
  step 5200/8000 l1=0.0873 kl=0.005 (116s)
  step 5400/8000 l1=0.0872 kl=0.004 (120s)
  step 5600/8000 l1=0.0875 kl=0.005 (125s)
  step 5800/8000 l1=0.0856 kl=0.004 (129s)
  step 6000/8000 l1=0.0837 kl=0.004 (133s)
  step 6200/8000 l1=0.0845 kl=0.004 (138s)
  step 6400/8000 l1=0.0808 kl=0.004 (142s)
  step 6600/8000 l1=0.0801 kl=0.004 (147s)
  step 6800/8000 l1=0.0821 kl=0.004 (151s)
  step 7000/8000 l1=0.0827 kl=0.003 (156s)
  step 7200/8000 l1=0.0804 kl=0.004 (160s)
  step 7400/8000 l1=0.0804 kl=0.003 (165s)
  step 7600/8000 l1=0.0806 kl=0.003 (169s)
  step 7800/8000 l1=0.0787 kl=0.003 (174s)
  step 8000/8000 l1=0.0795 kl=0.003 (178s)
=== train n=80 -> /home/asmr/workspace/habitvla2/checkpoints/rgb_only_rerun/batch/libero_object_task6/act_n80.pt ===
warm-start from /home/asmr/workspace/habitvla2/checkpoints/rgb_only_rerun/batch/libero_object_task6/act_n40.pt
  step 200/10000 l1=0.1907 kl=0.003 (5s)
  step 400/10000 l1=0.1750 kl=0.003 (9s)
  step 600/10000 l1=0.1630 kl=0.004 (13s)
  step 800/10000 l1=0.1528 kl=0.003 (18s)
  step 1000/10000 l1=0.1439 kl=0.003 (22s)
  step 1200/10000 l1=0.1368 kl=0.003 (27s)
  step 1400/10000 l1=0.1288 kl=0.003 (31s)
  step 1600/10000 l1=0.1260 kl=0.003 (36s)
  step 1800/10000 l1=0.1194 kl=0.003 (40s)
  step 2000/10000 l1=0.1164 kl=0.004 (45s)
  step 2200/10000 l1=0.1121 kl=0.003 (49s)
  step 2400/10000 l1=0.1070 kl=0.003 (54s)
  step 2600/10000 l1=0.1065 kl=0.003 (58s)
  step 2800/10000 l1=0.1041 kl=0.002 (63s)
  step 3000/10000 l1=0.1035 kl=0.002 (67s)
  step 3200/10000 l1=0.1026 kl=0.002 (72s)
  step 3400/10000 l1=0.0984 kl=0.002 (76s)
  step 3600/10000 l1=0.0967 kl=0.002 (80s)
  step 3800/10000 l1=0.0966 kl=0.003 (85s)
  step 4000/10000 l1=0.0970 kl=0.002 (89s)
  step 4200/10000 l1=0.0951 kl=0.003 (94s)
  step 4400/10000 l1=0.0932 kl=0.002 (98s)
  step 4600/10000 l1=0.0917 kl=0.002 (103s)
  step 4800/10000 l1=0.0896 kl=0.003 (107s)
  step 5000/10000 l1=0.0909 kl=0.002 (112s)
  step 5200/10000 l1=0.0882 kl=0.002 (116s)
  step 5400/10000 l1=0.0901 kl=0.002 (121s)
  step 5600/10000 l1=0.0906 kl=0.003 (125s)
  step 5800/10000 l1=0.0858 kl=0.002 (130s)
  step 6000/10000 l1=0.0878 kl=0.001 (134s)
  step 6200/10000 l1=0.0869 kl=0.003 (138s)
  step 6400/10000 l1=0.0852 kl=0.002 (143s)
  step 6600/10000 l1=0.0856 kl=0.002 (147s)
  step 6800/10000 l1=0.0845 kl=0.002 (152s)
  step 7000/10000 l1=0.0831 kl=0.002 (156s)
  step 7200/10000 l1=0.0840 kl=0.002 (161s)
  step 7400/10000 l1=0.0832 kl=0.001 (165s)
  step 7600/10000 l1=0.0837 kl=0.002 (170s)
  step 7800/10000 l1=0.0853 kl=0.002 (174s)
  step 8000/10000 l1=0.0838 kl=0.002 (179s)
  step 8200/10000 l1=0.0814 kl=0.001 (183s)
  step 8400/10000 l1=0.0793 kl=0.002 (188s)
  step 8600/10000 l1=0.0809 kl=0.001 (192s)
  step 8800/10000 l1=0.0790 kl=0.001 (196s)
  step 9000/10000 l1=0.0813 kl=0.002 (201s)
  step 9200/10000 l1=0.0805 kl=0.001 (205s)
  step 9400/10000 l1=0.0789 kl=0.001 (210s)
  step 9600/10000 l1=0.0787 kl=0.001 (214s)
  step 9800/10000 l1=0.0783 kl=0.001 (219s)
  step 10000/10000 l1=0.0776 kl=0.001 (223s)
[TRAIN-PASS] cluster=libero_object_task6 grid=[10, 20, 40, 80] depth=False
