
===== batch_train_libero_goal_task3 attempt=0 start=2026-08-29 02:13:03 =====
/home/asmr/miniconda3/envs/hv2_hab/bin/python -u habits/train.py --h5 /home/asmr/workspace/habitvla2/data/e3/libero_goal_task3.hdf5 --cluster libero_goal_task3 --n-grid 10 20 40 80 --out /home/asmr/workspace/habitvla2/checkpoints/rgb_only_rerun/batch --no-depth
cluster=libero_goal_task3 success episodes=112
=== train n=10 -> /home/asmr/workspace/habitvla2/checkpoints/rgb_only_rerun/batch/libero_goal_task3/act_n10.pt ===
  step 200/4000 l1=0.4303 kl=0.254 (5s)
  step 400/4000 l1=0.2911 kl=0.215 (9s)
  step 600/4000 l1=0.2635 kl=0.194 (14s)
  step 800/4000 l1=0.2454 kl=0.175 (18s)
  step 1000/4000 l1=0.2273 kl=0.148 (23s)
  step 1200/4000 l1=0.2174 kl=0.154 (27s)
  step 1400/4000 l1=0.2001 kl=0.158 (31s)
  step 1600/4000 l1=0.1883 kl=0.148 (36s)
  step 1800/4000 l1=0.1780 kl=0.109 (40s)
  step 2000/4000 l1=0.1684 kl=0.106 (45s)
  step 2200/4000 l1=0.1637 kl=0.096 (49s)
  step 2400/4000 l1=0.1563 kl=0.097 (54s)
  step 2600/4000 l1=0.1489 kl=0.076 (58s)
  step 2800/4000 l1=0.1423 kl=0.068 (62s)
  step 3000/4000 l1=0.1414 kl=0.059 (67s)
  step 3200/4000 l1=0.1375 kl=0.062 (71s)
  step 3400/4000 l1=0.1289 kl=0.048 (76s)
  step 3600/4000 l1=0.1283 kl=0.046 (80s)
  step 3800/4000 l1=0.1260 kl=0.047 (85s)
  step 4000/4000 l1=0.1214 kl=0.038 (89s)
=== train n=20 -> /home/asmr/workspace/habitvla2/checkpoints/rgb_only_rerun/batch/libero_goal_task3/act_n20.pt ===
warm-start from /home/asmr/workspace/habitvla2/checkpoints/rgb_only_rerun/batch/libero_goal_task3/act_n10.pt
  step 200/6000 l1=0.2115 kl=0.036 (5s)
  step 400/6000 l1=0.1730 kl=0.034 (9s)
  step 600/6000 l1=0.1518 kl=0.035 (13s)
  step 800/6000 l1=0.1420 kl=0.026 (18s)
  step 1000/6000 l1=0.1320 kl=0.027 (22s)
  step 1200/6000 l1=0.1294 kl=0.022 (27s)
  step 1400/6000 l1=0.1246 kl=0.023 (31s)
  step 1600/6000 l1=0.1214 kl=0.022 (36s)
  step 1800/6000 l1=0.1183 kl=0.024 (40s)
  step 2000/6000 l1=0.1158 kl=0.021 (45s)
  step 2200/6000 l1=0.1140 kl=0.014 (49s)
  step 2400/6000 l1=0.1114 kl=0.017 (54s)
  step 2600/6000 l1=0.1129 kl=0.015 (58s)
  step 2800/6000 l1=0.1081 kl=0.017 (63s)
  step 3000/6000 l1=0.1062 kl=0.014 (67s)
  step 3200/6000 l1=0.1050 kl=0.014 (72s)
  step 3400/6000 l1=0.1025 kl=0.013 (76s)
  step 3600/6000 l1=0.1022 kl=0.011 (81s)
  step 3800/6000 l1=0.1006 kl=0.013 (85s)
  step 4000/6000 l1=0.0982 kl=0.012 (90s)
  step 4200/6000 l1=0.0987 kl=0.011 (94s)
  step 4400/6000 l1=0.0989 kl=0.012 (98s)
  step 4600/6000 l1=0.0937 kl=0.011 (103s)
  step 4800/6000 l1=0.0934 kl=0.010 (107s)
  step 5000/6000 l1=0.0939 kl=0.011 (112s)
  step 5200/6000 l1=0.0929 kl=0.011 (116s)
  step 5400/6000 l1=0.0910 kl=0.009 (121s)
  step 5600/6000 l1=0.0918 kl=0.010 (125s)
  step 5800/6000 l1=0.0892 kl=0.008 (130s)
  step 6000/6000 l1=0.0891 kl=0.009 (134s)
=== train n=40 -> /home/asmr/workspace/habitvla2/checkpoints/rgb_only_rerun/batch/libero_goal_task3/act_n40.pt ===
warm-start from /home/asmr/workspace/habitvla2/checkpoints/rgb_only_rerun/batch/libero_goal_task3/act_n20.pt
  step 200/8000 l1=0.1688 kl=0.008 (5s)
  step 400/8000 l1=0.1514 kl=0.008 (9s)
  step 600/8000 l1=0.1396 kl=0.010 (13s)
  step 800/8000 l1=0.1267 kl=0.009 (18s)
  step 1000/8000 l1=0.1224 kl=0.007 (22s)
  step 1200/8000 l1=0.1156 kl=0.007 (27s)
  step 1400/8000 l1=0.1112 kl=0.007 (31s)
  step 1600/8000 l1=0.1056 kl=0.007 (36s)
  step 1800/8000 l1=0.1057 kl=0.007 (40s)
  step 2000/8000 l1=0.1014 kl=0.005 (45s)
  step 2200/8000 l1=0.0997 kl=0.006 (49s)
  step 2400/8000 l1=0.0950 kl=0.006 (54s)
  step 2600/8000 l1=0.0956 kl=0.006 (58s)
  step 2800/8000 l1=0.0952 kl=0.005 (62s)
  step 3000/8000 l1=0.0920 kl=0.005 (67s)
  step 3200/8000 l1=0.0911 kl=0.006 (71s)
  step 3400/8000 l1=0.0912 kl=0.006 (76s)
  step 3600/8000 l1=0.0900 kl=0.005 (80s)
  step 3800/8000 l1=0.0905 kl=0.006 (85s)
  step 4000/8000 l1=0.0866 kl=0.005 (89s)
  step 4200/8000 l1=0.0868 kl=0.005 (94s)
  step 4400/8000 l1=0.0855 kl=0.005 (98s)
  step 4600/8000 l1=0.0833 kl=0.005 (103s)
  step 4800/8000 l1=0.0836 kl=0.006 (107s)
  step 5000/8000 l1=0.0820 kl=0.004 (112s)
  step 5200/8000 l1=0.0810 kl=0.005 (116s)
  step 5400/8000 l1=0.0804 kl=0.004 (120s)
  step 5600/8000 l1=0.0799 kl=0.004 (125s)
  step 5800/8000 l1=0.0819 kl=0.003 (129s)
  step 6000/8000 l1=0.0797 kl=0.004 (134s)
  step 6200/8000 l1=0.0768 kl=0.004 (138s)
  step 6400/8000 l1=0.0782 kl=0.003 (143s)
  step 6600/8000 l1=0.0778 kl=0.005 (147s)
  step 6800/8000 l1=0.0766 kl=0.004 (152s)
  step 7000/8000 l1=0.0772 kl=0.003 (156s)
  step 7200/8000 l1=0.0769 kl=0.004 (161s)
  step 7400/8000 l1=0.0765 kl=0.004 (165s)
  step 7600/8000 l1=0.0746 kl=0.003 (170s)
  step 7800/8000 l1=0.0755 kl=0.003 (174s)
  step 8000/8000 l1=0.0745 kl=0.003 (179s)
=== train n=80 -> /home/asmr/workspace/habitvla2/checkpoints/rgb_only_rerun/batch/libero_goal_task3/act_n80.pt ===
warm-start from /home/asmr/workspace/habitvla2/checkpoints/rgb_only_rerun/batch/libero_goal_task3/act_n40.pt
  step 200/10000 l1=0.1438 kl=0.004 (5s)
  step 400/10000 l1=0.1330 kl=0.003 (9s)
  step 600/10000 l1=0.1252 kl=0.004 (14s)
  step 800/10000 l1=0.1174 kl=0.004 (18s)
  step 1000/10000 l1=0.1134 kl=0.003 (22s)
  step 1200/10000 l1=0.1126 kl=0.003 (27s)
  step 1400/10000 l1=0.1057 kl=0.003 (31s)
  step 1600/10000 l1=0.1016 kl=0.003 (36s)
  step 1800/10000 l1=0.0981 kl=0.003 (40s)
  step 2000/10000 l1=0.0970 kl=0.003 (45s)
  step 2200/10000 l1=0.0951 kl=0.003 (49s)
  step 2400/10000 l1=0.0937 kl=0.003 (54s)
  step 2600/10000 l1=0.0909 kl=0.002 (58s)
  step 2800/10000 l1=0.0898 kl=0.003 (63s)
  step 3000/10000 l1=0.0873 kl=0.003 (67s)
  step 3200/10000 l1=0.0875 kl=0.003 (72s)
  step 3400/10000 l1=0.0869 kl=0.002 (76s)
  step 3600/10000 l1=0.0844 kl=0.003 (80s)
  step 3800/10000 l1=0.0844 kl=0.002 (85s)
  step 4000/10000 l1=0.0850 kl=0.002 (89s)
  step 4200/10000 l1=0.0817 kl=0.002 (94s)
  step 4400/10000 l1=0.0810 kl=0.002 (98s)
  step 4600/10000 l1=0.0803 kl=0.002 (103s)
  step 4800/10000 l1=0.0782 kl=0.002 (107s)
  step 5000/10000 l1=0.0796 kl=0.002 (112s)
  step 5200/10000 l1=0.0782 kl=0.002 (116s)
  step 5400/10000 l1=0.0767 kl=0.002 (121s)
  step 5600/10000 l1=0.0780 kl=0.002 (125s)
  step 5800/10000 l1=0.0764 kl=0.002 (130s)
  step 6000/10000 l1=0.0773 kl=0.002 (134s)
  step 6200/10000 l1=0.0763 kl=0.002 (139s)
  step 6400/10000 l1=0.0767 kl=0.002 (143s)
  step 6600/10000 l1=0.0730 kl=0.002 (147s)
  step 6800/10000 l1=0.0740 kl=0.002 (152s)
  step 7000/10000 l1=0.0742 kl=0.002 (156s)
  step 7200/10000 l1=0.0740 kl=0.002 (161s)
  step 7400/10000 l1=0.0726 kl=0.002 (165s)
  step 7600/10000 l1=0.0736 kl=0.002 (170s)
  step 7800/10000 l1=0.0745 kl=0.002 (174s)
  step 8000/10000 l1=0.0721 kl=0.002 (179s)
  step 8200/10000 l1=0.0710 kl=0.001 (183s)
  step 8400/10000 l1=0.0713 kl=0.001 (188s)
  step 8600/10000 l1=0.0707 kl=0.001 (192s)
  step 8800/10000 l1=0.0714 kl=0.001 (197s)
  step 9000/10000 l1=0.0694 kl=0.001 (201s)
  step 9200/10000 l1=0.0705 kl=0.001 (206s)
  step 9400/10000 l1=0.0706 kl=0.002 (210s)
  step 9600/10000 l1=0.0714 kl=0.001 (215s)
  step 9800/10000 l1=0.0700 kl=0.001 (219s)
  step 10000/10000 l1=0.0681 kl=0.001 (224s)
[TRAIN-PASS] cluster=libero_goal_task3 grid=[10, 20, 40, 80] depth=False
