
===== batch_train_libero_goal_task6 attempt=0 start=2026-08-29 02:53:40 =====
/home/asmr/miniconda3/envs/hv2_hab/bin/python -u habits/train.py --h5 /home/asmr/workspace/habitvla2/data/e3/libero_goal_task6.hdf5 --cluster libero_goal_task6 --n-grid 10 20 40 80 --out /home/asmr/workspace/habitvla2/checkpoints/rgb_only_rerun/batch --no-depth
cluster=libero_goal_task6 success episodes=119
=== train n=10 -> /home/asmr/workspace/habitvla2/checkpoints/rgb_only_rerun/batch/libero_goal_task6/act_n10.pt ===
  step 200/4000 l1=0.4283 kl=0.311 (5s)
  step 400/4000 l1=0.2996 kl=0.214 (9s)
  step 600/4000 l1=0.2506 kl=0.216 (14s)
  step 800/4000 l1=0.2190 kl=0.152 (18s)
  step 1000/4000 l1=0.1966 kl=0.173 (23s)
  step 1200/4000 l1=0.1859 kl=0.187 (27s)
  step 1400/4000 l1=0.1710 kl=0.151 (32s)
  step 1600/4000 l1=0.1642 kl=0.130 (36s)
  step 1800/4000 l1=0.1555 kl=0.121 (41s)
  step 2000/4000 l1=0.1524 kl=0.128 (45s)
  step 2200/4000 l1=0.1463 kl=0.082 (50s)
  step 2400/4000 l1=0.1406 kl=0.109 (54s)
  step 2600/4000 l1=0.1360 kl=0.078 (58s)
  step 2800/4000 l1=0.1335 kl=0.072 (63s)
  step 3000/4000 l1=0.1305 kl=0.067 (67s)
  step 3200/4000 l1=0.1249 kl=0.059 (72s)
  step 3400/4000 l1=0.1183 kl=0.051 (76s)
  step 3600/4000 l1=0.1195 kl=0.050 (81s)
  step 3800/4000 l1=0.1154 kl=0.044 (85s)
  step 4000/4000 l1=0.1134 kl=0.035 (90s)
=== train n=20 -> /home/asmr/workspace/habitvla2/checkpoints/rgb_only_rerun/batch/libero_goal_task6/act_n20.pt ===
warm-start from /home/asmr/workspace/habitvla2/checkpoints/rgb_only_rerun/batch/libero_goal_task6/act_n10.pt
  step 200/6000 l1=0.1716 kl=0.035 (5s)
  step 400/6000 l1=0.1384 kl=0.032 (9s)
  step 600/6000 l1=0.1272 kl=0.032 (13s)
  step 800/6000 l1=0.1212 kl=0.029 (18s)
  step 1000/6000 l1=0.1190 kl=0.027 (22s)
  step 1200/6000 l1=0.1107 kl=0.025 (27s)
  step 1400/6000 l1=0.1114 kl=0.018 (31s)
  step 1600/6000 l1=0.1074 kl=0.025 (36s)
  step 1800/6000 l1=0.1034 kl=0.020 (40s)
  step 2000/6000 l1=0.1026 kl=0.023 (45s)
  step 2200/6000 l1=0.1026 kl=0.021 (49s)
  step 2400/6000 l1=0.0999 kl=0.015 (54s)
  step 2600/6000 l1=0.0974 kl=0.014 (58s)
  step 2800/6000 l1=0.0959 kl=0.013 (63s)
  step 3000/6000 l1=0.0930 kl=0.013 (67s)
  step 3200/6000 l1=0.0910 kl=0.016 (72s)
  step 3400/6000 l1=0.0910 kl=0.012 (76s)
  step 3600/6000 l1=0.0891 kl=0.012 (80s)
  step 3800/6000 l1=0.0893 kl=0.014 (85s)
  step 4000/6000 l1=0.0865 kl=0.014 (89s)
  step 4200/6000 l1=0.0863 kl=0.012 (94s)
  step 4400/6000 l1=0.0826 kl=0.011 (98s)
  step 4600/6000 l1=0.0841 kl=0.010 (103s)
  step 4800/6000 l1=0.0839 kl=0.010 (107s)
  step 5000/6000 l1=0.0825 kl=0.011 (112s)
  step 5200/6000 l1=0.0784 kl=0.009 (116s)
  step 5400/6000 l1=0.0772 kl=0.009 (121s)
  step 5600/6000 l1=0.0784 kl=0.011 (125s)
  step 5800/6000 l1=0.0774 kl=0.009 (130s)
  step 6000/6000 l1=0.0770 kl=0.008 (134s)
=== train n=40 -> /home/asmr/workspace/habitvla2/checkpoints/rgb_only_rerun/batch/libero_goal_task6/act_n40.pt ===
warm-start from /home/asmr/workspace/habitvla2/checkpoints/rgb_only_rerun/batch/libero_goal_task6/act_n20.pt
  step 200/8000 l1=0.1541 kl=0.011 (5s)
  step 400/8000 l1=0.1315 kl=0.009 (9s)
  step 600/8000 l1=0.1192 kl=0.009 (13s)
  step 800/8000 l1=0.1083 kl=0.008 (18s)
  step 1000/8000 l1=0.1042 kl=0.009 (22s)
  step 1200/8000 l1=0.0991 kl=0.009 (27s)
  step 1400/8000 l1=0.0935 kl=0.008 (31s)
  step 1600/8000 l1=0.0909 kl=0.010 (36s)
  step 1800/8000 l1=0.0902 kl=0.008 (40s)
  step 2000/8000 l1=0.0865 kl=0.008 (45s)
  step 2200/8000 l1=0.0866 kl=0.007 (49s)
  step 2400/8000 l1=0.0858 kl=0.006 (53s)
  step 2600/8000 l1=0.0847 kl=0.006 (58s)
  step 2800/8000 l1=0.0834 kl=0.005 (62s)
  step 3000/8000 l1=0.0829 kl=0.006 (67s)
  step 3200/8000 l1=0.0792 kl=0.005 (71s)
  step 3400/8000 l1=0.0795 kl=0.006 (76s)
  step 3600/8000 l1=0.0783 kl=0.005 (80s)
  step 3800/8000 l1=0.0791 kl=0.005 (85s)
  step 4000/8000 l1=0.0758 kl=0.005 (89s)
  step 4200/8000 l1=0.0769 kl=0.005 (94s)
  step 4400/8000 l1=0.0749 kl=0.005 (98s)
  step 4600/8000 l1=0.0756 kl=0.005 (102s)
  step 4800/8000 l1=0.0741 kl=0.006 (107s)
  step 5000/8000 l1=0.0740 kl=0.005 (111s)
  step 5200/8000 l1=0.0724 kl=0.005 (116s)
  step 5400/8000 l1=0.0730 kl=0.004 (120s)
  step 5600/8000 l1=0.0705 kl=0.005 (125s)
  step 5800/8000 l1=0.0719 kl=0.004 (129s)
  step 6000/8000 l1=0.0695 kl=0.004 (134s)
  step 6200/8000 l1=0.0696 kl=0.003 (138s)
  step 6400/8000 l1=0.0713 kl=0.004 (142s)
  step 6600/8000 l1=0.0698 kl=0.003 (147s)
  step 6800/8000 l1=0.0701 kl=0.005 (151s)
  step 7000/8000 l1=0.0669 kl=0.003 (156s)
  step 7200/8000 l1=0.0681 kl=0.004 (160s)
  step 7400/8000 l1=0.0689 kl=0.004 (165s)
  step 7600/8000 l1=0.0674 kl=0.003 (169s)
  step 7800/8000 l1=0.0669 kl=0.004 (174s)
  step 8000/8000 l1=0.0659 kl=0.003 (178s)
=== train n=80 -> /home/asmr/workspace/habitvla2/checkpoints/rgb_only_rerun/batch/libero_goal_task6/act_n80.pt ===
warm-start from /home/asmr/workspace/habitvla2/checkpoints/rgb_only_rerun/batch/libero_goal_task6/act_n40.pt
  step 200/10000 l1=0.1449 kl=0.003 (5s)
  step 400/10000 l1=0.1296 kl=0.003 (9s)
  step 600/10000 l1=0.1226 kl=0.003 (13s)
  step 800/10000 l1=0.1133 kl=0.003 (18s)
  step 1000/10000 l1=0.1066 kl=0.003 (22s)
  step 1200/10000 l1=0.1009 kl=0.003 (27s)
  step 1400/10000 l1=0.0976 kl=0.003 (31s)
  step 1600/10000 l1=0.0945 kl=0.003 (36s)
  step 1800/10000 l1=0.0925 kl=0.003 (40s)
  step 2000/10000 l1=0.0900 kl=0.003 (45s)
  step 2200/10000 l1=0.0869 kl=0.002 (49s)
  step 2400/10000 l1=0.0843 kl=0.003 (54s)
  step 2600/10000 l1=0.0822 kl=0.003 (58s)
  step 2800/10000 l1=0.0794 kl=0.002 (62s)
  step 3000/10000 l1=0.0797 kl=0.002 (67s)
  step 3200/10000 l1=0.0797 kl=0.003 (71s)
  step 3400/10000 l1=0.0778 kl=0.002 (76s)
  step 3600/10000 l1=0.0771 kl=0.002 (80s)
  step 3800/10000 l1=0.0771 kl=0.002 (85s)
  step 4000/10000 l1=0.0768 kl=0.002 (89s)
  step 4200/10000 l1=0.0720 kl=0.002 (94s)
  step 4400/10000 l1=0.0739 kl=0.002 (98s)
  step 4600/10000 l1=0.0744 kl=0.002 (102s)
  step 4800/10000 l1=0.0743 kl=0.002 (107s)
  step 5000/10000 l1=0.0724 kl=0.002 (111s)
  step 5200/10000 l1=0.0733 kl=0.002 (116s)
  step 5400/10000 l1=0.0700 kl=0.001 (120s)
  step 5600/10000 l1=0.0691 kl=0.002 (125s)
  step 5800/10000 l1=0.0702 kl=0.002 (129s)
  step 6000/10000 l1=0.0703 kl=0.002 (134s)
  step 6200/10000 l1=0.0690 kl=0.002 (138s)
  step 6400/10000 l1=0.0691 kl=0.002 (143s)
  step 6600/10000 l1=0.0683 kl=0.002 (147s)
  step 6800/10000 l1=0.0674 kl=0.002 (151s)
  step 7000/10000 l1=0.0674 kl=0.002 (156s)
  step 7200/10000 l1=0.0659 kl=0.002 (160s)
  step 7400/10000 l1=0.0663 kl=0.002 (165s)
  step 7600/10000 l1=0.0662 kl=0.001 (169s)
  step 7800/10000 l1=0.0662 kl=0.001 (174s)
  step 8000/10000 l1=0.0670 kl=0.001 (178s)
  step 8200/10000 l1=0.0643 kl=0.001 (183s)
  step 8400/10000 l1=0.0651 kl=0.001 (187s)
  step 8600/10000 l1=0.0658 kl=0.001 (192s)
  step 8800/10000 l1=0.0645 kl=0.001 (196s)
  step 9000/10000 l1=0.0645 kl=0.002 (201s)
  step 9200/10000 l1=0.0656 kl=0.001 (205s)
  step 9400/10000 l1=0.0652 kl=0.001 (209s)
  step 9600/10000 l1=0.0644 kl=0.001 (214s)
  step 9800/10000 l1=0.0627 kl=0.001 (218s)
  step 10000/10000 l1=0.0667 kl=0.001 (223s)
[TRAIN-PASS] cluster=libero_goal_task6 grid=[10, 20, 40, 80] depth=False
