
===== batch_train_libero_object_task7 attempt=0 start=2026-08-29 00:52:00 =====
/home/asmr/miniconda3/envs/hv2_hab/bin/python -u habits/train.py --h5 /home/asmr/workspace/habitvla2/data/e3/libero_object_task7.hdf5 --cluster libero_object_task7 --n-grid 10 20 40 80 --out /home/asmr/workspace/habitvla2/checkpoints/rgb_only_rerun/batch --no-depth
cluster=libero_object_task7 success episodes=116
=== train n=10 -> /home/asmr/workspace/habitvla2/checkpoints/rgb_only_rerun/batch/libero_object_task7/act_n10.pt ===
  step 200/4000 l1=0.4196 kl=0.253 (5s)
  step 400/4000 l1=0.2855 kl=0.219 (9s)
  step 600/4000 l1=0.2484 kl=0.190 (14s)
  step 800/4000 l1=0.2275 kl=0.176 (18s)
  step 1000/4000 l1=0.2101 kl=0.185 (23s)
  step 1200/4000 l1=0.1953 kl=0.148 (27s)
  step 1400/4000 l1=0.1858 kl=0.171 (32s)
  step 1600/4000 l1=0.1722 kl=0.125 (36s)
  step 1800/4000 l1=0.1664 kl=0.109 (41s)
  step 2000/4000 l1=0.1595 kl=0.102 (45s)
  step 2200/4000 l1=0.1555 kl=0.087 (49s)
  step 2400/4000 l1=0.1459 kl=0.086 (54s)
  step 2600/4000 l1=0.1394 kl=0.078 (58s)
  step 2800/4000 l1=0.1342 kl=0.073 (63s)
  step 3000/4000 l1=0.1281 kl=0.061 (67s)
  step 3200/4000 l1=0.1270 kl=0.058 (72s)
  step 3400/4000 l1=0.1222 kl=0.045 (76s)
  step 3600/4000 l1=0.1238 kl=0.044 (81s)
  step 3800/4000 l1=0.1187 kl=0.042 (85s)
  step 4000/4000 l1=0.1144 kl=0.044 (89s)
=== train n=20 -> /home/asmr/workspace/habitvla2/checkpoints/rgb_only_rerun/batch/libero_object_task7/act_n20.pt ===
warm-start from /home/asmr/workspace/habitvla2/checkpoints/rgb_only_rerun/batch/libero_object_task7/act_n10.pt
  step 200/6000 l1=0.1913 kl=0.032 (5s)
  step 400/6000 l1=0.1531 kl=0.033 (9s)
  step 600/6000 l1=0.1386 kl=0.028 (13s)
  step 800/6000 l1=0.1294 kl=0.026 (18s)
  step 1000/6000 l1=0.1214 kl=0.025 (22s)
  step 1200/6000 l1=0.1181 kl=0.026 (27s)
  step 1400/6000 l1=0.1127 kl=0.020 (31s)
  step 1600/6000 l1=0.1135 kl=0.019 (36s)
  step 1800/6000 l1=0.1099 kl=0.021 (40s)
  step 2000/6000 l1=0.1099 kl=0.018 (45s)
  step 2200/6000 l1=0.1091 kl=0.016 (49s)
  step 2400/6000 l1=0.1037 kl=0.018 (54s)
  step 2600/6000 l1=0.0996 kl=0.016 (58s)
  step 2800/6000 l1=0.1042 kl=0.015 (63s)
  step 3000/6000 l1=0.0984 kl=0.014 (67s)
  step 3200/6000 l1=0.0974 kl=0.012 (72s)
  step 3400/6000 l1=0.0955 kl=0.014 (76s)
  step 3600/6000 l1=0.0981 kl=0.016 (80s)
  step 3800/6000 l1=0.0935 kl=0.014 (85s)
  step 4000/6000 l1=0.0927 kl=0.014 (89s)
  step 4200/6000 l1=0.0932 kl=0.014 (94s)
  step 4400/6000 l1=0.0893 kl=0.010 (98s)
  step 4600/6000 l1=0.0912 kl=0.011 (103s)
  step 4800/6000 l1=0.0903 kl=0.010 (107s)
  step 5000/6000 l1=0.0850 kl=0.012 (112s)
  step 5200/6000 l1=0.0867 kl=0.011 (116s)
  step 5400/6000 l1=0.0861 kl=0.009 (121s)
  step 5600/6000 l1=0.0827 kl=0.008 (125s)
  step 5800/6000 l1=0.0837 kl=0.009 (130s)
  step 6000/6000 l1=0.0843 kl=0.008 (134s)
=== train n=40 -> /home/asmr/workspace/habitvla2/checkpoints/rgb_only_rerun/batch/libero_object_task7/act_n40.pt ===
warm-start from /home/asmr/workspace/habitvla2/checkpoints/rgb_only_rerun/batch/libero_object_task7/act_n20.pt
  step 200/8000 l1=0.2087 kl=0.008 (5s)
  step 400/8000 l1=0.1729 kl=0.008 (9s)
  step 600/8000 l1=0.1539 kl=0.008 (13s)
  step 800/8000 l1=0.1386 kl=0.008 (18s)
  step 1000/8000 l1=0.1266 kl=0.010 (22s)
  step 1200/8000 l1=0.1213 kl=0.007 (27s)
  step 1400/8000 l1=0.1133 kl=0.011 (31s)
  step 1600/8000 l1=0.1120 kl=0.006 (36s)
  step 1800/8000 l1=0.1091 kl=0.006 (40s)
  step 2000/8000 l1=0.1016 kl=0.010 (45s)
  step 2200/8000 l1=0.1010 kl=0.005 (49s)
  step 2400/8000 l1=0.0988 kl=0.006 (54s)
  step 2600/8000 l1=0.0993 kl=0.007 (58s)
  step 2800/8000 l1=0.0934 kl=0.007 (63s)
  step 3000/8000 l1=0.0923 kl=0.006 (67s)
  step 3200/8000 l1=0.0931 kl=0.006 (71s)
  step 3400/8000 l1=0.0903 kl=0.005 (76s)
  step 3600/8000 l1=0.0895 kl=0.006 (80s)
  step 3800/8000 l1=0.0893 kl=0.005 (85s)
  step 4000/8000 l1=0.0877 kl=0.005 (89s)
  step 4200/8000 l1=0.0864 kl=0.005 (94s)
  step 4400/8000 l1=0.0869 kl=0.004 (98s)
  step 4600/8000 l1=0.0857 kl=0.005 (103s)
  step 4800/8000 l1=0.0856 kl=0.005 (107s)
  step 5000/8000 l1=0.0837 kl=0.005 (112s)
  step 5200/8000 l1=0.0842 kl=0.004 (116s)
  step 5400/8000 l1=0.0823 kl=0.004 (121s)
  step 5600/8000 l1=0.0825 kl=0.004 (125s)
  step 5800/8000 l1=0.0817 kl=0.003 (130s)
  step 6000/8000 l1=0.0788 kl=0.003 (134s)
  step 6200/8000 l1=0.0798 kl=0.004 (138s)
  step 6400/8000 l1=0.0788 kl=0.005 (143s)
  step 6600/8000 l1=0.0782 kl=0.004 (147s)
  step 6800/8000 l1=0.0779 kl=0.004 (152s)
  step 7000/8000 l1=0.0782 kl=0.004 (156s)
  step 7200/8000 l1=0.0773 kl=0.004 (161s)
  step 7400/8000 l1=0.0782 kl=0.004 (165s)
  step 7600/8000 l1=0.0769 kl=0.003 (170s)
  step 7800/8000 l1=0.0757 kl=0.003 (174s)
  step 8000/8000 l1=0.0755 kl=0.003 (179s)
=== train n=80 -> /home/asmr/workspace/habitvla2/checkpoints/rgb_only_rerun/batch/libero_object_task7/act_n80.pt ===
warm-start from /home/asmr/workspace/habitvla2/checkpoints/rgb_only_rerun/batch/libero_object_task7/act_n40.pt
  step 200/10000 l1=0.1678 kl=0.003 (4s)
  step 400/10000 l1=0.1472 kl=0.003 (9s)
  step 600/10000 l1=0.1380 kl=0.003 (13s)
  step 800/10000 l1=0.1304 kl=0.003 (18s)
  step 1000/10000 l1=0.1227 kl=0.003 (22s)
  step 1200/10000 l1=0.1180 kl=0.002 (27s)
  step 1400/10000 l1=0.1112 kl=0.003 (31s)
  step 1600/10000 l1=0.1066 kl=0.003 (36s)
  step 1800/10000 l1=0.1033 kl=0.003 (40s)
  step 2000/10000 l1=0.0980 kl=0.003 (45s)
  step 2200/10000 l1=0.0994 kl=0.003 (49s)
  step 2400/10000 l1=0.0945 kl=0.002 (54s)
  step 2600/10000 l1=0.0912 kl=0.003 (58s)
  step 2800/10000 l1=0.0917 kl=0.003 (62s)
  step 3000/10000 l1=0.0894 kl=0.002 (67s)
  step 3200/10000 l1=0.0900 kl=0.002 (71s)
  step 3400/10000 l1=0.0882 kl=0.003 (76s)
  step 3600/10000 l1=0.0863 kl=0.002 (80s)
  step 3800/10000 l1=0.0845 kl=0.002 (85s)
  step 4000/10000 l1=0.0835 kl=0.002 (89s)
  step 4200/10000 l1=0.0835 kl=0.002 (94s)
  step 4400/10000 l1=0.0809 kl=0.002 (98s)
  step 4600/10000 l1=0.0816 kl=0.002 (103s)
  step 4800/10000 l1=0.0807 kl=0.002 (107s)
  step 5000/10000 l1=0.0825 kl=0.002 (111s)
  step 5200/10000 l1=0.0793 kl=0.002 (116s)
  step 5400/10000 l1=0.0806 kl=0.002 (120s)
  step 5600/10000 l1=0.0808 kl=0.002 (125s)
  step 5800/10000 l1=0.0774 kl=0.002 (129s)
  step 6000/10000 l1=0.0783 kl=0.002 (134s)
  step 6200/10000 l1=0.0784 kl=0.002 (138s)
  step 6400/10000 l1=0.0772 kl=0.002 (143s)
  step 6600/10000 l1=0.0769 kl=0.002 (147s)
  step 6800/10000 l1=0.0748 kl=0.002 (151s)
  step 7000/10000 l1=0.0748 kl=0.002 (156s)
  step 7200/10000 l1=0.0752 kl=0.002 (160s)
  step 7400/10000 l1=0.0757 kl=0.002 (165s)
  step 7600/10000 l1=0.0734 kl=0.001 (169s)
  step 7800/10000 l1=0.0758 kl=0.002 (174s)
  step 8000/10000 l1=0.0728 kl=0.003 (178s)
  step 8200/10000 l1=0.0738 kl=0.001 (183s)
  step 8400/10000 l1=0.0721 kl=0.001 (187s)
  step 8600/10000 l1=0.0724 kl=0.001 (192s)
  step 8800/10000 l1=0.0721 kl=0.001 (196s)
  step 9000/10000 l1=0.0728 kl=0.001 (201s)
  step 9200/10000 l1=0.0708 kl=0.001 (205s)
  step 9400/10000 l1=0.0717 kl=0.001 (209s)
  step 9600/10000 l1=0.0707 kl=0.001 (214s)
  step 9800/10000 l1=0.0712 kl=0.001 (218s)
  step 10000/10000 l1=0.0692 kl=0.001 (223s)
[TRAIN-PASS] cluster=libero_object_task7 grid=[10, 20, 40, 80] depth=False
