
===== batch_train_chained_libero_object_task5 attempt=0 start=2026-08-29 05:24:31 =====
/home/asmr/miniconda3/envs/hv2_hab/bin/python -u habits/train.py --h5 /home/asmr/workspace/habitvla2/data/e3/chained_libero_object_task5.hdf5 --cluster chained_libero_object_task5 --n-grid 10 20 40 80 --out /home/asmr/workspace/habitvla2/checkpoints/rgb_only_rerun/batch --no-depth
cluster=chained_libero_object_task5 success episodes=108
=== train n=10 -> /home/asmr/workspace/habitvla2/checkpoints/rgb_only_rerun/batch/chained_libero_object_task5/act_n10.pt ===
  step 200/4000 l1=0.4566 kl=0.241 (5s)
  step 400/4000 l1=0.3208 kl=0.203 (9s)
  step 600/4000 l1=0.2831 kl=0.183 (14s)
  step 800/4000 l1=0.2641 kl=0.202 (18s)
  step 1000/4000 l1=0.2349 kl=0.177 (23s)
  step 1200/4000 l1=0.2140 kl=0.147 (27s)
  step 1400/4000 l1=0.1996 kl=0.142 (31s)
  step 1600/4000 l1=0.1897 kl=0.136 (36s)
  step 1800/4000 l1=0.1784 kl=0.122 (40s)
  step 2000/4000 l1=0.1740 kl=0.094 (45s)
  step 2200/4000 l1=0.1691 kl=0.096 (49s)
  step 2400/4000 l1=0.1620 kl=0.081 (54s)
  step 2600/4000 l1=0.1513 kl=0.072 (58s)
  step 2800/4000 l1=0.1557 kl=0.077 (62s)
  step 3000/4000 l1=0.1461 kl=0.061 (67s)
  step 3200/4000 l1=0.1433 kl=0.057 (71s)
  step 3400/4000 l1=0.1389 kl=0.050 (76s)
  step 3600/4000 l1=0.1394 kl=0.044 (80s)
  step 3800/4000 l1=0.1328 kl=0.043 (85s)
  step 4000/4000 l1=0.1304 kl=0.042 (89s)
=== train n=20 -> /home/asmr/workspace/habitvla2/checkpoints/rgb_only_rerun/batch/chained_libero_object_task5/act_n20.pt ===
warm-start from /home/asmr/workspace/habitvla2/checkpoints/rgb_only_rerun/batch/chained_libero_object_task5/act_n10.pt
  step 200/6000 l1=0.1895 kl=0.031 (5s)
  step 400/6000 l1=0.1686 kl=0.032 (9s)
  step 600/6000 l1=0.1543 kl=0.027 (13s)
  step 800/6000 l1=0.1471 kl=0.027 (18s)
  step 1000/6000 l1=0.1395 kl=0.029 (22s)
  step 1200/6000 l1=0.1321 kl=0.027 (27s)
  step 1400/6000 l1=0.1308 kl=0.028 (31s)
  step 1600/6000 l1=0.1284 kl=0.019 (36s)
  step 1800/6000 l1=0.1241 kl=0.019 (40s)
  step 2000/6000 l1=0.1222 kl=0.023 (45s)
  step 2200/6000 l1=0.1218 kl=0.017 (49s)
  step 2400/6000 l1=0.1191 kl=0.018 (53s)
  step 2600/6000 l1=0.1156 kl=0.020 (58s)
  step 2800/6000 l1=0.1133 kl=0.018 (62s)
  step 3000/6000 l1=0.1105 kl=0.015 (67s)
  step 3200/6000 l1=0.1112 kl=0.013 (71s)
  step 3400/6000 l1=0.1093 kl=0.013 (76s)
  step 3600/6000 l1=0.1072 kl=0.016 (80s)
  step 3800/6000 l1=0.1064 kl=0.013 (85s)
  step 4000/6000 l1=0.1037 kl=0.012 (89s)
  step 4200/6000 l1=0.1043 kl=0.012 (94s)
  step 4400/6000 l1=0.1003 kl=0.012 (98s)
  step 4600/6000 l1=0.1001 kl=0.010 (103s)
  step 4800/6000 l1=0.0987 kl=0.011 (107s)
  step 5000/6000 l1=0.0961 kl=0.009 (112s)
  step 5200/6000 l1=0.0956 kl=0.008 (116s)
  step 5400/6000 l1=0.0953 kl=0.010 (121s)
  step 5600/6000 l1=0.0923 kl=0.009 (125s)
  step 5800/6000 l1=0.0937 kl=0.010 (130s)
  step 6000/6000 l1=0.0922 kl=0.008 (134s)
=== train n=40 -> /home/asmr/workspace/habitvla2/checkpoints/rgb_only_rerun/batch/chained_libero_object_task5/act_n40.pt ===
warm-start from /home/asmr/workspace/habitvla2/checkpoints/rgb_only_rerun/batch/chained_libero_object_task5/act_n20.pt
  step 200/8000 l1=0.1658 kl=0.009 (5s)
  step 400/8000 l1=0.1479 kl=0.008 (9s)
  step 600/8000 l1=0.1409 kl=0.009 (14s)
  step 800/8000 l1=0.1307 kl=0.010 (18s)
  step 1000/8000 l1=0.1260 kl=0.008 (22s)
  step 1200/8000 l1=0.1236 kl=0.007 (27s)
  step 1400/8000 l1=0.1147 kl=0.007 (31s)
  step 1600/8000 l1=0.1124 kl=0.007 (36s)
  step 1800/8000 l1=0.1098 kl=0.007 (40s)
  step 2000/8000 l1=0.1054 kl=0.006 (45s)
  step 2200/8000 l1=0.1063 kl=0.007 (49s)
  step 2400/8000 l1=0.1028 kl=0.005 (54s)
  step 2600/8000 l1=0.1048 kl=0.007 (58s)
  step 2800/8000 l1=0.0997 kl=0.007 (63s)
  step 3000/8000 l1=0.0999 kl=0.004 (67s)
  step 3200/8000 l1=0.1004 kl=0.007 (72s)
  step 3400/8000 l1=0.0971 kl=0.005 (76s)
  step 3600/8000 l1=0.0946 kl=0.005 (81s)
  step 3800/8000 l1=0.0930 kl=0.005 (85s)
  step 4000/8000 l1=0.0911 kl=0.005 (90s)
  step 4200/8000 l1=0.0920 kl=0.004 (94s)
  step 4400/8000 l1=0.0910 kl=0.006 (99s)
  step 4600/8000 l1=0.0920 kl=0.005 (103s)
  step 4800/8000 l1=0.0886 kl=0.004 (107s)
  step 5000/8000 l1=0.0883 kl=0.004 (112s)
  step 5200/8000 l1=0.0880 kl=0.004 (116s)
  step 5400/8000 l1=0.0869 kl=0.004 (121s)
  step 5600/8000 l1=0.0858 kl=0.003 (125s)
  step 5800/8000 l1=0.0857 kl=0.005 (130s)
  step 6000/8000 l1=0.0854 kl=0.005 (134s)
  step 6200/8000 l1=0.0829 kl=0.005 (139s)
  step 6400/8000 l1=0.0842 kl=0.004 (143s)
  step 6600/8000 l1=0.0830 kl=0.004 (148s)
  step 6800/8000 l1=0.0828 kl=0.006 (152s)
  step 7000/8000 l1=0.0816 kl=0.004 (157s)
  step 7200/8000 l1=0.0807 kl=0.004 (161s)
  step 7400/8000 l1=0.0798 kl=0.004 (166s)
  step 7600/8000 l1=0.0782 kl=0.004 (170s)
  step 7800/8000 l1=0.0801 kl=0.003 (175s)
  step 8000/8000 l1=0.0794 kl=0.003 (179s)
=== train n=80 -> /home/asmr/workspace/habitvla2/checkpoints/rgb_only_rerun/batch/chained_libero_object_task5/act_n80.pt ===
warm-start from /home/asmr/workspace/habitvla2/checkpoints/rgb_only_rerun/batch/chained_libero_object_task5/act_n40.pt
  step 200/10000 l1=0.1448 kl=0.003 (5s)
  step 400/10000 l1=0.1336 kl=0.004 (9s)
  step 600/10000 l1=0.1265 kl=0.004 (13s)
  step 800/10000 l1=0.1231 kl=0.003 (18s)
  step 1000/10000 l1=0.1215 kl=0.003 (22s)
  step 1200/10000 l1=0.1147 kl=0.002 (27s)
  step 1400/10000 l1=0.1162 kl=0.003 (31s)
  step 1600/10000 l1=0.1109 kl=0.003 (36s)
  step 1800/10000 l1=0.1107 kl=0.002 (40s)
  step 2000/10000 l1=0.1073 kl=0.002 (45s)
  step 2200/10000 l1=0.1026 kl=0.003 (49s)
  step 2400/10000 l1=0.1022 kl=0.002 (54s)
  step 2600/10000 l1=0.1004 kl=0.003 (58s)
  step 2800/10000 l1=0.0981 kl=0.002 (63s)
  step 3000/10000 l1=0.0975 kl=0.002 (67s)
  step 3200/10000 l1=0.0983 kl=0.002 (71s)
  step 3400/10000 l1=0.0951 kl=0.002 (76s)
  step 3600/10000 l1=0.0952 kl=0.002 (80s)
  step 3800/10000 l1=0.0933 kl=0.002 (85s)
  step 4000/10000 l1=0.0919 kl=0.002 (89s)
  step 4200/10000 l1=0.0905 kl=0.002 (94s)
  step 4400/10000 l1=0.0896 kl=0.002 (98s)
  step 4600/10000 l1=0.0911 kl=0.002 (103s)
  step 4800/10000 l1=0.0877 kl=0.002 (107s)
  step 5000/10000 l1=0.0882 kl=0.002 (112s)
  step 5200/10000 l1=0.0880 kl=0.002 (116s)
  step 5400/10000 l1=0.0861 kl=0.002 (121s)
  step 5600/10000 l1=0.0865 kl=0.002 (125s)
  step 5800/10000 l1=0.0846 kl=0.001 (130s)
  step 6000/10000 l1=0.0857 kl=0.002 (134s)
  step 6200/10000 l1=0.0880 kl=0.002 (139s)
  step 6400/10000 l1=0.0826 kl=0.002 (143s)
  step 6600/10000 l1=0.0860 kl=0.001 (147s)
  step 6800/10000 l1=0.0815 kl=0.002 (152s)
  step 7000/10000 l1=0.0839 kl=0.002 (156s)
  step 7200/10000 l1=0.0819 kl=0.002 (161s)
  step 7400/10000 l1=0.0816 kl=0.002 (165s)
  step 7600/10000 l1=0.0808 kl=0.002 (170s)
  step 7800/10000 l1=0.0802 kl=0.001 (174s)
  step 8000/10000 l1=0.0813 kl=0.001 (179s)
  step 8200/10000 l1=0.0805 kl=0.001 (183s)
  step 8400/10000 l1=0.0785 kl=0.002 (188s)
  step 8600/10000 l1=0.0785 kl=0.001 (192s)
  step 8800/10000 l1=0.0795 kl=0.002 (197s)
  step 9000/10000 l1=0.0790 kl=0.001 (201s)
  step 9200/10000 l1=0.0777 kl=0.001 (206s)
  step 9400/10000 l1=0.0774 kl=0.001 (210s)
  step 9600/10000 l1=0.0782 kl=0.001 (214s)
  step 9800/10000 l1=0.0753 kl=0.001 (219s)
  step 10000/10000 l1=0.0775 kl=0.001 (223s)
[TRAIN-PASS] cluster=chained_libero_object_task5 grid=[10, 20, 40, 80] depth=False
