
===== batch_train_libero_object_task8 attempt=0 start=2026-08-29 01:05:40 =====
/home/asmr/miniconda3/envs/hv2_hab/bin/python -u habits/train.py --h5 /home/asmr/workspace/habitvla2/data/e3/libero_object_task8.hdf5 --cluster libero_object_task8 --n-grid 10 20 40 80 --out /home/asmr/workspace/habitvla2/checkpoints/rgb_only_rerun/batch --no-depth
cluster=libero_object_task8 success episodes=117
=== train n=10 -> /home/asmr/workspace/habitvla2/checkpoints/rgb_only_rerun/batch/libero_object_task8/act_n10.pt ===
  step 200/4000 l1=0.4694 kl=0.219 (5s)
  step 400/4000 l1=0.3305 kl=0.179 (9s)
  step 600/4000 l1=0.2866 kl=0.208 (14s)
  step 800/4000 l1=0.2644 kl=0.182 (18s)
  step 1000/4000 l1=0.2434 kl=0.136 (23s)
  step 1200/4000 l1=0.2236 kl=0.171 (27s)
  step 1400/4000 l1=0.2130 kl=0.135 (31s)
  step 1600/4000 l1=0.2064 kl=0.141 (36s)
  step 1800/4000 l1=0.1982 kl=0.136 (40s)
  step 2000/4000 l1=0.1874 kl=0.089 (45s)
  step 2200/4000 l1=0.1779 kl=0.081 (49s)
  step 2400/4000 l1=0.1752 kl=0.089 (54s)
  step 2600/4000 l1=0.1631 kl=0.103 (58s)
  step 2800/4000 l1=0.1580 kl=0.070 (62s)
  step 3000/4000 l1=0.1523 kl=0.059 (67s)
  step 3200/4000 l1=0.1477 kl=0.079 (71s)
  step 3400/4000 l1=0.1383 kl=0.048 (76s)
  step 3600/4000 l1=0.1368 kl=0.051 (80s)
  step 3800/4000 l1=0.1350 kl=0.038 (85s)
  step 4000/4000 l1=0.1286 kl=0.045 (89s)
=== train n=20 -> /home/asmr/workspace/habitvla2/checkpoints/rgb_only_rerun/batch/libero_object_task8/act_n20.pt ===
warm-start from /home/asmr/workspace/habitvla2/checkpoints/rgb_only_rerun/batch/libero_object_task8/act_n10.pt
  step 200/6000 l1=0.2188 kl=0.039 (5s)
  step 400/6000 l1=0.1752 kl=0.034 (9s)
  step 600/6000 l1=0.1598 kl=0.029 (13s)
  step 800/6000 l1=0.1492 kl=0.032 (18s)
  step 1000/6000 l1=0.1398 kl=0.028 (22s)
  step 1200/6000 l1=0.1346 kl=0.022 (27s)
  step 1400/6000 l1=0.1321 kl=0.021 (31s)
  step 1600/6000 l1=0.1260 kl=0.025 (36s)
  step 1800/6000 l1=0.1238 kl=0.022 (40s)
  step 2000/6000 l1=0.1229 kl=0.022 (45s)
  step 2200/6000 l1=0.1199 kl=0.021 (49s)
  step 2400/6000 l1=0.1167 kl=0.015 (54s)
  step 2600/6000 l1=0.1177 kl=0.016 (58s)
  step 2800/6000 l1=0.1118 kl=0.016 (63s)
  step 3000/6000 l1=0.1115 kl=0.014 (67s)
  step 3200/6000 l1=0.1090 kl=0.015 (71s)
  step 3400/6000 l1=0.1098 kl=0.013 (76s)
  step 3600/6000 l1=0.1038 kl=0.013 (80s)
  step 3800/6000 l1=0.1057 kl=0.014 (85s)
  step 4000/6000 l1=0.1031 kl=0.012 (89s)
  step 4200/6000 l1=0.1040 kl=0.010 (94s)
  step 4400/6000 l1=0.1017 kl=0.011 (98s)
  step 4600/6000 l1=0.0990 kl=0.012 (103s)
  step 4800/6000 l1=0.0976 kl=0.012 (107s)
  step 5000/6000 l1=0.0962 kl=0.009 (112s)
  step 5200/6000 l1=0.0949 kl=0.011 (116s)
  step 5400/6000 l1=0.0952 kl=0.011 (120s)
  step 5600/6000 l1=0.0941 kl=0.009 (125s)
  step 5800/6000 l1=0.0965 kl=0.009 (129s)
  step 6000/6000 l1=0.0931 kl=0.009 (134s)
=== train n=40 -> /home/asmr/workspace/habitvla2/checkpoints/rgb_only_rerun/batch/libero_object_task8/act_n40.pt ===
warm-start from /home/asmr/workspace/habitvla2/checkpoints/rgb_only_rerun/batch/libero_object_task8/act_n20.pt
  step 200/8000 l1=0.1745 kl=0.007 (5s)
  step 400/8000 l1=0.1513 kl=0.009 (9s)
  step 600/8000 l1=0.1389 kl=0.008 (13s)
  step 800/8000 l1=0.1312 kl=0.007 (18s)
  step 1000/8000 l1=0.1233 kl=0.006 (22s)
  step 1200/8000 l1=0.1184 kl=0.008 (27s)
  step 1400/8000 l1=0.1126 kl=0.006 (31s)
  step 1600/8000 l1=0.1093 kl=0.007 (36s)
  step 1800/8000 l1=0.1071 kl=0.006 (40s)
  step 2000/8000 l1=0.1025 kl=0.007 (45s)
  step 2200/8000 l1=0.1010 kl=0.007 (49s)
  step 2400/8000 l1=0.0997 kl=0.006 (54s)
  step 2600/8000 l1=0.0999 kl=0.007 (58s)
  step 2800/8000 l1=0.0968 kl=0.007 (62s)
  step 3000/8000 l1=0.0946 kl=0.005 (67s)
  step 3200/8000 l1=0.0954 kl=0.006 (71s)
  step 3400/8000 l1=0.0949 kl=0.006 (76s)
  step 3600/8000 l1=0.0924 kl=0.006 (80s)
  step 3800/8000 l1=0.0912 kl=0.004 (85s)
  step 4000/8000 l1=0.0901 kl=0.005 (89s)
  step 4200/8000 l1=0.0888 kl=0.004 (94s)
  step 4400/8000 l1=0.0886 kl=0.004 (98s)
  step 4600/8000 l1=0.0874 kl=0.005 (103s)
  step 4800/8000 l1=0.0871 kl=0.005 (107s)
  step 5000/8000 l1=0.0876 kl=0.006 (111s)
  step 5200/8000 l1=0.0849 kl=0.005 (116s)
  step 5400/8000 l1=0.0868 kl=0.004 (120s)
  step 5600/8000 l1=0.0835 kl=0.006 (125s)
  step 5800/8000 l1=0.0847 kl=0.004 (129s)
  step 6000/8000 l1=0.0824 kl=0.003 (134s)
  step 6200/8000 l1=0.0818 kl=0.005 (138s)
  step 6400/8000 l1=0.0809 kl=0.004 (143s)
  step 6600/8000 l1=0.0812 kl=0.005 (147s)
  step 6800/8000 l1=0.0813 kl=0.003 (152s)
  step 7000/8000 l1=0.0787 kl=0.003 (156s)
  step 7200/8000 l1=0.0792 kl=0.003 (160s)
  step 7400/8000 l1=0.0799 kl=0.003 (165s)
  step 7600/8000 l1=0.0796 kl=0.003 (169s)
  step 7800/8000 l1=0.0767 kl=0.003 (174s)
  step 8000/8000 l1=0.0781 kl=0.003 (178s)
=== train n=80 -> /home/asmr/workspace/habitvla2/checkpoints/rgb_only_rerun/batch/libero_object_task8/act_n80.pt ===
warm-start from /home/asmr/workspace/habitvla2/checkpoints/rgb_only_rerun/batch/libero_object_task8/act_n40.pt
  step 200/10000 l1=0.1822 kl=0.003 (5s)
  step 400/10000 l1=0.1673 kl=0.003 (9s)
  step 600/10000 l1=0.1562 kl=0.003 (13s)
  step 800/10000 l1=0.1445 kl=0.004 (18s)
  step 1000/10000 l1=0.1384 kl=0.003 (22s)
  step 1200/10000 l1=0.1305 kl=0.003 (27s)
  step 1400/10000 l1=0.1274 kl=0.002 (31s)
  step 1600/10000 l1=0.1223 kl=0.003 (35s)
  step 1800/10000 l1=0.1176 kl=0.003 (40s)
  step 2000/10000 l1=0.1116 kl=0.002 (44s)
  step 2200/10000 l1=0.1107 kl=0.002 (49s)
  step 2400/10000 l1=0.1087 kl=0.002 (53s)
  step 2600/10000 l1=0.1054 kl=0.002 (58s)
  step 2800/10000 l1=0.1054 kl=0.002 (62s)
  step 3000/10000 l1=0.1009 kl=0.002 (67s)
  step 3200/10000 l1=0.1006 kl=0.002 (71s)
  step 3400/10000 l1=0.0989 kl=0.002 (76s)
  step 3600/10000 l1=0.0969 kl=0.003 (80s)
  step 3800/10000 l1=0.0954 kl=0.002 (85s)
  step 4000/10000 l1=0.0948 kl=0.002 (89s)
  step 4200/10000 l1=0.0937 kl=0.002 (94s)
  step 4400/10000 l1=0.0933 kl=0.003 (98s)
  step 4600/10000 l1=0.0934 kl=0.002 (103s)
  step 4800/10000 l1=0.0920 kl=0.002 (107s)
  step 5000/10000 l1=0.0899 kl=0.002 (111s)
  step 5200/10000 l1=0.0897 kl=0.002 (116s)
  step 5400/10000 l1=0.0884 kl=0.002 (120s)
  step 5600/10000 l1=0.0903 kl=0.002 (125s)
  step 5800/10000 l1=0.0868 kl=0.002 (129s)
  step 6000/10000 l1=0.0870 kl=0.001 (134s)
  step 6200/10000 l1=0.0863 kl=0.002 (138s)
  step 6400/10000 l1=0.0860 kl=0.001 (143s)
  step 6600/10000 l1=0.0849 kl=0.002 (147s)
  step 6800/10000 l1=0.0841 kl=0.001 (151s)
  step 7000/10000 l1=0.0837 kl=0.002 (156s)
  step 7200/10000 l1=0.0836 kl=0.002 (160s)
  step 7400/10000 l1=0.0827 kl=0.002 (165s)
  step 7600/10000 l1=0.0812 kl=0.001 (169s)
  step 7800/10000 l1=0.0807 kl=0.001 (174s)
  step 8000/10000 l1=0.0827 kl=0.002 (178s)
  step 8200/10000 l1=0.0808 kl=0.001 (183s)
  step 8400/10000 l1=0.0799 kl=0.001 (187s)
  step 8600/10000 l1=0.0805 kl=0.001 (192s)
  step 8800/10000 l1=0.0796 kl=0.001 (196s)
  step 9000/10000 l1=0.0806 kl=0.001 (200s)
  step 9200/10000 l1=0.0807 kl=0.001 (205s)
  step 9400/10000 l1=0.0796 kl=0.001 (209s)
  step 9600/10000 l1=0.0797 kl=0.001 (214s)
  step 9800/10000 l1=0.0801 kl=0.001 (218s)
  step 10000/10000 l1=0.0768 kl=0.001 (223s)
[TRAIN-PASS] cluster=libero_object_task8 grid=[10, 20, 40, 80] depth=False
