
===== batch_train_libero_goal_task2 attempt=0 start=2026-08-29 01:59:52 =====
/home/asmr/miniconda3/envs/hv2_hab/bin/python -u habits/train.py --h5 /home/asmr/workspace/habitvla2/data/e3/libero_goal_task2.hdf5 --cluster libero_goal_task2 --n-grid 10 20 40 80 --out /home/asmr/workspace/habitvla2/checkpoints/rgb_only_rerun/batch --no-depth
cluster=libero_goal_task2 success episodes=119
=== train n=10 -> /home/asmr/workspace/habitvla2/checkpoints/rgb_only_rerun/batch/libero_goal_task2/act_n10.pt ===
  step 200/4000 l1=0.4454 kl=0.286 (5s)
  step 400/4000 l1=0.2977 kl=0.223 (9s)
  step 600/4000 l1=0.2606 kl=0.194 (14s)
  step 800/4000 l1=0.2346 kl=0.153 (18s)
  step 1000/4000 l1=0.2070 kl=0.167 (23s)
  step 1200/4000 l1=0.1911 kl=0.148 (27s)
  step 1400/4000 l1=0.1757 kl=0.124 (32s)
  step 1600/4000 l1=0.1695 kl=0.127 (36s)
  step 1800/4000 l1=0.1562 kl=0.099 (41s)
  step 2000/4000 l1=0.1499 kl=0.111 (45s)
  step 2200/4000 l1=0.1468 kl=0.101 (49s)
  step 2400/4000 l1=0.1387 kl=0.094 (54s)
  step 2600/4000 l1=0.1335 kl=0.087 (58s)
  step 2800/4000 l1=0.1299 kl=0.059 (63s)
  step 3000/4000 l1=0.1262 kl=0.080 (67s)
  step 3200/4000 l1=0.1260 kl=0.059 (72s)
  step 3400/4000 l1=0.1183 kl=0.047 (76s)
  step 3600/4000 l1=0.1126 kl=0.052 (81s)
  step 3800/4000 l1=0.1129 kl=0.040 (85s)
  step 4000/4000 l1=0.1084 kl=0.043 (89s)
=== train n=20 -> /home/asmr/workspace/habitvla2/checkpoints/rgb_only_rerun/batch/libero_goal_task2/act_n20.pt ===
warm-start from /home/asmr/workspace/habitvla2/checkpoints/rgb_only_rerun/batch/libero_goal_task2/act_n10.pt
  step 200/6000 l1=0.1740 kl=0.035 (5s)
  step 400/6000 l1=0.1409 kl=0.034 (9s)
  step 600/6000 l1=0.1228 kl=0.043 (14s)
  step 800/6000 l1=0.1149 kl=0.029 (18s)
  step 1000/6000 l1=0.1128 kl=0.027 (23s)
  step 1200/6000 l1=0.1089 kl=0.026 (27s)
  step 1400/6000 l1=0.1055 kl=0.022 (32s)
  step 1600/6000 l1=0.1045 kl=0.024 (36s)
  step 1800/6000 l1=0.1011 kl=0.020 (40s)
  step 2000/6000 l1=0.0989 kl=0.019 (45s)
  step 2200/6000 l1=0.0995 kl=0.017 (49s)
  step 2400/6000 l1=0.0955 kl=0.018 (54s)
  step 2600/6000 l1=0.0938 kl=0.016 (58s)
  step 2800/6000 l1=0.0931 kl=0.016 (63s)
  step 3000/6000 l1=0.0902 kl=0.014 (67s)
  step 3200/6000 l1=0.0893 kl=0.013 (72s)
  step 3400/6000 l1=0.0884 kl=0.014 (76s)
  step 3600/6000 l1=0.0890 kl=0.010 (81s)
  step 3800/6000 l1=0.0875 kl=0.012 (85s)
  step 4000/6000 l1=0.0869 kl=0.012 (90s)
  step 4200/6000 l1=0.0845 kl=0.016 (94s)
  step 4400/6000 l1=0.0826 kl=0.010 (99s)
  step 4600/6000 l1=0.0821 kl=0.010 (103s)
  step 4800/6000 l1=0.0814 kl=0.007 (108s)
  step 5000/6000 l1=0.0787 kl=0.008 (112s)
  step 5200/6000 l1=0.0812 kl=0.009 (117s)
  step 5400/6000 l1=0.0756 kl=0.010 (121s)
  step 5600/6000 l1=0.0777 kl=0.010 (126s)
  step 5800/6000 l1=0.0750 kl=0.008 (130s)
  step 6000/6000 l1=0.0761 kl=0.007 (135s)
=== train n=40 -> /home/asmr/workspace/habitvla2/checkpoints/rgb_only_rerun/batch/libero_goal_task2/act_n40.pt ===
warm-start from /home/asmr/workspace/habitvla2/checkpoints/rgb_only_rerun/batch/libero_goal_task2/act_n20.pt
  step 200/8000 l1=0.1548 kl=0.007 (5s)
  step 400/8000 l1=0.1255 kl=0.008 (9s)
  step 600/8000 l1=0.1101 kl=0.008 (14s)
  step 800/8000 l1=0.0995 kl=0.007 (18s)
  step 1000/8000 l1=0.0962 kl=0.009 (22s)
  step 1200/8000 l1=0.0935 kl=0.008 (27s)
  step 1400/8000 l1=0.0902 kl=0.009 (31s)
  step 1600/8000 l1=0.0863 kl=0.006 (36s)
  step 1800/8000 l1=0.0847 kl=0.007 (40s)
  step 2000/8000 l1=0.0847 kl=0.007 (45s)
  step 2200/8000 l1=0.0827 kl=0.007 (49s)
  step 2400/8000 l1=0.0791 kl=0.007 (54s)
  step 2600/8000 l1=0.0784 kl=0.007 (58s)
  step 2800/8000 l1=0.0767 kl=0.006 (63s)
  step 3000/8000 l1=0.0778 kl=0.006 (67s)
  step 3200/8000 l1=0.0763 kl=0.006 (71s)
  step 3400/8000 l1=0.0757 kl=0.005 (76s)
  step 3600/8000 l1=0.0739 kl=0.005 (80s)
  step 3800/8000 l1=0.0731 kl=0.006 (85s)
  step 4000/8000 l1=0.0751 kl=0.005 (89s)
  step 4200/8000 l1=0.0738 kl=0.004 (94s)
  step 4400/8000 l1=0.0737 kl=0.004 (98s)
  step 4600/8000 l1=0.0721 kl=0.005 (103s)
  step 4800/8000 l1=0.0705 kl=0.006 (107s)
  step 5000/8000 l1=0.0709 kl=0.004 (111s)
  step 5200/8000 l1=0.0688 kl=0.004 (116s)
  step 5400/8000 l1=0.0672 kl=0.005 (120s)
  step 5600/8000 l1=0.0685 kl=0.005 (125s)
  step 5800/8000 l1=0.0685 kl=0.005 (129s)
  step 6000/8000 l1=0.0678 kl=0.004 (134s)
  step 6200/8000 l1=0.0680 kl=0.004 (138s)
  step 6400/8000 l1=0.0647 kl=0.005 (143s)
  step 6600/8000 l1=0.0669 kl=0.004 (147s)
  step 6800/8000 l1=0.0643 kl=0.004 (152s)
  step 7000/8000 l1=0.0652 kl=0.004 (156s)
  step 7200/8000 l1=0.0640 kl=0.004 (161s)
  step 7400/8000 l1=0.0639 kl=0.003 (165s)
  step 7600/8000 l1=0.0636 kl=0.004 (169s)
  step 7800/8000 l1=0.0631 kl=0.003 (174s)
  step 8000/8000 l1=0.0640 kl=0.003 (178s)
=== train n=80 -> /home/asmr/workspace/habitvla2/checkpoints/rgb_only_rerun/batch/libero_goal_task2/act_n80.pt ===
warm-start from /home/asmr/workspace/habitvla2/checkpoints/rgb_only_rerun/batch/libero_goal_task2/act_n40.pt
  step 200/10000 l1=0.1307 kl=0.003 (5s)
  step 400/10000 l1=0.1192 kl=0.003 (9s)
  step 600/10000 l1=0.1095 kl=0.003 (13s)
  step 800/10000 l1=0.1018 kl=0.003 (18s)
  step 1000/10000 l1=0.0943 kl=0.003 (22s)
  step 1200/10000 l1=0.0900 kl=0.004 (27s)
  step 1400/10000 l1=0.0866 kl=0.003 (31s)
  step 1600/10000 l1=0.0853 kl=0.003 (36s)
  step 1800/10000 l1=0.0803 kl=0.003 (40s)
  step 2000/10000 l1=0.0785 kl=0.003 (44s)
  step 2200/10000 l1=0.0773 kl=0.003 (49s)
  step 2400/10000 l1=0.0751 kl=0.003 (53s)
  step 2600/10000 l1=0.0741 kl=0.003 (58s)
  step 2800/10000 l1=0.0730 kl=0.002 (62s)
  step 3000/10000 l1=0.0739 kl=0.002 (67s)
  step 3200/10000 l1=0.0718 kl=0.002 (71s)
  step 3400/10000 l1=0.0711 kl=0.003 (76s)
  step 3600/10000 l1=0.0692 kl=0.003 (80s)
  step 3800/10000 l1=0.0697 kl=0.002 (85s)
  step 4000/10000 l1=0.0680 kl=0.002 (89s)
  step 4200/10000 l1=0.0687 kl=0.002 (93s)
  step 4400/10000 l1=0.0669 kl=0.002 (98s)
  step 4600/10000 l1=0.0667 kl=0.003 (102s)
  step 4800/10000 l1=0.0675 kl=0.002 (107s)
  step 5000/10000 l1=0.0661 kl=0.002 (111s)
  step 5200/10000 l1=0.0655 kl=0.002 (116s)
  step 5400/10000 l1=0.0669 kl=0.002 (120s)
  step 5600/10000 l1=0.0643 kl=0.002 (125s)
  step 5800/10000 l1=0.0627 kl=0.002 (129s)
  step 6000/10000 l1=0.0669 kl=0.002 (134s)
  step 6200/10000 l1=0.0650 kl=0.002 (138s)
  step 6400/10000 l1=0.0637 kl=0.002 (143s)
  step 6600/10000 l1=0.0634 kl=0.002 (147s)
  step 6800/10000 l1=0.0614 kl=0.001 (151s)
  step 7000/10000 l1=0.0621 kl=0.002 (156s)
  step 7200/10000 l1=0.0635 kl=0.001 (160s)
  step 7400/10000 l1=0.0633 kl=0.001 (165s)
  step 7600/10000 l1=0.0610 kl=0.001 (169s)
  step 7800/10000 l1=0.0614 kl=0.001 (174s)
  step 8000/10000 l1=0.0600 kl=0.002 (178s)
  step 8200/10000 l1=0.0627 kl=0.001 (183s)
  step 8400/10000 l1=0.0607 kl=0.001 (187s)
  step 8600/10000 l1=0.0601 kl=0.001 (192s)
  step 8800/10000 l1=0.0589 kl=0.001 (196s)
  step 9000/10000 l1=0.0591 kl=0.001 (200s)
  step 9200/10000 l1=0.0589 kl=0.001 (205s)
  step 9400/10000 l1=0.0589 kl=0.001 (209s)
  step 9600/10000 l1=0.0603 kl=0.001 (214s)
  step 9800/10000 l1=0.0599 kl=0.001 (218s)
  step 10000/10000 l1=0.0582 kl=0.001 (223s)
[TRAIN-PASS] cluster=libero_goal_task2 grid=[10, 20, 40, 80] depth=False
