
===== batch_train_libero_goal_task9 attempt=0 start=2026-08-29 03:33:01 =====
/home/asmr/miniconda3/envs/hv2_hab/bin/python -u habits/train.py --h5 /home/asmr/workspace/habitvla2/data/e3/libero_goal_task9.hdf5 --cluster libero_goal_task9 --n-grid 10 20 40 80 --out /home/asmr/workspace/habitvla2/checkpoints/rgb_only_rerun/batch --no-depth
cluster=libero_goal_task9 success episodes=119
=== train n=10 -> /home/asmr/workspace/habitvla2/checkpoints/rgb_only_rerun/batch/libero_goal_task9/act_n10.pt ===
  step 200/4000 l1=0.3707 kl=0.257 (5s)
  step 400/4000 l1=0.2502 kl=0.223 (9s)
  step 600/4000 l1=0.2258 kl=0.166 (14s)
  step 800/4000 l1=0.2076 kl=0.172 (18s)
  step 1000/4000 l1=0.1899 kl=0.161 (23s)
  step 1200/4000 l1=0.1721 kl=0.164 (27s)
  step 1400/4000 l1=0.1618 kl=0.146 (32s)
  step 1600/4000 l1=0.1564 kl=0.127 (36s)
  step 1800/4000 l1=0.1470 kl=0.120 (40s)
  step 2000/4000 l1=0.1387 kl=0.124 (45s)
  step 2200/4000 l1=0.1324 kl=0.083 (49s)
  step 2400/4000 l1=0.1265 kl=0.080 (54s)
  step 2600/4000 l1=0.1229 kl=0.084 (58s)
  step 2800/4000 l1=0.1226 kl=0.076 (63s)
  step 3000/4000 l1=0.1135 kl=0.063 (67s)
  step 3200/4000 l1=0.1104 kl=0.055 (72s)
  step 3400/4000 l1=0.1083 kl=0.048 (76s)
  step 3600/4000 l1=0.1090 kl=0.047 (80s)
  step 3800/4000 l1=0.1041 kl=0.046 (85s)
  step 4000/4000 l1=0.1006 kl=0.042 (89s)
=== train n=20 -> /home/asmr/workspace/habitvla2/checkpoints/rgb_only_rerun/batch/libero_goal_task9/act_n20.pt ===
warm-start from /home/asmr/workspace/habitvla2/checkpoints/rgb_only_rerun/batch/libero_goal_task9/act_n10.pt
  step 200/6000 l1=0.1508 kl=0.036 (5s)
  step 400/6000 l1=0.1246 kl=0.027 (9s)
  step 600/6000 l1=0.1132 kl=0.030 (13s)
  step 800/6000 l1=0.1066 kl=0.024 (18s)
  step 1000/6000 l1=0.1014 kl=0.022 (22s)
  step 1200/6000 l1=0.0987 kl=0.024 (27s)
  step 1400/6000 l1=0.0956 kl=0.021 (31s)
  step 1600/6000 l1=0.0913 kl=0.021 (36s)
  step 1800/6000 l1=0.0912 kl=0.019 (40s)
  step 2000/6000 l1=0.0909 kl=0.019 (45s)
  step 2200/6000 l1=0.0888 kl=0.018 (49s)
  step 2400/6000 l1=0.0845 kl=0.017 (54s)
  step 2600/6000 l1=0.0848 kl=0.016 (58s)
  step 2800/6000 l1=0.0847 kl=0.016 (63s)
  step 3000/6000 l1=0.0803 kl=0.016 (67s)
  step 3200/6000 l1=0.0783 kl=0.013 (72s)
  step 3400/6000 l1=0.0800 kl=0.013 (76s)
  step 3600/6000 l1=0.0784 kl=0.014 (80s)
  step 3800/6000 l1=0.0777 kl=0.013 (85s)
  step 4000/6000 l1=0.0754 kl=0.011 (89s)
  step 4200/6000 l1=0.0740 kl=0.011 (94s)
  step 4400/6000 l1=0.0736 kl=0.010 (98s)
  step 4600/6000 l1=0.0729 kl=0.012 (103s)
  step 4800/6000 l1=0.0726 kl=0.010 (107s)
  step 5000/6000 l1=0.0705 kl=0.010 (112s)
  step 5200/6000 l1=0.0720 kl=0.009 (116s)
  step 5400/6000 l1=0.0693 kl=0.011 (121s)
  step 5600/6000 l1=0.0699 kl=0.009 (125s)
  step 5800/6000 l1=0.0681 kl=0.008 (129s)
  step 6000/6000 l1=0.0685 kl=0.008 (134s)
=== train n=40 -> /home/asmr/workspace/habitvla2/checkpoints/rgb_only_rerun/batch/libero_goal_task9/act_n40.pt ===
warm-start from /home/asmr/workspace/habitvla2/checkpoints/rgb_only_rerun/batch/libero_goal_task9/act_n20.pt
  step 200/8000 l1=0.1252 kl=0.008 (5s)
  step 400/8000 l1=0.1055 kl=0.006 (9s)
  step 600/8000 l1=0.0942 kl=0.007 (13s)
  step 800/8000 l1=0.0875 kl=0.007 (18s)
  step 1000/8000 l1=0.0833 kl=0.008 (22s)
  step 1200/8000 l1=0.0780 kl=0.008 (27s)
  step 1400/8000 l1=0.0769 kl=0.007 (31s)
  step 1600/8000 l1=0.0741 kl=0.007 (36s)
  step 1800/8000 l1=0.0734 kl=0.007 (40s)
  step 2000/8000 l1=0.0731 kl=0.006 (45s)
  step 2200/8000 l1=0.0714 kl=0.006 (49s)
  step 2400/8000 l1=0.0696 kl=0.007 (54s)
  step 2600/8000 l1=0.0694 kl=0.006 (58s)
  step 2800/8000 l1=0.0691 kl=0.006 (63s)
  step 3000/8000 l1=0.0681 kl=0.006 (67s)
  step 3200/8000 l1=0.0650 kl=0.005 (72s)
  step 3400/8000 l1=0.0657 kl=0.005 (76s)
  step 3600/8000 l1=0.0647 kl=0.005 (80s)
  step 3800/8000 l1=0.0656 kl=0.006 (85s)
  step 4000/8000 l1=0.0630 kl=0.005 (89s)
  step 4200/8000 l1=0.0626 kl=0.005 (94s)
  step 4400/8000 l1=0.0609 kl=0.005 (98s)
  step 4600/8000 l1=0.0612 kl=0.005 (103s)
  step 4800/8000 l1=0.0616 kl=0.004 (107s)
  step 5000/8000 l1=0.0600 kl=0.004 (112s)
  step 5200/8000 l1=0.0605 kl=0.004 (116s)
  step 5400/8000 l1=0.0613 kl=0.004 (120s)
  step 5600/8000 l1=0.0596 kl=0.004 (125s)
  step 5800/8000 l1=0.0601 kl=0.004 (129s)
  step 6000/8000 l1=0.0594 kl=0.004 (134s)
  step 6200/8000 l1=0.0589 kl=0.003 (138s)
  step 6400/8000 l1=0.0575 kl=0.004 (143s)
  step 6600/8000 l1=0.0586 kl=0.004 (147s)
  step 6800/8000 l1=0.0582 kl=0.004 (152s)
  step 7000/8000 l1=0.0581 kl=0.004 (156s)
  step 7200/8000 l1=0.0585 kl=0.004 (160s)
  step 7400/8000 l1=0.0558 kl=0.004 (165s)
  step 7600/8000 l1=0.0563 kl=0.003 (169s)
  step 7800/8000 l1=0.0559 kl=0.003 (174s)
  step 8000/8000 l1=0.0547 kl=0.003 (178s)
=== train n=80 -> /home/asmr/workspace/habitvla2/checkpoints/rgb_only_rerun/batch/libero_goal_task9/act_n80.pt ===
warm-start from /home/asmr/workspace/habitvla2/checkpoints/rgb_only_rerun/batch/libero_goal_task9/act_n40.pt
  step 200/10000 l1=0.1118 kl=0.003 (4s)
  step 400/10000 l1=0.1021 kl=0.003 (9s)
  step 600/10000 l1=0.0933 kl=0.004 (13s)
  step 800/10000 l1=0.0880 kl=0.003 (18s)
  step 1000/10000 l1=0.0834 kl=0.003 (22s)
  step 1200/10000 l1=0.0811 kl=0.003 (27s)
  step 1400/10000 l1=0.0760 kl=0.003 (31s)
  step 1600/10000 l1=0.0736 kl=0.003 (36s)
  step 1800/10000 l1=0.0725 kl=0.003 (40s)
  step 2000/10000 l1=0.0709 kl=0.003 (44s)
  step 2200/10000 l1=0.0693 kl=0.002 (49s)
  step 2400/10000 l1=0.0697 kl=0.002 (53s)
  step 2600/10000 l1=0.0677 kl=0.003 (58s)
  step 2800/10000 l1=0.0649 kl=0.002 (62s)
  step 3000/10000 l1=0.0644 kl=0.002 (67s)
  step 3200/10000 l1=0.0645 kl=0.003 (71s)
  step 3400/10000 l1=0.0642 kl=0.002 (76s)
  step 3600/10000 l1=0.0622 kl=0.002 (80s)
  step 3800/10000 l1=0.0616 kl=0.002 (85s)
  step 4000/10000 l1=0.0603 kl=0.002 (89s)
  step 4200/10000 l1=0.0602 kl=0.002 (93s)
  step 4400/10000 l1=0.0596 kl=0.002 (98s)
  step 4600/10000 l1=0.0601 kl=0.002 (102s)
  step 4800/10000 l1=0.0595 kl=0.002 (107s)
  step 5000/10000 l1=0.0588 kl=0.002 (111s)
  step 5200/10000 l1=0.0590 kl=0.002 (116s)
  step 5400/10000 l1=0.0588 kl=0.002 (120s)
  step 5600/10000 l1=0.0580 kl=0.002 (125s)
  step 5800/10000 l1=0.0582 kl=0.002 (129s)
  step 6000/10000 l1=0.0567 kl=0.002 (134s)
  step 6200/10000 l1=0.0575 kl=0.002 (138s)
  step 6400/10000 l1=0.0561 kl=0.002 (142s)
  step 6600/10000 l1=0.0567 kl=0.001 (147s)
  step 6800/10000 l1=0.0555 kl=0.001 (151s)
  step 7000/10000 l1=0.0563 kl=0.002 (156s)
  step 7200/10000 l1=0.0547 kl=0.001 (160s)
  step 7400/10000 l1=0.0548 kl=0.001 (165s)
  step 7600/10000 l1=0.0554 kl=0.001 (169s)
  step 7800/10000 l1=0.0538 kl=0.001 (174s)
  step 8000/10000 l1=0.0558 kl=0.002 (178s)
  step 8200/10000 l1=0.0549 kl=0.001 (182s)
  step 8400/10000 l1=0.0538 kl=0.001 (187s)
  step 8600/10000 l1=0.0541 kl=0.001 (191s)
  step 8800/10000 l1=0.0533 kl=0.001 (196s)
  step 9000/10000 l1=0.0528 kl=0.001 (200s)
  step 9200/10000 l1=0.0526 kl=0.001 (205s)
  step 9400/10000 l1=0.0522 kl=0.001 (209s)
  step 9600/10000 l1=0.0539 kl=0.001 (214s)
  step 9800/10000 l1=0.0521 kl=0.001 (218s)
  step 10000/10000 l1=0.0521 kl=0.001 (223s)
[TRAIN-PASS] cluster=libero_goal_task9 grid=[10, 20, 40, 80] depth=False
