
===== batch_train_libero_object_task1 attempt=0 start=2026-08-28 23:26:57 =====
/home/asmr/miniconda3/envs/hv2_hab/bin/python -u habits/train.py --h5 /home/asmr/workspace/habitvla2/data/e3/libero_object_task1.hdf5 --cluster libero_object_task1 --n-grid 10 20 40 80 --out /home/asmr/workspace/habitvla2/checkpoints/rgb_only_rerun/batch --no-depth
cluster=libero_object_task1 success episodes=118
=== train n=10 -> /home/asmr/workspace/habitvla2/checkpoints/rgb_only_rerun/batch/libero_object_task1/act_n10.pt ===
  step 200/4000 l1=0.4535 kl=0.292 (5s)
  step 400/4000 l1=0.3118 kl=0.197 (9s)
  step 600/4000 l1=0.2770 kl=0.258 (14s)
  step 800/4000 l1=0.2598 kl=0.169 (18s)
  step 1000/4000 l1=0.2467 kl=0.171 (23s)
  step 1200/4000 l1=0.2272 kl=0.131 (27s)
  step 1400/4000 l1=0.2151 kl=0.137 (32s)
  step 1600/4000 l1=0.2039 kl=0.125 (36s)
  step 1800/4000 l1=0.1958 kl=0.110 (41s)
  step 2000/4000 l1=0.1837 kl=0.125 (45s)
  step 2200/4000 l1=0.1749 kl=0.091 (50s)
  step 2400/4000 l1=0.1675 kl=0.077 (54s)
  step 2600/4000 l1=0.1614 kl=0.081 (58s)
  step 2800/4000 l1=0.1534 kl=0.075 (63s)
  step 3000/4000 l1=0.1456 kl=0.059 (67s)
  step 3200/4000 l1=0.1427 kl=0.054 (72s)
  step 3400/4000 l1=0.1393 kl=0.052 (76s)
  step 3600/4000 l1=0.1371 kl=0.042 (81s)
  step 3800/4000 l1=0.1313 kl=0.043 (85s)
  step 4000/4000 l1=0.1296 kl=0.038 (90s)
=== train n=20 -> /home/asmr/workspace/habitvla2/checkpoints/rgb_only_rerun/batch/libero_object_task1/act_n20.pt ===
warm-start from /home/asmr/workspace/habitvla2/checkpoints/rgb_only_rerun/batch/libero_object_task1/act_n10.pt
  step 200/6000 l1=0.2171 kl=0.029 (5s)
  step 400/6000 l1=0.1722 kl=0.028 (9s)
  step 600/6000 l1=0.1541 kl=0.029 (14s)
  step 800/6000 l1=0.1445 kl=0.026 (18s)
  step 1000/6000 l1=0.1373 kl=0.028 (22s)
  step 1200/6000 l1=0.1334 kl=0.023 (27s)
  step 1400/6000 l1=0.1289 kl=0.022 (31s)
  step 1600/6000 l1=0.1272 kl=0.023 (36s)
  step 1800/6000 l1=0.1230 kl=0.020 (40s)
  step 2000/6000 l1=0.1222 kl=0.020 (45s)
  step 2200/6000 l1=0.1197 kl=0.019 (49s)
  step 2400/6000 l1=0.1170 kl=0.016 (54s)
  step 2600/6000 l1=0.1160 kl=0.014 (58s)
  step 2800/6000 l1=0.1130 kl=0.013 (63s)
  step 3000/6000 l1=0.1110 kl=0.013 (67s)
  step 3200/6000 l1=0.1100 kl=0.014 (72s)
  step 3400/6000 l1=0.1071 kl=0.015 (76s)
  step 3600/6000 l1=0.1048 kl=0.013 (81s)
  step 3800/6000 l1=0.1030 kl=0.013 (85s)
  step 4000/6000 l1=0.1011 kl=0.010 (89s)
  step 4200/6000 l1=0.1004 kl=0.011 (94s)
  step 4400/6000 l1=0.1033 kl=0.011 (98s)
  step 4600/6000 l1=0.0989 kl=0.012 (103s)
  step 4800/6000 l1=0.0978 kl=0.010 (107s)
  step 5000/6000 l1=0.0967 kl=0.010 (112s)
  step 5200/6000 l1=0.0948 kl=0.012 (116s)
  step 5400/6000 l1=0.0939 kl=0.009 (121s)
  step 5600/6000 l1=0.0922 kl=0.009 (125s)
  step 5800/6000 l1=0.0925 kl=0.007 (130s)
  step 6000/6000 l1=0.0922 kl=0.010 (134s)
=== train n=40 -> /home/asmr/workspace/habitvla2/checkpoints/rgb_only_rerun/batch/libero_object_task1/act_n40.pt ===
warm-start from /home/asmr/workspace/habitvla2/checkpoints/rgb_only_rerun/batch/libero_object_task1/act_n20.pt
  step 200/8000 l1=0.1836 kl=0.008 (5s)
  step 400/8000 l1=0.1597 kl=0.009 (9s)
  step 600/8000 l1=0.1421 kl=0.010 (13s)
  step 800/8000 l1=0.1319 kl=0.008 (18s)
  step 1000/8000 l1=0.1213 kl=0.007 (22s)
  step 1200/8000 l1=0.1170 kl=0.007 (27s)
  step 1400/8000 l1=0.1126 kl=0.007 (31s)
  step 1600/8000 l1=0.1108 kl=0.006 (36s)
  step 1800/8000 l1=0.1066 kl=0.008 (40s)
  step 2000/8000 l1=0.1033 kl=0.007 (45s)
  step 2200/8000 l1=0.1022 kl=0.006 (49s)
  step 2400/8000 l1=0.0983 kl=0.006 (54s)
  step 2600/8000 l1=0.0980 kl=0.007 (58s)
  step 2800/8000 l1=0.0952 kl=0.005 (63s)
  step 3000/8000 l1=0.0949 kl=0.005 (67s)
  step 3200/8000 l1=0.0931 kl=0.005 (71s)
  step 3400/8000 l1=0.0917 kl=0.007 (76s)
  step 3600/8000 l1=0.0895 kl=0.006 (80s)
  step 3800/8000 l1=0.0892 kl=0.007 (85s)
  step 4000/8000 l1=0.0880 kl=0.005 (89s)
  step 4200/8000 l1=0.0874 kl=0.005 (94s)
  step 4400/8000 l1=0.0868 kl=0.007 (98s)
  step 4600/8000 l1=0.0840 kl=0.005 (103s)
  step 4800/8000 l1=0.0874 kl=0.005 (107s)
  step 5000/8000 l1=0.0854 kl=0.004 (112s)
  step 5200/8000 l1=0.0826 kl=0.004 (116s)
  step 5400/8000 l1=0.0807 kl=0.005 (120s)
  step 5600/8000 l1=0.0821 kl=0.005 (125s)
  step 5800/8000 l1=0.0818 kl=0.004 (129s)
  step 6000/8000 l1=0.0809 kl=0.004 (134s)
  step 6200/8000 l1=0.0810 kl=0.004 (138s)
  step 6400/8000 l1=0.0802 kl=0.004 (143s)
  step 6600/8000 l1=0.0797 kl=0.003 (147s)
  step 6800/8000 l1=0.0779 kl=0.003 (152s)
  step 7000/8000 l1=0.0771 kl=0.004 (156s)
  step 7200/8000 l1=0.0765 kl=0.004 (160s)
  step 7400/8000 l1=0.0758 kl=0.003 (165s)
  step 7600/8000 l1=0.0761 kl=0.003 (169s)
  step 7800/8000 l1=0.0762 kl=0.003 (174s)
  step 8000/8000 l1=0.0755 kl=0.003 (178s)
=== train n=80 -> /home/asmr/workspace/habitvla2/checkpoints/rgb_only_rerun/batch/libero_object_task1/act_n80.pt ===
warm-start from /home/asmr/workspace/habitvla2/checkpoints/rgb_only_rerun/batch/libero_object_task1/act_n40.pt
  step 200/10000 l1=0.1778 kl=0.004 (5s)
  step 400/10000 l1=0.1639 kl=0.003 (9s)
  step 600/10000 l1=0.1489 kl=0.003 (13s)
  step 800/10000 l1=0.1428 kl=0.004 (18s)
  step 1000/10000 l1=0.1334 kl=0.003 (22s)
  step 1200/10000 l1=0.1251 kl=0.004 (27s)
  step 1400/10000 l1=0.1232 kl=0.003 (31s)
  step 1600/10000 l1=0.1145 kl=0.003 (36s)
  step 1800/10000 l1=0.1118 kl=0.002 (40s)
  step 2000/10000 l1=0.1067 kl=0.002 (44s)
  step 2200/10000 l1=0.1058 kl=0.004 (49s)
  step 2400/10000 l1=0.1034 kl=0.003 (53s)
  step 2600/10000 l1=0.1005 kl=0.003 (58s)
  step 2800/10000 l1=0.0979 kl=0.003 (62s)
  step 3000/10000 l1=0.0972 kl=0.003 (67s)
  step 3200/10000 l1=0.0942 kl=0.002 (71s)
  step 3400/10000 l1=0.0944 kl=0.002 (76s)
  step 3600/10000 l1=0.0928 kl=0.002 (80s)
  step 3800/10000 l1=0.0915 kl=0.002 (84s)
  step 4000/10000 l1=0.0903 kl=0.002 (89s)
  step 4200/10000 l1=0.0903 kl=0.003 (93s)
  step 4400/10000 l1=0.0891 kl=0.002 (98s)
  step 4600/10000 l1=0.0876 kl=0.002 (102s)
  step 4800/10000 l1=0.0852 kl=0.002 (107s)
  step 5000/10000 l1=0.0858 kl=0.002 (111s)
  step 5200/10000 l1=0.0858 kl=0.002 (116s)
  step 5400/10000 l1=0.0833 kl=0.002 (120s)
  step 5600/10000 l1=0.0821 kl=0.002 (125s)
  step 5800/10000 l1=0.0822 kl=0.002 (129s)
  step 6000/10000 l1=0.0826 kl=0.002 (133s)
  step 6200/10000 l1=0.0821 kl=0.002 (138s)
  step 6400/10000 l1=0.0814 kl=0.002 (142s)
  step 6600/10000 l1=0.0801 kl=0.001 (147s)
  step 6800/10000 l1=0.0809 kl=0.002 (151s)
  step 7000/10000 l1=0.0800 kl=0.001 (156s)
  step 7200/10000 l1=0.0802 kl=0.001 (160s)
  step 7400/10000 l1=0.0797 kl=0.001 (165s)
  step 7600/10000 l1=0.0797 kl=0.002 (169s)
  step 7800/10000 l1=0.0776 kl=0.001 (174s)
  step 8000/10000 l1=0.0780 kl=0.001 (178s)
  step 8200/10000 l1=0.0765 kl=0.001 (182s)
  step 8400/10000 l1=0.0761 kl=0.001 (187s)
  step 8600/10000 l1=0.0755 kl=0.002 (191s)
  step 8800/10000 l1=0.0765 kl=0.001 (196s)
  step 9000/10000 l1=0.0751 kl=0.001 (200s)
  step 9200/10000 l1=0.0754 kl=0.001 (205s)
  step 9400/10000 l1=0.0742 kl=0.001 (209s)
  step 9600/10000 l1=0.0752 kl=0.002 (214s)
  step 9800/10000 l1=0.0746 kl=0.001 (218s)
  step 10000/10000 l1=0.0737 kl=0.001 (222s)
[TRAIN-PASS] cluster=libero_object_task1 grid=[10, 20, 40, 80] depth=False
