
===== batch_train_chained_libero_object_task0 attempt=0 start=2026-08-29 04:58:46 =====
/home/asmr/miniconda3/envs/hv2_hab/bin/python -u habits/train.py --h5 /home/asmr/workspace/habitvla2/data/e3/chained_libero_object_task0.hdf5 --cluster chained_libero_object_task0 --n-grid 10 20 40 80 --out /home/asmr/workspace/habitvla2/checkpoints/rgb_only_rerun/batch --no-depth
cluster=chained_libero_object_task0 success episodes=117
=== train n=10 -> /home/asmr/workspace/habitvla2/checkpoints/rgb_only_rerun/batch/chained_libero_object_task0/act_n10.pt ===
  step 200/4000 l1=0.4844 kl=0.302 (5s)
  step 400/4000 l1=0.3548 kl=0.199 (9s)
  step 600/4000 l1=0.3144 kl=0.201 (14s)
  step 800/4000 l1=0.2900 kl=0.192 (18s)
  step 1000/4000 l1=0.2639 kl=0.178 (23s)
  step 1200/4000 l1=0.2451 kl=0.143 (27s)
  step 1400/4000 l1=0.2312 kl=0.133 (31s)
  step 1600/4000 l1=0.2203 kl=0.119 (36s)
  step 1800/4000 l1=0.2090 kl=0.114 (40s)
  step 2000/4000 l1=0.2064 kl=0.107 (45s)
  step 2200/4000 l1=0.2001 kl=0.097 (49s)
  step 2400/4000 l1=0.1901 kl=0.082 (54s)
  step 2600/4000 l1=0.1850 kl=0.068 (58s)
  step 2800/4000 l1=0.1793 kl=0.069 (62s)
  step 3000/4000 l1=0.1740 kl=0.058 (67s)
  step 3200/4000 l1=0.1699 kl=0.059 (71s)
  step 3400/4000 l1=0.1647 kl=0.053 (76s)
  step 3600/4000 l1=0.1602 kl=0.045 (80s)
  step 3800/4000 l1=0.1552 kl=0.039 (85s)
  step 4000/4000 l1=0.1507 kl=0.043 (89s)
=== train n=20 -> /home/asmr/workspace/habitvla2/checkpoints/rgb_only_rerun/batch/chained_libero_object_task0/act_n20.pt ===
warm-start from /home/asmr/workspace/habitvla2/checkpoints/rgb_only_rerun/batch/chained_libero_object_task0/act_n10.pt
  step 200/6000 l1=0.2176 kl=0.038 (5s)
  step 400/6000 l1=0.1983 kl=0.025 (9s)
  step 600/6000 l1=0.1833 kl=0.026 (13s)
  step 800/6000 l1=0.1702 kl=0.026 (18s)
  step 1000/6000 l1=0.1613 kl=0.028 (22s)
  step 1200/6000 l1=0.1560 kl=0.023 (27s)
  step 1400/6000 l1=0.1476 kl=0.023 (31s)
  step 1600/6000 l1=0.1463 kl=0.021 (36s)
  step 1800/6000 l1=0.1427 kl=0.020 (40s)
  step 2000/6000 l1=0.1367 kl=0.022 (44s)
  step 2200/6000 l1=0.1368 kl=0.019 (49s)
  step 2400/6000 l1=0.1331 kl=0.016 (53s)
  step 2600/6000 l1=0.1314 kl=0.015 (58s)
  step 2800/6000 l1=0.1295 kl=0.018 (62s)
  step 3000/6000 l1=0.1269 kl=0.014 (67s)
  step 3200/6000 l1=0.1227 kl=0.015 (71s)
  step 3400/6000 l1=0.1207 kl=0.017 (76s)
  step 3600/6000 l1=0.1195 kl=0.013 (80s)
  step 3800/6000 l1=0.1187 kl=0.013 (85s)
  step 4000/6000 l1=0.1183 kl=0.013 (89s)
  step 4200/6000 l1=0.1155 kl=0.014 (93s)
  step 4400/6000 l1=0.1144 kl=0.011 (98s)
  step 4600/6000 l1=0.1100 kl=0.012 (102s)
  step 4800/6000 l1=0.1123 kl=0.013 (107s)
  step 5000/6000 l1=0.1086 kl=0.010 (111s)
  step 5200/6000 l1=0.1074 kl=0.008 (116s)
  step 5400/6000 l1=0.1081 kl=0.010 (120s)
  step 5600/6000 l1=0.1056 kl=0.010 (124s)
  step 5800/6000 l1=0.1057 kl=0.010 (129s)
  step 6000/6000 l1=0.1028 kl=0.009 (133s)
=== train n=40 -> /home/asmr/workspace/habitvla2/checkpoints/rgb_only_rerun/batch/chained_libero_object_task0/act_n40.pt ===
warm-start from /home/asmr/workspace/habitvla2/checkpoints/rgb_only_rerun/batch/chained_libero_object_task0/act_n20.pt
  step 200/8000 l1=0.1983 kl=0.008 (5s)
  step 400/8000 l1=0.1784 kl=0.008 (9s)
  step 600/8000 l1=0.1666 kl=0.007 (13s)
  step 800/8000 l1=0.1596 kl=0.008 (18s)
  step 1000/8000 l1=0.1493 kl=0.008 (22s)
  step 1200/8000 l1=0.1449 kl=0.006 (27s)
  step 1400/8000 l1=0.1382 kl=0.006 (31s)
  step 1600/8000 l1=0.1356 kl=0.008 (36s)
  step 1800/8000 l1=0.1337 kl=0.006 (40s)
  step 2000/8000 l1=0.1268 kl=0.008 (45s)
  step 2200/8000 l1=0.1244 kl=0.007 (49s)
  step 2400/8000 l1=0.1222 kl=0.006 (54s)
  step 2600/8000 l1=0.1217 kl=0.007 (58s)
  step 2800/8000 l1=0.1185 kl=0.006 (62s)
  step 3000/8000 l1=0.1158 kl=0.006 (67s)
  step 3200/8000 l1=0.1164 kl=0.006 (71s)
  step 3400/8000 l1=0.1137 kl=0.006 (76s)
  step 3600/8000 l1=0.1113 kl=0.005 (80s)
  step 3800/8000 l1=0.1092 kl=0.006 (85s)
  step 4000/8000 l1=0.1075 kl=0.005 (89s)
  step 4200/8000 l1=0.1080 kl=0.004 (93s)
  step 4400/8000 l1=0.1069 kl=0.005 (98s)
  step 4600/8000 l1=0.1050 kl=0.005 (102s)
  step 4800/8000 l1=0.1046 kl=0.005 (107s)
  step 5000/8000 l1=0.1060 kl=0.004 (111s)
  step 5200/8000 l1=0.1045 kl=0.005 (116s)
  step 5400/8000 l1=0.1012 kl=0.005 (120s)
  step 5600/8000 l1=0.1009 kl=0.004 (125s)
  step 5800/8000 l1=0.1026 kl=0.005 (129s)
  step 6000/8000 l1=0.0995 kl=0.004 (133s)
  step 6200/8000 l1=0.0989 kl=0.005 (138s)
  step 6400/8000 l1=0.0975 kl=0.004 (142s)
  step 6600/8000 l1=0.0959 kl=0.004 (147s)
  step 6800/8000 l1=0.0962 kl=0.004 (151s)
  step 7000/8000 l1=0.0964 kl=0.004 (156s)
  step 7200/8000 l1=0.0962 kl=0.003 (160s)
  step 7400/8000 l1=0.0939 kl=0.004 (165s)
  step 7600/8000 l1=0.0936 kl=0.003 (169s)
  step 7800/8000 l1=0.0903 kl=0.004 (173s)
  step 8000/8000 l1=0.0922 kl=0.005 (178s)
=== train n=80 -> /home/asmr/workspace/habitvla2/checkpoints/rgb_only_rerun/batch/chained_libero_object_task0/act_n80.pt ===
warm-start from /home/asmr/workspace/habitvla2/checkpoints/rgb_only_rerun/batch/chained_libero_object_task0/act_n40.pt
  step 200/10000 l1=0.1657 kl=0.003 (4s)
  step 400/10000 l1=0.1600 kl=0.004 (9s)
  step 600/10000 l1=0.1472 kl=0.003 (13s)
  step 800/10000 l1=0.1475 kl=0.003 (18s)
  step 1000/10000 l1=0.1398 kl=0.003 (22s)
  step 1200/10000 l1=0.1370 kl=0.003 (27s)
  step 1400/10000 l1=0.1379 kl=0.003 (31s)
  step 1600/10000 l1=0.1311 kl=0.003 (36s)
  step 1800/10000 l1=0.1280 kl=0.002 (40s)
  step 2000/10000 l1=0.1262 kl=0.002 (45s)
  step 2200/10000 l1=0.1227 kl=0.003 (49s)
  step 2400/10000 l1=0.1214 kl=0.002 (54s)
  step 2600/10000 l1=0.1199 kl=0.003 (58s)
  step 2800/10000 l1=0.1184 kl=0.003 (62s)
  step 3000/10000 l1=0.1149 kl=0.003 (67s)
  step 3200/10000 l1=0.1119 kl=0.003 (71s)
  step 3400/10000 l1=0.1118 kl=0.003 (76s)
  step 3600/10000 l1=0.1087 kl=0.002 (80s)
  step 3800/10000 l1=0.1092 kl=0.002 (85s)
  step 4000/10000 l1=0.1066 kl=0.002 (89s)
  step 4200/10000 l1=0.1093 kl=0.002 (94s)
  step 4400/10000 l1=0.1066 kl=0.002 (98s)
  step 4600/10000 l1=0.1031 kl=0.002 (102s)
  step 4800/10000 l1=0.1046 kl=0.002 (107s)
  step 5000/10000 l1=0.1053 kl=0.002 (111s)
  step 5200/10000 l1=0.1032 kl=0.002 (116s)
  step 5400/10000 l1=0.1004 kl=0.002 (120s)
  step 5600/10000 l1=0.0976 kl=0.002 (125s)
  step 5800/10000 l1=0.1003 kl=0.002 (129s)
  step 6000/10000 l1=0.0974 kl=0.002 (133s)
  step 6200/10000 l1=0.0987 kl=0.002 (138s)
  step 6400/10000 l1=0.0970 kl=0.002 (142s)
  step 6600/10000 l1=0.0979 kl=0.002 (147s)
  step 6800/10000 l1=0.0963 kl=0.002 (151s)
  step 7000/10000 l1=0.0983 kl=0.002 (156s)
  step 7200/10000 l1=0.0954 kl=0.002 (160s)
  step 7400/10000 l1=0.0947 kl=0.002 (165s)
  step 7600/10000 l1=0.0937 kl=0.001 (169s)
  step 7800/10000 l1=0.0935 kl=0.002 (173s)
  step 8000/10000 l1=0.0941 kl=0.001 (178s)
  step 8200/10000 l1=0.0928 kl=0.001 (182s)
  step 8400/10000 l1=0.0920 kl=0.002 (187s)
  step 8600/10000 l1=0.0894 kl=0.001 (191s)
  step 8800/10000 l1=0.0892 kl=0.001 (196s)
  step 9000/10000 l1=0.0922 kl=0.001 (200s)
  step 9200/10000 l1=0.0891 kl=0.002 (205s)
  step 9400/10000 l1=0.0911 kl=0.001 (209s)
  step 9600/10000 l1=0.0872 kl=0.001 (213s)
  step 9800/10000 l1=0.0912 kl=0.001 (218s)
  step 10000/10000 l1=0.0876 kl=0.002 (222s)
[TRAIN-PASS] cluster=chained_libero_object_task0 grid=[10, 20, 40, 80] depth=False
