
===== batch_train_libero_goal_task4 attempt=0 start=2026-08-29 02:27:04 =====
/home/asmr/miniconda3/envs/hv2_hab/bin/python -u habits/train.py --h5 /home/asmr/workspace/habitvla2/data/e3/libero_goal_task4.hdf5 --cluster libero_goal_task4 --n-grid 10 20 40 80 --out /home/asmr/workspace/habitvla2/checkpoints/rgb_only_rerun/batch --no-depth
cluster=libero_goal_task4 success episodes=115
=== train n=10 -> /home/asmr/workspace/habitvla2/checkpoints/rgb_only_rerun/batch/libero_goal_task4/act_n10.pt ===
  step 200/4000 l1=0.4318 kl=0.304 (5s)
  step 400/4000 l1=0.2996 kl=0.257 (9s)
  step 600/4000 l1=0.2706 kl=0.201 (14s)
  step 800/4000 l1=0.2247 kl=0.173 (18s)
  step 1000/4000 l1=0.2012 kl=0.186 (23s)
  step 1200/4000 l1=0.1849 kl=0.151 (27s)
  step 1400/4000 l1=0.1762 kl=0.148 (32s)
  step 1600/4000 l1=0.1672 kl=0.125 (36s)
  step 1800/4000 l1=0.1566 kl=0.123 (40s)
  step 2000/4000 l1=0.1519 kl=0.127 (45s)
  step 2200/4000 l1=0.1431 kl=0.088 (49s)
  step 2400/4000 l1=0.1368 kl=0.080 (54s)
  step 2600/4000 l1=0.1336 kl=0.081 (58s)
  step 2800/4000 l1=0.1313 kl=0.068 (63s)
  step 3000/4000 l1=0.1267 kl=0.091 (67s)
  step 3200/4000 l1=0.1216 kl=0.067 (71s)
  step 3400/4000 l1=0.1202 kl=0.053 (76s)
  step 3600/4000 l1=0.1167 kl=0.047 (80s)
  step 3800/4000 l1=0.1129 kl=0.046 (85s)
  step 4000/4000 l1=0.1129 kl=0.042 (89s)
=== train n=20 -> /home/asmr/workspace/habitvla2/checkpoints/rgb_only_rerun/batch/libero_goal_task4/act_n20.pt ===
warm-start from /home/asmr/workspace/habitvla2/checkpoints/rgb_only_rerun/batch/libero_goal_task4/act_n10.pt
  step 200/6000 l1=0.1757 kl=0.041 (5s)
  step 400/6000 l1=0.1381 kl=0.034 (9s)
  step 600/6000 l1=0.1265 kl=0.034 (14s)
  step 800/6000 l1=0.1180 kl=0.031 (18s)
  step 1000/6000 l1=0.1138 kl=0.026 (22s)
  step 1200/6000 l1=0.1087 kl=0.027 (27s)
  step 1400/6000 l1=0.1070 kl=0.021 (31s)
  step 1600/6000 l1=0.1037 kl=0.026 (36s)
  step 1800/6000 l1=0.1016 kl=0.022 (40s)
  step 2000/6000 l1=0.1018 kl=0.021 (45s)
  step 2200/6000 l1=0.1013 kl=0.016 (49s)
  step 2400/6000 l1=0.0973 kl=0.018 (54s)
  step 2600/6000 l1=0.0958 kl=0.017 (58s)
  step 2800/6000 l1=0.0934 kl=0.016 (63s)
  step 3000/6000 l1=0.0904 kl=0.016 (67s)
  step 3200/6000 l1=0.0895 kl=0.017 (72s)
  step 3400/6000 l1=0.0891 kl=0.015 (76s)
  step 3600/6000 l1=0.0863 kl=0.013 (81s)
  step 3800/6000 l1=0.0855 kl=0.014 (85s)
  step 4000/6000 l1=0.0863 kl=0.013 (90s)
  step 4200/6000 l1=0.0842 kl=0.013 (94s)
  step 4400/6000 l1=0.0821 kl=0.012 (99s)
  step 4600/6000 l1=0.0833 kl=0.013 (103s)
  step 4800/6000 l1=0.0804 kl=0.012 (108s)
  step 5000/6000 l1=0.0799 kl=0.009 (112s)
  step 5200/6000 l1=0.0804 kl=0.010 (117s)
  step 5400/6000 l1=0.0792 kl=0.011 (121s)
  step 5600/6000 l1=0.0769 kl=0.010 (126s)
  step 5800/6000 l1=0.0757 kl=0.008 (130s)
  step 6000/6000 l1=0.0750 kl=0.009 (135s)
=== train n=40 -> /home/asmr/workspace/habitvla2/checkpoints/rgb_only_rerun/batch/libero_goal_task4/act_n40.pt ===
warm-start from /home/asmr/workspace/habitvla2/checkpoints/rgb_only_rerun/batch/libero_goal_task4/act_n20.pt
  step 200/8000 l1=0.1714 kl=0.007 (5s)
  step 400/8000 l1=0.1400 kl=0.009 (9s)
  step 600/8000 l1=0.1211 kl=0.008 (14s)
  step 800/8000 l1=0.1080 kl=0.009 (18s)
  step 1000/8000 l1=0.1020 kl=0.008 (22s)
  step 1200/8000 l1=0.0972 kl=0.008 (27s)
  step 1400/8000 l1=0.0954 kl=0.007 (31s)
  step 1600/8000 l1=0.0893 kl=0.008 (36s)
  step 1800/8000 l1=0.0885 kl=0.008 (40s)
  step 2000/8000 l1=0.0864 kl=0.008 (45s)
  step 2200/8000 l1=0.0847 kl=0.005 (49s)
  step 2400/8000 l1=0.0831 kl=0.007 (54s)
  step 2600/8000 l1=0.0812 kl=0.007 (58s)
  step 2800/8000 l1=0.0807 kl=0.006 (63s)
  step 3000/8000 l1=0.0788 kl=0.007 (67s)
  step 3200/8000 l1=0.0761 kl=0.005 (72s)
  step 3400/8000 l1=0.0782 kl=0.005 (76s)
  step 3600/8000 l1=0.0786 kl=0.005 (80s)
  step 3800/8000 l1=0.0761 kl=0.005 (85s)
  step 4000/8000 l1=0.0765 kl=0.006 (89s)
  step 4200/8000 l1=0.0757 kl=0.007 (94s)
  step 4400/8000 l1=0.0740 kl=0.006 (98s)
  step 4600/8000 l1=0.0740 kl=0.004 (103s)
  step 4800/8000 l1=0.0723 kl=0.006 (107s)
  step 5000/8000 l1=0.0727 kl=0.004 (112s)
  step 5200/8000 l1=0.0712 kl=0.005 (116s)
  step 5400/8000 l1=0.0716 kl=0.004 (121s)
  step 5600/8000 l1=0.0705 kl=0.005 (125s)
  step 5800/8000 l1=0.0712 kl=0.005 (130s)
  step 6000/8000 l1=0.0692 kl=0.004 (134s)
  step 6200/8000 l1=0.0686 kl=0.004 (139s)
  step 6400/8000 l1=0.0697 kl=0.004 (143s)
  step 6600/8000 l1=0.0697 kl=0.004 (147s)
  step 6800/8000 l1=0.0671 kl=0.004 (152s)
  step 7000/8000 l1=0.0671 kl=0.004 (156s)
  step 7200/8000 l1=0.0670 kl=0.004 (161s)
  step 7400/8000 l1=0.0655 kl=0.004 (165s)
  step 7600/8000 l1=0.0656 kl=0.003 (170s)
  step 7800/8000 l1=0.0661 kl=0.003 (174s)
  step 8000/8000 l1=0.0652 kl=0.003 (179s)
=== train n=80 -> /home/asmr/workspace/habitvla2/checkpoints/rgb_only_rerun/batch/libero_goal_task4/act_n80.pt ===
warm-start from /home/asmr/workspace/habitvla2/checkpoints/rgb_only_rerun/batch/libero_goal_task4/act_n40.pt
  step 200/10000 l1=0.1420 kl=0.003 (5s)
  step 400/10000 l1=0.1269 kl=0.003 (9s)
  step 600/10000 l1=0.1163 kl=0.003 (13s)
  step 800/10000 l1=0.1063 kl=0.004 (18s)
  step 1000/10000 l1=0.1008 kl=0.003 (22s)
  step 1200/10000 l1=0.0927 kl=0.004 (27s)
  step 1400/10000 l1=0.0896 kl=0.003 (31s)
  step 1600/10000 l1=0.0870 kl=0.003 (36s)
  step 1800/10000 l1=0.0848 kl=0.003 (40s)
  step 2000/10000 l1=0.0817 kl=0.003 (45s)
  step 2200/10000 l1=0.0801 kl=0.003 (49s)
  step 2400/10000 l1=0.0789 kl=0.003 (54s)
  step 2600/10000 l1=0.0773 kl=0.003 (58s)
  step 2800/10000 l1=0.0769 kl=0.003 (62s)
  step 3000/10000 l1=0.0744 kl=0.003 (67s)
  step 3200/10000 l1=0.0741 kl=0.002 (71s)
  step 3400/10000 l1=0.0744 kl=0.002 (76s)
  step 3600/10000 l1=0.0740 kl=0.002 (80s)
  step 3800/10000 l1=0.0728 kl=0.003 (85s)
  step 4000/10000 l1=0.0716 kl=0.002 (89s)
  step 4200/10000 l1=0.0710 kl=0.002 (94s)
  step 4400/10000 l1=0.0697 kl=0.002 (98s)
  step 4600/10000 l1=0.0686 kl=0.002 (103s)
  step 4800/10000 l1=0.0678 kl=0.002 (107s)
  step 5000/10000 l1=0.0674 kl=0.002 (112s)
  step 5200/10000 l1=0.0679 kl=0.002 (116s)
  step 5400/10000 l1=0.0674 kl=0.002 (120s)
  step 5600/10000 l1=0.0680 kl=0.002 (125s)
  step 5800/10000 l1=0.0675 kl=0.002 (129s)
  step 6000/10000 l1=0.0671 kl=0.002 (134s)
  step 6200/10000 l1=0.0662 kl=0.002 (138s)
  step 6400/10000 l1=0.0673 kl=0.002 (143s)
  step 6600/10000 l1=0.0658 kl=0.002 (147s)
  step 6800/10000 l1=0.0663 kl=0.002 (152s)
  step 7000/10000 l1=0.0652 kl=0.002 (156s)
  step 7200/10000 l1=0.0652 kl=0.001 (161s)
  step 7400/10000 l1=0.0651 kl=0.002 (165s)
  step 7600/10000 l1=0.0641 kl=0.001 (169s)
  step 7800/10000 l1=0.0644 kl=0.002 (174s)
  step 8000/10000 l1=0.0643 kl=0.002 (178s)
  step 8200/10000 l1=0.0631 kl=0.001 (183s)
  step 8400/10000 l1=0.0622 kl=0.001 (187s)
  step 8600/10000 l1=0.0619 kl=0.001 (192s)
  step 8800/10000 l1=0.0630 kl=0.001 (196s)
  step 9000/10000 l1=0.0631 kl=0.001 (201s)
  step 9200/10000 l1=0.0621 kl=0.001 (205s)
  step 9400/10000 l1=0.0641 kl=0.001 (210s)
  step 9600/10000 l1=0.0619 kl=0.001 (214s)
  step 9800/10000 l1=0.0608 kl=0.002 (219s)
  step 10000/10000 l1=0.0601 kl=0.001 (223s)
[TRAIN-PASS] cluster=libero_goal_task4 grid=[10, 20, 40, 80] depth=False
