
===== batch_train_libero_object_task9 attempt=0 start=2026-08-29 01:19:05 =====
/home/asmr/miniconda3/envs/hv2_hab/bin/python -u habits/train.py --h5 /home/asmr/workspace/habitvla2/data/e3/libero_object_task9.hdf5 --cluster libero_object_task9 --n-grid 10 20 40 80 --out /home/asmr/workspace/habitvla2/checkpoints/rgb_only_rerun/batch --no-depth
cluster=libero_object_task9 success episodes=118
=== train n=10 -> /home/asmr/workspace/habitvla2/checkpoints/rgb_only_rerun/batch/libero_object_task9/act_n10.pt ===
  step 200/4000 l1=0.4446 kl=0.188 (5s)
  step 400/4000 l1=0.3044 kl=0.281 (9s)
  step 600/4000 l1=0.2783 kl=0.232 (14s)
  step 800/4000 l1=0.2627 kl=0.182 (18s)
  step 1000/4000 l1=0.2480 kl=0.151 (23s)
  step 1200/4000 l1=0.2260 kl=0.172 (27s)
  step 1400/4000 l1=0.2068 kl=0.166 (32s)
  step 1600/4000 l1=0.2005 kl=0.213 (36s)
  step 1800/4000 l1=0.1822 kl=0.057 (40s)
  step 2000/4000 l1=0.1762 kl=0.108 (45s)
  step 2200/4000 l1=0.1653 kl=0.092 (49s)
  step 2400/4000 l1=0.1580 kl=0.084 (54s)
  step 2600/4000 l1=0.1530 kl=0.137 (58s)
  step 2800/4000 l1=0.1516 kl=0.065 (63s)
  step 3000/4000 l1=0.1427 kl=0.056 (67s)
  step 3200/4000 l1=0.1412 kl=0.068 (71s)
  step 3400/4000 l1=0.1358 kl=0.061 (76s)
  step 3600/4000 l1=0.1306 kl=0.044 (80s)
  step 3800/4000 l1=0.1279 kl=0.040 (85s)
  step 4000/4000 l1=0.1247 kl=0.043 (89s)
=== train n=20 -> /home/asmr/workspace/habitvla2/checkpoints/rgb_only_rerun/batch/libero_object_task9/act_n20.pt ===
warm-start from /home/asmr/workspace/habitvla2/checkpoints/rgb_only_rerun/batch/libero_object_task9/act_n10.pt
  step 200/6000 l1=0.2043 kl=0.040 (5s)
  step 400/6000 l1=0.1594 kl=0.035 (9s)
  step 600/6000 l1=0.1435 kl=0.030 (14s)
  step 800/6000 l1=0.1348 kl=0.030 (18s)
  step 1000/6000 l1=0.1304 kl=0.025 (22s)
  step 1200/6000 l1=0.1255 kl=0.023 (27s)
  step 1400/6000 l1=0.1219 kl=0.021 (31s)
  step 1600/6000 l1=0.1178 kl=0.025 (36s)
  step 1800/6000 l1=0.1157 kl=0.022 (40s)
  step 2000/6000 l1=0.1144 kl=0.021 (45s)
  step 2200/6000 l1=0.1108 kl=0.020 (49s)
  step 2400/6000 l1=0.1072 kl=0.015 (54s)
  step 2600/6000 l1=0.1074 kl=0.017 (58s)
  step 2800/6000 l1=0.1077 kl=0.017 (63s)
  step 3000/6000 l1=0.1047 kl=0.015 (67s)
  step 3200/6000 l1=0.1024 kl=0.014 (72s)
  step 3400/6000 l1=0.0997 kl=0.014 (76s)
  step 3600/6000 l1=0.0981 kl=0.014 (81s)
  step 3800/6000 l1=0.0989 kl=0.013 (85s)
  step 4000/6000 l1=0.0956 kl=0.011 (90s)
  step 4200/6000 l1=0.0946 kl=0.011 (94s)
  step 4400/6000 l1=0.0918 kl=0.011 (98s)
  step 4600/6000 l1=0.0921 kl=0.012 (103s)
  step 4800/6000 l1=0.0916 kl=0.011 (107s)
  step 5000/6000 l1=0.0903 kl=0.009 (112s)
  step 5200/6000 l1=0.0896 kl=0.011 (116s)
  step 5400/6000 l1=0.0878 kl=0.010 (121s)
  step 5600/6000 l1=0.0890 kl=0.009 (125s)
  step 5800/6000 l1=0.0862 kl=0.010 (130s)
  step 6000/6000 l1=0.0839 kl=0.009 (134s)
=== train n=40 -> /home/asmr/workspace/habitvla2/checkpoints/rgb_only_rerun/batch/libero_object_task9/act_n40.pt ===
warm-start from /home/asmr/workspace/habitvla2/checkpoints/rgb_only_rerun/batch/libero_object_task9/act_n20.pt
  step 200/8000 l1=0.1677 kl=0.008 (5s)
  step 400/8000 l1=0.1438 kl=0.009 (9s)
  step 600/8000 l1=0.1272 kl=0.007 (13s)
  step 800/8000 l1=0.1177 kl=0.010 (18s)
  step 1000/8000 l1=0.1109 kl=0.006 (22s)
  step 1200/8000 l1=0.1058 kl=0.010 (27s)
  step 1400/8000 l1=0.1021 kl=0.006 (31s)
  step 1600/8000 l1=0.0986 kl=0.007 (36s)
  step 1800/8000 l1=0.0975 kl=0.006 (40s)
  step 2000/8000 l1=0.0945 kl=0.007 (45s)
  step 2200/8000 l1=0.0939 kl=0.006 (49s)
  step 2400/8000 l1=0.0897 kl=0.006 (54s)
  step 2600/8000 l1=0.0892 kl=0.007 (58s)
  step 2800/8000 l1=0.0885 kl=0.006 (62s)
  step 3000/8000 l1=0.0868 kl=0.006 (67s)
  step 3200/8000 l1=0.0863 kl=0.006 (71s)
  step 3400/8000 l1=0.0855 kl=0.005 (76s)
  step 3600/8000 l1=0.0855 kl=0.007 (80s)
  step 3800/8000 l1=0.0843 kl=0.005 (85s)
  step 4000/8000 l1=0.0832 kl=0.005 (89s)
  step 4200/8000 l1=0.0815 kl=0.004 (94s)
  step 4400/8000 l1=0.0815 kl=0.004 (98s)
  step 4600/8000 l1=0.0790 kl=0.004 (103s)
  step 4800/8000 l1=0.0800 kl=0.005 (107s)
  step 5000/8000 l1=0.0780 kl=0.004 (112s)
  step 5200/8000 l1=0.0776 kl=0.005 (116s)
  step 5400/8000 l1=0.0773 kl=0.004 (121s)
  step 5600/8000 l1=0.0761 kl=0.004 (125s)
  step 5800/8000 l1=0.0757 kl=0.004 (129s)
  step 6000/8000 l1=0.0754 kl=0.005 (134s)
  step 6200/8000 l1=0.0754 kl=0.004 (138s)
  step 6400/8000 l1=0.0738 kl=0.004 (143s)
  step 6600/8000 l1=0.0730 kl=0.004 (147s)
  step 6800/8000 l1=0.0743 kl=0.004 (152s)
  step 7000/8000 l1=0.0722 kl=0.004 (156s)
  step 7200/8000 l1=0.0732 kl=0.003 (161s)
  step 7400/8000 l1=0.0713 kl=0.003 (165s)
  step 7600/8000 l1=0.0706 kl=0.003 (170s)
  step 7800/8000 l1=0.0722 kl=0.003 (174s)
  step 8000/8000 l1=0.0708 kl=0.003 (179s)
=== train n=80 -> /home/asmr/workspace/habitvla2/checkpoints/rgb_only_rerun/batch/libero_object_task9/act_n80.pt ===
warm-start from /home/asmr/workspace/habitvla2/checkpoints/rgb_only_rerun/batch/libero_object_task9/act_n40.pt
  step 200/10000 l1=0.1640 kl=0.003 (5s)
  step 400/10000 l1=0.1485 kl=0.003 (9s)
  step 600/10000 l1=0.1311 kl=0.003 (14s)
  step 800/10000 l1=0.1272 kl=0.003 (18s)
  step 1000/10000 l1=0.1189 kl=0.002 (22s)
  step 1200/10000 l1=0.1138 kl=0.003 (27s)
  step 1400/10000 l1=0.1106 kl=0.003 (31s)
  step 1600/10000 l1=0.1045 kl=0.003 (36s)
  step 1800/10000 l1=0.1017 kl=0.003 (40s)
  step 2000/10000 l1=0.0961 kl=0.003 (45s)
  step 2200/10000 l1=0.0943 kl=0.002 (49s)
  step 2400/10000 l1=0.0929 kl=0.002 (54s)
  step 2600/10000 l1=0.0905 kl=0.003 (58s)
  step 2800/10000 l1=0.0904 kl=0.002 (62s)
  step 3000/10000 l1=0.0896 kl=0.003 (67s)
  step 3200/10000 l1=0.0880 kl=0.002 (71s)
  step 3400/10000 l1=0.0844 kl=0.002 (76s)
  step 3600/10000 l1=0.0861 kl=0.002 (80s)
  step 3800/10000 l1=0.0821 kl=0.002 (85s)
  step 4000/10000 l1=0.0829 kl=0.002 (89s)
  step 4200/10000 l1=0.0798 kl=0.002 (94s)
  step 4400/10000 l1=0.0806 kl=0.002 (98s)
  step 4600/10000 l1=0.0790 kl=0.002 (103s)
  step 4800/10000 l1=0.0795 kl=0.002 (107s)
  step 5000/10000 l1=0.0801 kl=0.002 (112s)
  step 5200/10000 l1=0.0780 kl=0.002 (116s)
  step 5400/10000 l1=0.0772 kl=0.002 (120s)
  step 5600/10000 l1=0.0769 kl=0.002 (125s)
  step 5800/10000 l1=0.0770 kl=0.003 (129s)
  step 6000/10000 l1=0.0767 kl=0.001 (134s)
  step 6200/10000 l1=0.0753 kl=0.002 (138s)
  step 6400/10000 l1=0.0741 kl=0.002 (143s)
  step 6600/10000 l1=0.0750 kl=0.002 (147s)
  step 6800/10000 l1=0.0733 kl=0.002 (152s)
  step 7000/10000 l1=0.0727 kl=0.002 (156s)
  step 7200/10000 l1=0.0725 kl=0.002 (161s)
  step 7400/10000 l1=0.0736 kl=0.001 (165s)
  step 7600/10000 l1=0.0720 kl=0.001 (170s)
  step 7800/10000 l1=0.0732 kl=0.002 (174s)
  step 8000/10000 l1=0.0693 kl=0.002 (178s)
  step 8200/10000 l1=0.0713 kl=0.002 (183s)
  step 8400/10000 l1=0.0708 kl=0.002 (187s)
  step 8600/10000 l1=0.0700 kl=0.001 (192s)
  step 8800/10000 l1=0.0694 kl=0.002 (196s)
  step 9000/10000 l1=0.0704 kl=0.001 (201s)
  step 9200/10000 l1=0.0707 kl=0.002 (205s)
  step 9400/10000 l1=0.0698 kl=0.002 (210s)
  step 9600/10000 l1=0.0702 kl=0.002 (214s)
  step 9800/10000 l1=0.0677 kl=0.001 (219s)
  step 10000/10000 l1=0.0677 kl=0.001 (223s)
[TRAIN-PASS] cluster=libero_object_task9 grid=[10, 20, 40, 80] depth=False
