
===== batch_train_libero_object_task5 attempt=0 start=2026-08-29 00:20:42 =====
/home/asmr/miniconda3/envs/hv2_hab/bin/python -u habits/train.py --h5 /home/asmr/workspace/habitvla2/data/e2/libero_object_task5.hdf5 --cluster libero_object_task5 --n-grid 10 20 40 80 --out /home/asmr/workspace/habitvla2/checkpoints/rgb_only_rerun/batch --no-depth
cluster=libero_object_task5 success episodes=112
=== train n=10 -> /home/asmr/workspace/habitvla2/checkpoints/rgb_only_rerun/batch/libero_object_task5/act_n10.pt ===
  step 200/4000 l1=0.4149 kl=0.290 (5s)
  step 400/4000 l1=0.2848 kl=0.208 (9s)
  step 600/4000 l1=0.2562 kl=0.201 (14s)
  step 800/4000 l1=0.2343 kl=0.216 (18s)
  step 1000/4000 l1=0.2061 kl=0.164 (23s)
  step 1200/4000 l1=0.1935 kl=0.150 (27s)
  step 1400/4000 l1=0.1770 kl=0.133 (32s)
  step 1600/4000 l1=0.1673 kl=0.149 (36s)
  step 1800/4000 l1=0.1636 kl=0.120 (41s)
  step 2000/4000 l1=0.1522 kl=0.109 (45s)
  step 2200/4000 l1=0.1470 kl=0.095 (50s)
  step 2400/4000 l1=0.1410 kl=0.078 (54s)
  step 2600/4000 l1=0.1347 kl=0.080 (58s)
  step 2800/4000 l1=0.1307 kl=0.076 (63s)
  step 3000/4000 l1=0.1282 kl=0.070 (67s)
  step 3200/4000 l1=0.1248 kl=0.056 (72s)
  step 3400/4000 l1=0.1208 kl=0.056 (76s)
  step 3600/4000 l1=0.1168 kl=0.044 (81s)
  step 3800/4000 l1=0.1139 kl=0.043 (85s)
  step 4000/4000 l1=0.1130 kl=0.038 (90s)
=== train n=20 -> /home/asmr/workspace/habitvla2/checkpoints/rgb_only_rerun/batch/libero_object_task5/act_n20.pt ===
warm-start from /home/asmr/workspace/habitvla2/checkpoints/rgb_only_rerun/batch/libero_object_task5/act_n10.pt
  step 200/6000 l1=0.1816 kl=0.037 (5s)
  step 400/6000 l1=0.1469 kl=0.032 (9s)
  step 600/6000 l1=0.1354 kl=0.028 (13s)
  step 800/6000 l1=0.1274 kl=0.030 (18s)
  step 1000/6000 l1=0.1213 kl=0.026 (22s)
  step 1200/6000 l1=0.1165 kl=0.023 (27s)
  step 1400/6000 l1=0.1141 kl=0.020 (31s)
  step 1600/6000 l1=0.1097 kl=0.024 (36s)
  step 1800/6000 l1=0.1078 kl=0.022 (40s)
  step 2000/6000 l1=0.1069 kl=0.020 (45s)
  step 2200/6000 l1=0.1031 kl=0.019 (49s)
  step 2400/6000 l1=0.0999 kl=0.015 (54s)
  step 2600/6000 l1=0.0992 kl=0.017 (58s)
  step 2800/6000 l1=0.0999 kl=0.016 (62s)
  step 3000/6000 l1=0.0979 kl=0.014 (67s)
  step 3200/6000 l1=0.0950 kl=0.013 (71s)
  step 3400/6000 l1=0.0929 kl=0.014 (76s)
  step 3600/6000 l1=0.0910 kl=0.013 (80s)
  step 3800/6000 l1=0.0893 kl=0.013 (85s)
  step 4000/6000 l1=0.0891 kl=0.013 (89s)
  step 4200/6000 l1=0.0870 kl=0.011 (94s)
  step 4400/6000 l1=0.0860 kl=0.010 (98s)
  step 4600/6000 l1=0.0840 kl=0.012 (103s)
  step 4800/6000 l1=0.0857 kl=0.011 (107s)
  step 5000/6000 l1=0.0832 kl=0.009 (112s)
  step 5200/6000 l1=0.0814 kl=0.012 (116s)
  step 5400/6000 l1=0.0813 kl=0.011 (121s)
  step 5600/6000 l1=0.0803 kl=0.009 (125s)
  step 5800/6000 l1=0.0791 kl=0.010 (129s)
  step 6000/6000 l1=0.0778 kl=0.009 (134s)
=== train n=40 -> /home/asmr/workspace/habitvla2/checkpoints/rgb_only_rerun/batch/libero_object_task5/act_n40.pt ===
warm-start from /home/asmr/workspace/habitvla2/checkpoints/rgb_only_rerun/batch/libero_object_task5/act_n20.pt
  step 200/8000 l1=0.1562 kl=0.010 (5s)
  step 400/8000 l1=0.1314 kl=0.011 (9s)
  step 600/8000 l1=0.1180 kl=0.008 (13s)
  step 800/8000 l1=0.1098 kl=0.008 (18s)
  step 1000/8000 l1=0.1051 kl=0.007 (22s)
  step 1200/8000 l1=0.0995 kl=0.007 (27s)
  step 1400/8000 l1=0.0958 kl=0.007 (31s)
  step 1600/8000 l1=0.0940 kl=0.005 (36s)
  step 1800/8000 l1=0.0909 kl=0.007 (40s)
  step 2000/8000 l1=0.0897 kl=0.006 (45s)
  step 2200/8000 l1=0.0885 kl=0.006 (49s)
  step 2400/8000 l1=0.0892 kl=0.006 (53s)
  step 2600/8000 l1=0.0846 kl=0.006 (58s)
  step 2800/8000 l1=0.0834 kl=0.006 (62s)
  step 3000/8000 l1=0.0827 kl=0.006 (67s)
  step 3200/8000 l1=0.0831 kl=0.006 (71s)
  step 3400/8000 l1=0.0807 kl=0.005 (76s)
  step 3600/8000 l1=0.0789 kl=0.005 (80s)
  step 3800/8000 l1=0.0792 kl=0.006 (85s)
  step 4000/8000 l1=0.0769 kl=0.005 (89s)
  step 4200/8000 l1=0.0792 kl=0.004 (94s)
  step 4400/8000 l1=0.0763 kl=0.005 (98s)
  step 4600/8000 l1=0.0745 kl=0.004 (103s)
  step 4800/8000 l1=0.0748 kl=0.006 (107s)
  step 5000/8000 l1=0.0747 kl=0.004 (111s)
  step 5200/8000 l1=0.0735 kl=0.005 (116s)
  step 5400/8000 l1=0.0738 kl=0.005 (120s)
  step 5600/8000 l1=0.0751 kl=0.003 (125s)
  step 5800/8000 l1=0.0714 kl=0.004 (129s)
  step 6000/8000 l1=0.0699 kl=0.004 (134s)
  step 6200/8000 l1=0.0703 kl=0.003 (138s)
  step 6400/8000 l1=0.0708 kl=0.005 (143s)
  step 6600/8000 l1=0.0706 kl=0.003 (147s)
  step 6800/8000 l1=0.0707 kl=0.004 (152s)
  step 7000/8000 l1=0.0691 kl=0.004 (156s)
  step 7200/8000 l1=0.0683 kl=0.003 (161s)
  step 7400/8000 l1=0.0675 kl=0.003 (165s)
  step 7600/8000 l1=0.0670 kl=0.003 (169s)
  step 7800/8000 l1=0.0699 kl=0.004 (174s)
  step 8000/8000 l1=0.0677 kl=0.003 (178s)
=== train n=80 -> /home/asmr/workspace/habitvla2/checkpoints/rgb_only_rerun/batch/libero_object_task5/act_n80.pt ===
warm-start from /home/asmr/workspace/habitvla2/checkpoints/rgb_only_rerun/batch/libero_object_task5/act_n40.pt
  step 200/10000 l1=0.1417 kl=0.003 (5s)
  step 400/10000 l1=0.1259 kl=0.004 (9s)
  step 600/10000 l1=0.1173 kl=0.003 (13s)
  step 800/10000 l1=0.1124 kl=0.003 (18s)
  step 1000/10000 l1=0.1052 kl=0.003 (22s)
  step 1200/10000 l1=0.0997 kl=0.003 (27s)
  step 1400/10000 l1=0.0976 kl=0.003 (31s)
  step 1600/10000 l1=0.0944 kl=0.003 (36s)
  step 1800/10000 l1=0.0917 kl=0.002 (40s)
  step 2000/10000 l1=0.0882 kl=0.003 (45s)
  step 2200/10000 l1=0.0868 kl=0.004 (49s)
  step 2400/10000 l1=0.0829 kl=0.003 (54s)
  step 2600/10000 l1=0.0827 kl=0.002 (58s)
  step 2800/10000 l1=0.0825 kl=0.002 (62s)
  step 3000/10000 l1=0.0807 kl=0.002 (67s)
  step 3200/10000 l1=0.0815 kl=0.002 (71s)
  step 3400/10000 l1=0.0793 kl=0.002 (76s)
  step 3600/10000 l1=0.0775 kl=0.002 (80s)
  step 3800/10000 l1=0.0758 kl=0.003 (85s)
  step 4000/10000 l1=0.0748 kl=0.002 (89s)
  step 4200/10000 l1=0.0757 kl=0.002 (94s)
  step 4400/10000 l1=0.0771 kl=0.002 (98s)
  step 4600/10000 l1=0.0744 kl=0.002 (103s)
  step 4800/10000 l1=0.0729 kl=0.002 (107s)
  step 5000/10000 l1=0.0724 kl=0.002 (111s)
  step 5200/10000 l1=0.0721 kl=0.002 (116s)
  step 5400/10000 l1=0.0721 kl=0.002 (120s)
  step 5600/10000 l1=0.0710 kl=0.002 (125s)
  step 5800/10000 l1=0.0708 kl=0.002 (129s)
  step 6000/10000 l1=0.0702 kl=0.002 (134s)
  step 6200/10000 l1=0.0689 kl=0.002 (138s)
  step 6400/10000 l1=0.0701 kl=0.001 (143s)
  step 6600/10000 l1=0.0682 kl=0.002 (147s)
  step 6800/10000 l1=0.0690 kl=0.002 (152s)
  step 7000/10000 l1=0.0681 kl=0.002 (156s)
  step 7200/10000 l1=0.0677 kl=0.001 (160s)
  step 7400/10000 l1=0.0677 kl=0.002 (165s)
  step 7600/10000 l1=0.0662 kl=0.001 (169s)
  step 7800/10000 l1=0.0657 kl=0.001 (174s)
  step 8000/10000 l1=0.0671 kl=0.002 (178s)
  step 8200/10000 l1=0.0668 kl=0.001 (183s)
  step 8400/10000 l1=0.0662 kl=0.001 (187s)
  step 8600/10000 l1=0.0654 kl=0.002 (191s)
  step 8800/10000 l1=0.0653 kl=0.001 (196s)
  step 9000/10000 l1=0.0654 kl=0.001 (200s)
  step 9200/10000 l1=0.0643 kl=0.001 (205s)
  step 9400/10000 l1=0.0642 kl=0.001 (209s)
  step 9600/10000 l1=0.0641 kl=0.001 (214s)
  step 9800/10000 l1=0.0638 kl=0.001 (218s)
  step 10000/10000 l1=0.0647 kl=0.001 (223s)
[TRAIN-PASS] cluster=libero_object_task5 grid=[10, 20, 40, 80] depth=False
