
===== batch_train_libero_object_task0 attempt=0 start=2026-08-28 23:03:46 =====
/home/asmr/miniconda3/envs/hv2_hab/bin/python -u habits/train.py --h5 /home/asmr/workspace/habitvla2/data/e2/libero_object_task0.hdf5 --cluster libero_object_task0 --n-grid 10 20 40 80 --out /home/asmr/workspace/habitvla2/checkpoints/rgb_only_rerun/batch --no-depth
cluster=libero_object_task0 success episodes=117
=== train n=10 -> /home/asmr/workspace/habitvla2/checkpoints/rgb_only_rerun/batch/libero_object_task0/act_n10.pt ===
  step 200/4000 l1=0.4377 kl=0.254 (5s)
  step 400/4000 l1=0.3031 kl=0.258 (9s)
  step 600/4000 l1=0.2730 kl=0.179 (14s)
  step 800/4000 l1=0.2494 kl=0.183 (18s)
  step 1000/4000 l1=0.2285 kl=0.149 (23s)
  step 1200/4000 l1=0.2125 kl=0.151 (27s)
  step 1400/4000 l1=0.2039 kl=0.136 (32s)
  step 1600/4000 l1=0.1920 kl=0.139 (37s)
  step 1800/4000 l1=0.1810 kl=0.117 (41s)
  step 2000/4000 l1=0.1781 kl=0.105 (45s)
  step 2200/4000 l1=0.1645 kl=0.088 (50s)
  step 2400/4000 l1=0.1621 kl=0.090 (55s)
  step 2600/4000 l1=0.1541 kl=0.080 (59s)
  step 2800/4000 l1=0.1461 kl=0.070 (64s)
  step 3000/4000 l1=0.1425 kl=0.068 (68s)
  step 3200/4000 l1=0.1350 kl=0.050 (72s)
  step 3400/4000 l1=0.1322 kl=0.044 (77s)
  step 3600/4000 l1=0.1290 kl=0.044 (81s)
  step 3800/4000 l1=0.1240 kl=0.044 (86s)
  step 4000/4000 l1=0.1217 kl=0.035 (90s)
=== train n=20 -> /home/asmr/workspace/habitvla2/checkpoints/rgb_only_rerun/batch/libero_object_task0/act_n20.pt ===
warm-start from /home/asmr/workspace/habitvla2/checkpoints/rgb_only_rerun/batch/libero_object_task0/act_n10.pt
  step 200/6000 l1=0.1969 kl=0.034 (5s)
  step 400/6000 l1=0.1636 kl=0.031 (9s)
  step 600/6000 l1=0.1485 kl=0.031 (13s)
  step 800/6000 l1=0.1419 kl=0.029 (18s)
  step 1000/6000 l1=0.1334 kl=0.027 (22s)
  step 1200/6000 l1=0.1291 kl=0.024 (27s)
  step 1400/6000 l1=0.1283 kl=0.022 (31s)
  step 1600/6000 l1=0.1206 kl=0.020 (36s)
  step 1800/6000 l1=0.1201 kl=0.019 (40s)
  step 2000/6000 l1=0.1152 kl=0.019 (45s)
  step 2200/6000 l1=0.1145 kl=0.018 (49s)
  step 2400/6000 l1=0.1121 kl=0.017 (54s)
  step 2600/6000 l1=0.1094 kl=0.017 (58s)
  step 2800/6000 l1=0.1076 kl=0.014 (63s)
  step 3000/6000 l1=0.1070 kl=0.014 (67s)
  step 3200/6000 l1=0.1046 kl=0.017 (72s)
  step 3400/6000 l1=0.1017 kl=0.013 (76s)
  step 3600/6000 l1=0.1009 kl=0.012 (81s)
  step 3800/6000 l1=0.0975 kl=0.012 (85s)
  step 4000/6000 l1=0.0982 kl=0.012 (90s)
  step 4200/6000 l1=0.0970 kl=0.012 (94s)
  step 4400/6000 l1=0.0948 kl=0.011 (99s)
  step 4600/6000 l1=0.0942 kl=0.013 (103s)
  step 4800/6000 l1=0.0946 kl=0.010 (108s)
  step 5000/6000 l1=0.0928 kl=0.011 (112s)
  step 5200/6000 l1=0.0895 kl=0.010 (117s)
  step 5400/6000 l1=0.0879 kl=0.009 (121s)
  step 5600/6000 l1=0.0900 kl=0.010 (126s)
  step 5800/6000 l1=0.0876 kl=0.008 (131s)
  step 6000/6000 l1=0.0873 kl=0.007 (136s)
=== train n=40 -> /home/asmr/workspace/habitvla2/checkpoints/rgb_only_rerun/batch/libero_object_task0/act_n40.pt ===
warm-start from /home/asmr/workspace/habitvla2/checkpoints/rgb_only_rerun/batch/libero_object_task0/act_n20.pt
  step 200/8000 l1=0.2051 kl=0.010 (5s)
  step 400/8000 l1=0.1724 kl=0.008 (11s)
  step 600/8000 l1=0.1521 kl=0.009 (17s)
  step 800/8000 l1=0.1414 kl=0.007 (22s)
  step 1000/8000 l1=0.1315 kl=0.009 (27s)
  step 1200/8000 l1=0.1254 kl=0.007 (33s)
  step 1400/8000 l1=0.1187 kl=0.007 (38s)
  step 1600/8000 l1=0.1140 kl=0.007 (43s)
  step 1800/8000 l1=0.1105 kl=0.008 (48s)
  step 2000/8000 l1=0.1090 kl=0.007 (53s)
  step 2200/8000 l1=0.1059 kl=0.006 (59s)
  step 2400/8000 l1=0.1044 kl=0.006 (64s)
  step 2600/8000 l1=0.1007 kl=0.005 (69s)
  step 2800/8000 l1=0.0998 kl=0.007 (75s)
  step 3000/8000 l1=0.0968 kl=0.006 (80s)
  step 3200/8000 l1=0.0946 kl=0.007 (86s)
  step 3400/8000 l1=0.0946 kl=0.005 (91s)
  step 3600/8000 l1=0.0943 kl=0.006 (97s)
  step 3800/8000 l1=0.0917 kl=0.007 (102s)
  step 4000/8000 l1=0.0937 kl=0.006 (107s)
  step 4200/8000 l1=0.0908 kl=0.004 (113s)
  step 4400/8000 l1=0.0877 kl=0.005 (119s)
  step 4600/8000 l1=0.0901 kl=0.005 (125s)
  step 4800/8000 l1=0.0876 kl=0.005 (131s)
  step 5000/8000 l1=0.0855 kl=0.005 (135s)
  step 5200/8000 l1=0.0858 kl=0.004 (140s)
  step 5400/8000 l1=0.0848 kl=0.005 (146s)
  step 5600/8000 l1=0.0857 kl=0.004 (151s)
  step 5800/8000 l1=0.0829 kl=0.004 (157s)
  step 6000/8000 l1=0.0816 kl=0.004 (162s)
  step 6200/8000 l1=0.0830 kl=0.004 (168s)
  step 6400/8000 l1=0.0817 kl=0.004 (174s)
  step 6600/8000 l1=0.0809 kl=0.004 (181s)
  step 6800/8000 l1=0.0805 kl=0.003 (187s)
  step 7000/8000 l1=0.0798 kl=0.004 (193s)
  step 7200/8000 l1=0.0796 kl=0.003 (198s)
  step 7400/8000 l1=0.0786 kl=0.005 (203s)
  step 7600/8000 l1=0.0791 kl=0.004 (208s)
  step 7800/8000 l1=0.0768 kl=0.004 (213s)
  step 8000/8000 l1=0.0775 kl=0.004 (218s)
=== train n=80 -> /home/asmr/workspace/habitvla2/checkpoints/rgb_only_rerun/batch/libero_object_task0/act_n80.pt ===
warm-start from /home/asmr/workspace/habitvla2/checkpoints/rgb_only_rerun/batch/libero_object_task0/act_n40.pt
  step 200/10000 l1=0.1695 kl=0.003 (5s)
  step 400/10000 l1=0.1526 kl=0.003 (10s)
  step 600/10000 l1=0.1438 kl=0.003 (16s)
  step 800/10000 l1=0.1355 kl=0.003 (21s)
  step 1000/10000 l1=0.1265 kl=0.003 (29s)
  step 1200/10000 l1=0.1196 kl=0.003 (38s)
  step 1400/10000 l1=0.1175 kl=0.003 (46s)
  step 1600/10000 l1=0.1107 kl=0.003 (54s)
  step 1800/10000 l1=0.1103 kl=0.002 (63s)
  step 2000/10000 l1=0.1059 kl=0.003 (71s)
  step 2200/10000 l1=0.1024 kl=0.003 (79s)
  step 2400/10000 l1=0.1014 kl=0.002 (87s)
  step 2600/10000 l1=0.0993 kl=0.003 (96s)
  step 2800/10000 l1=0.0958 kl=0.003 (104s)
  step 3000/10000 l1=0.0952 kl=0.002 (112s)
  step 3200/10000 l1=0.0940 kl=0.002 (121s)
  step 3400/10000 l1=0.0943 kl=0.002 (127s)
  step 3600/10000 l1=0.0910 kl=0.002 (132s)
  step 3800/10000 l1=0.0894 kl=0.003 (137s)
  step 4000/10000 l1=0.0889 kl=0.002 (142s)
  step 4200/10000 l1=0.0886 kl=0.002 (147s)
  step 4400/10000 l1=0.0891 kl=0.002 (152s)
  step 4600/10000 l1=0.0885 kl=0.003 (157s)
  step 4800/10000 l1=0.0860 kl=0.002 (162s)
  step 5000/10000 l1=0.0843 kl=0.002 (167s)
  step 5200/10000 l1=0.0833 kl=0.002 (172s)
  step 5400/10000 l1=0.0851 kl=0.002 (177s)
  step 5600/10000 l1=0.0802 kl=0.002 (183s)
  step 5800/10000 l1=0.0814 kl=0.002 (189s)
  step 6000/10000 l1=0.0795 kl=0.002 (198s)
  step 6200/10000 l1=0.0823 kl=0.002 (206s)
  step 6400/10000 l1=0.0802 kl=0.002 (214s)
  step 6600/10000 l1=0.0802 kl=0.001 (223s)
  step 6800/10000 l1=0.0806 kl=0.002 (231s)
  step 7000/10000 l1=0.0815 kl=0.001 (239s)
  step 7200/10000 l1=0.0793 kl=0.002 (247s)
  step 7400/10000 l1=0.0800 kl=0.002 (256s)
  step 7600/10000 l1=0.0774 kl=0.002 (264s)
  step 7800/10000 l1=0.0773 kl=0.002 (272s)
  step 8000/10000 l1=0.0762 kl=0.002 (281s)
  step 8200/10000 l1=0.0766 kl=0.001 (289s)
  step 8400/10000 l1=0.0764 kl=0.001 (294s)
  step 8600/10000 l1=0.0750 kl=0.001 (299s)
  step 8800/10000 l1=0.0759 kl=0.001 (304s)
  step 9000/10000 l1=0.0755 kl=0.001 (309s)
  step 9200/10000 l1=0.0752 kl=0.001 (315s)
  step 9400/10000 l1=0.0743 kl=0.001 (320s)
  step 9600/10000 l1=0.0743 kl=0.001 (325s)
  step 9800/10000 l1=0.0750 kl=0.001 (330s)
  step 10000/10000 l1=0.0737 kl=0.001 (335s)
[TRAIN-PASS] cluster=libero_object_task0 grid=[10, 20, 40, 80] depth=False
