
===== batch_train_libero_10_task2 attempt=0 start=2026-08-29 04:31:26 =====
/home/asmr/miniconda3/envs/hv2_hab/bin/python -u habits/train.py --h5 /home/asmr/workspace/habitvla2/data/e3/libero_10_task2.hdf5 --cluster libero_10_task2 --n-grid 10 20 40 80 --out /home/asmr/workspace/habitvla2/checkpoints/rgb_only_rerun/batch --no-depth
cluster=libero_10_task2 success episodes=119
=== train n=10 -> /home/asmr/workspace/habitvla2/checkpoints/rgb_only_rerun/batch/libero_10_task2/act_n10.pt ===
  step 200/4000 l1=0.4334 kl=0.240 (5s)
  step 400/4000 l1=0.2748 kl=0.203 (9s)
  step 600/4000 l1=0.2420 kl=0.207 (14s)
  step 800/4000 l1=0.2265 kl=0.198 (18s)
  step 1000/4000 l1=0.2154 kl=0.183 (23s)
  step 1200/4000 l1=0.2081 kl=0.162 (27s)
  step 1400/4000 l1=0.1971 kl=0.155 (32s)
  step 1600/4000 l1=0.1873 kl=0.116 (36s)
  step 1800/4000 l1=0.1807 kl=0.131 (40s)
  step 2000/4000 l1=0.1744 kl=0.113 (45s)
  step 2200/4000 l1=0.1656 kl=0.094 (49s)
  step 2400/4000 l1=0.1587 kl=0.084 (54s)
  step 2600/4000 l1=0.1531 kl=0.085 (58s)
  step 2800/4000 l1=0.1481 kl=0.070 (63s)
  step 3000/4000 l1=0.1481 kl=0.065 (67s)
  step 3200/4000 l1=0.1374 kl=0.062 (72s)
  step 3400/4000 l1=0.1340 kl=0.049 (76s)
  step 3600/4000 l1=0.1282 kl=0.049 (80s)
  step 3800/4000 l1=0.1271 kl=0.041 (85s)
  step 4000/4000 l1=0.1227 kl=0.033 (89s)
=== train n=20 -> /home/asmr/workspace/habitvla2/checkpoints/rgb_only_rerun/batch/libero_10_task2/act_n20.pt ===
warm-start from /home/asmr/workspace/habitvla2/checkpoints/rgb_only_rerun/batch/libero_10_task2/act_n10.pt
  step 200/6000 l1=0.1700 kl=0.032 (5s)
  step 400/6000 l1=0.1494 kl=0.030 (9s)
  step 600/6000 l1=0.1358 kl=0.028 (14s)
  step 800/6000 l1=0.1292 kl=0.030 (18s)
  step 1000/6000 l1=0.1249 kl=0.027 (22s)
  step 1200/6000 l1=0.1226 kl=0.025 (27s)
  step 1400/6000 l1=0.1153 kl=0.023 (31s)
  step 1600/6000 l1=0.1129 kl=0.020 (36s)
  step 1800/6000 l1=0.1144 kl=0.017 (40s)
  step 2000/6000 l1=0.1113 kl=0.021 (45s)
  step 2200/6000 l1=0.1072 kl=0.018 (49s)
  step 2400/6000 l1=0.1078 kl=0.017 (54s)
  step 2600/6000 l1=0.1070 kl=0.017 (58s)
  step 2800/6000 l1=0.1026 kl=0.014 (63s)
  step 3000/6000 l1=0.1003 kl=0.015 (67s)
  step 3200/6000 l1=0.1008 kl=0.014 (72s)
  step 3400/6000 l1=0.1000 kl=0.016 (76s)
  step 3600/6000 l1=0.0973 kl=0.015 (81s)
  step 3800/6000 l1=0.0970 kl=0.012 (85s)
  step 4000/6000 l1=0.0957 kl=0.011 (89s)
  step 4200/6000 l1=0.0908 kl=0.011 (94s)
  step 4400/6000 l1=0.0921 kl=0.010 (98s)
  step 4600/6000 l1=0.0910 kl=0.011 (103s)
  step 4800/6000 l1=0.0897 kl=0.010 (107s)
  step 5000/6000 l1=0.0909 kl=0.010 (112s)
  step 5200/6000 l1=0.0873 kl=0.010 (116s)
  step 5400/6000 l1=0.0854 kl=0.008 (121s)
  step 5600/6000 l1=0.0870 kl=0.011 (125s)
  step 5800/6000 l1=0.0860 kl=0.009 (130s)
  step 6000/6000 l1=0.0842 kl=0.009 (134s)
=== train n=40 -> /home/asmr/workspace/habitvla2/checkpoints/rgb_only_rerun/batch/libero_10_task2/act_n40.pt ===
warm-start from /home/asmr/workspace/habitvla2/checkpoints/rgb_only_rerun/batch/libero_10_task2/act_n20.pt
  step 200/8000 l1=0.1416 kl=0.008 (5s)
  step 400/8000 l1=0.1289 kl=0.008 (9s)
  step 600/8000 l1=0.1204 kl=0.009 (13s)
  step 800/8000 l1=0.1109 kl=0.009 (18s)
  step 1000/8000 l1=0.1068 kl=0.008 (22s)
  step 1200/8000 l1=0.1033 kl=0.008 (27s)
  step 1400/8000 l1=0.0998 kl=0.006 (31s)
  step 1600/8000 l1=0.0976 kl=0.007 (36s)
  step 1800/8000 l1=0.0933 kl=0.006 (40s)
  step 2000/8000 l1=0.0936 kl=0.008 (45s)
  step 2200/8000 l1=0.0927 kl=0.006 (49s)
  step 2400/8000 l1=0.0920 kl=0.006 (54s)
  step 2600/8000 l1=0.0887 kl=0.006 (58s)
  step 2800/8000 l1=0.0873 kl=0.006 (63s)
  step 3000/8000 l1=0.0852 kl=0.006 (67s)
  step 3200/8000 l1=0.0855 kl=0.005 (71s)
  step 3400/8000 l1=0.0837 kl=0.006 (76s)
  step 3600/8000 l1=0.0833 kl=0.006 (80s)
  step 3800/8000 l1=0.0815 kl=0.005 (85s)
  step 4000/8000 l1=0.0818 kl=0.005 (89s)
  step 4200/8000 l1=0.0805 kl=0.004 (94s)
  step 4400/8000 l1=0.0804 kl=0.004 (98s)
  step 4600/8000 l1=0.0779 kl=0.005 (103s)
  step 4800/8000 l1=0.0783 kl=0.004 (107s)
  step 5000/8000 l1=0.0766 kl=0.005 (112s)
  step 5200/8000 l1=0.0763 kl=0.004 (116s)
  step 5400/8000 l1=0.0780 kl=0.004 (121s)
  step 5600/8000 l1=0.0766 kl=0.004 (125s)
  step 5800/8000 l1=0.0750 kl=0.004 (129s)
  step 6000/8000 l1=0.0746 kl=0.004 (134s)
  step 6200/8000 l1=0.0749 kl=0.004 (138s)
  step 6400/8000 l1=0.0730 kl=0.005 (143s)
  step 6600/8000 l1=0.0730 kl=0.005 (147s)
  step 6800/8000 l1=0.0743 kl=0.004 (152s)
  step 7000/8000 l1=0.0730 kl=0.004 (156s)
  step 7200/8000 l1=0.0716 kl=0.003 (161s)
  step 7400/8000 l1=0.0717 kl=0.005 (165s)
  step 7600/8000 l1=0.0716 kl=0.003 (170s)
  step 7800/8000 l1=0.0709 kl=0.003 (174s)
  step 8000/8000 l1=0.0709 kl=0.004 (179s)
=== train n=80 -> /home/asmr/workspace/habitvla2/checkpoints/rgb_only_rerun/batch/libero_10_task2/act_n80.pt ===
warm-start from /home/asmr/workspace/habitvla2/checkpoints/rgb_only_rerun/batch/libero_10_task2/act_n40.pt
  step 200/10000 l1=0.1256 kl=0.003 (5s)
  step 400/10000 l1=0.1199 kl=0.004 (9s)
  step 600/10000 l1=0.1168 kl=0.003 (13s)
  step 800/10000 l1=0.1091 kl=0.003 (18s)
  step 1000/10000 l1=0.1052 kl=0.003 (22s)
  step 1200/10000 l1=0.1046 kl=0.003 (27s)
  step 1400/10000 l1=0.0997 kl=0.002 (31s)
  step 1600/10000 l1=0.0987 kl=0.002 (36s)
  step 1800/10000 l1=0.0966 kl=0.003 (40s)
  step 2000/10000 l1=0.0937 kl=0.002 (45s)
  step 2200/10000 l1=0.0918 kl=0.003 (49s)
  step 2400/10000 l1=0.0895 kl=0.003 (54s)
  step 2600/10000 l1=0.0861 kl=0.002 (58s)
  step 2800/10000 l1=0.0881 kl=0.003 (62s)
  step 3000/10000 l1=0.0851 kl=0.003 (67s)
  step 3200/10000 l1=0.0840 kl=0.002 (71s)
  step 3400/10000 l1=0.0841 kl=0.002 (76s)
  step 3600/10000 l1=0.0841 kl=0.003 (80s)
  step 3800/10000 l1=0.0819 kl=0.002 (85s)
  step 4000/10000 l1=0.0789 kl=0.002 (89s)
  step 4200/10000 l1=0.0785 kl=0.002 (94s)
  step 4400/10000 l1=0.0797 kl=0.002 (98s)
  step 4600/10000 l1=0.0800 kl=0.002 (103s)
  step 4800/10000 l1=0.0782 kl=0.002 (107s)
  step 5000/10000 l1=0.0780 kl=0.002 (112s)
  step 5200/10000 l1=0.0781 kl=0.002 (116s)
  step 5400/10000 l1=0.0766 kl=0.002 (120s)
  step 5600/10000 l1=0.0761 kl=0.002 (125s)
  step 5800/10000 l1=0.0776 kl=0.002 (129s)
  step 6000/10000 l1=0.0738 kl=0.002 (134s)
  step 6200/10000 l1=0.0740 kl=0.002 (138s)
  step 6400/10000 l1=0.0747 kl=0.001 (143s)
  step 6600/10000 l1=0.0725 kl=0.002 (147s)
  step 6800/10000 l1=0.0721 kl=0.001 (152s)
  step 7000/10000 l1=0.0731 kl=0.001 (156s)
  step 7200/10000 l1=0.0730 kl=0.001 (161s)
  step 7400/10000 l1=0.0737 kl=0.002 (165s)
  step 7600/10000 l1=0.0716 kl=0.001 (170s)
  step 7800/10000 l1=0.0726 kl=0.001 (174s)
  step 8000/10000 l1=0.0720 kl=0.002 (178s)
  step 8200/10000 l1=0.0699 kl=0.001 (183s)
  step 8400/10000 l1=0.0721 kl=0.001 (187s)
  step 8600/10000 l1=0.0701 kl=0.001 (192s)
  step 8800/10000 l1=0.0696 kl=0.001 (196s)
  step 9000/10000 l1=0.0683 kl=0.001 (201s)
  step 9200/10000 l1=0.0681 kl=0.001 (205s)
  step 9400/10000 l1=0.0694 kl=0.001 (210s)
  step 9600/10000 l1=0.0675 kl=0.001 (214s)
  step 9800/10000 l1=0.0672 kl=0.001 (219s)
  step 10000/10000 l1=0.0674 kl=0.002 (223s)
[TRAIN-PASS] cluster=libero_10_task2 grid=[10, 20, 40, 80] depth=False
