
===== batch_train_libero_object_task3 attempt=0 start=2026-08-28 23:53:48 =====
/home/asmr/miniconda3/envs/hv2_hab/bin/python -u habits/train.py --h5 /home/asmr/workspace/habitvla2/data/e3/libero_object_task3.hdf5 --cluster libero_object_task3 --n-grid 10 20 40 80 --out /home/asmr/workspace/habitvla2/checkpoints/rgb_only_rerun/batch --no-depth
cluster=libero_object_task3 success episodes=116
=== train n=10 -> /home/asmr/workspace/habitvla2/checkpoints/rgb_only_rerun/batch/libero_object_task3/act_n10.pt ===
  step 200/4000 l1=0.4546 kl=0.266 (5s)
  step 400/4000 l1=0.3122 kl=0.213 (9s)
  step 600/4000 l1=0.2752 kl=0.190 (14s)
  step 800/4000 l1=0.2556 kl=0.174 (18s)
  step 1000/4000 l1=0.2347 kl=0.185 (23s)
  step 1200/4000 l1=0.2205 kl=0.147 (27s)
  step 1400/4000 l1=0.2044 kl=0.170 (32s)
  step 1600/4000 l1=0.1914 kl=0.121 (36s)
  step 1800/4000 l1=0.1796 kl=0.109 (41s)
  step 2000/4000 l1=0.1728 kl=0.101 (45s)
  step 2200/4000 l1=0.1651 kl=0.086 (49s)
  step 2400/4000 l1=0.1576 kl=0.089 (54s)
  step 2600/4000 l1=0.1507 kl=0.075 (58s)
  step 2800/4000 l1=0.1453 kl=0.076 (63s)
  step 3000/4000 l1=0.1392 kl=0.062 (67s)
  step 3200/4000 l1=0.1361 kl=0.062 (72s)
  step 3400/4000 l1=0.1332 kl=0.043 (76s)
  step 3600/4000 l1=0.1280 kl=0.043 (81s)
  step 3800/4000 l1=0.1254 kl=0.042 (85s)
  step 4000/4000 l1=0.1222 kl=0.044 (90s)
=== train n=20 -> /home/asmr/workspace/habitvla2/checkpoints/rgb_only_rerun/batch/libero_object_task3/act_n20.pt ===
warm-start from /home/asmr/workspace/habitvla2/checkpoints/rgb_only_rerun/batch/libero_object_task3/act_n10.pt
  step 200/6000 l1=0.1980 kl=0.034 (5s)
  step 400/6000 l1=0.1621 kl=0.033 (9s)
  step 600/6000 l1=0.1459 kl=0.029 (14s)
  step 800/6000 l1=0.1354 kl=0.027 (18s)
  step 1000/6000 l1=0.1298 kl=0.028 (22s)
  step 1200/6000 l1=0.1273 kl=0.024 (27s)
  step 1400/6000 l1=0.1206 kl=0.022 (31s)
  step 1600/6000 l1=0.1191 kl=0.019 (36s)
  step 1800/6000 l1=0.1149 kl=0.020 (40s)
  step 2000/6000 l1=0.1143 kl=0.021 (45s)
  step 2200/6000 l1=0.1103 kl=0.016 (49s)
  step 2400/6000 l1=0.1076 kl=0.016 (54s)
  step 2600/6000 l1=0.1101 kl=0.016 (58s)
  step 2800/6000 l1=0.1057 kl=0.015 (63s)
  step 3000/6000 l1=0.1035 kl=0.014 (67s)
  step 3200/6000 l1=0.1023 kl=0.014 (72s)
  step 3400/6000 l1=0.0995 kl=0.013 (76s)
  step 3600/6000 l1=0.0993 kl=0.011 (80s)
  step 3800/6000 l1=0.0979 kl=0.010 (85s)
  step 4000/6000 l1=0.0977 kl=0.013 (89s)
  step 4200/6000 l1=0.0955 kl=0.011 (94s)
  step 4400/6000 l1=0.0943 kl=0.011 (98s)
  step 4600/6000 l1=0.0920 kl=0.011 (103s)
  step 4800/6000 l1=0.0921 kl=0.011 (107s)
  step 5000/6000 l1=0.0932 kl=0.009 (112s)
  step 5200/6000 l1=0.0904 kl=0.010 (116s)
  step 5400/6000 l1=0.0897 kl=0.009 (121s)
  step 5600/6000 l1=0.0871 kl=0.010 (125s)
  step 5800/6000 l1=0.0870 kl=0.008 (130s)
  step 6000/6000 l1=0.0857 kl=0.009 (134s)
=== train n=40 -> /home/asmr/workspace/habitvla2/checkpoints/rgb_only_rerun/batch/libero_object_task3/act_n40.pt ===
warm-start from /home/asmr/workspace/habitvla2/checkpoints/rgb_only_rerun/batch/libero_object_task3/act_n20.pt
  step 200/8000 l1=0.1821 kl=0.008 (5s)
  step 400/8000 l1=0.1535 kl=0.008 (9s)
  step 600/8000 l1=0.1326 kl=0.010 (13s)
  step 800/8000 l1=0.1222 kl=0.008 (18s)
  step 1000/8000 l1=0.1162 kl=0.007 (22s)
  step 1200/8000 l1=0.1127 kl=0.007 (27s)
  step 1400/8000 l1=0.1076 kl=0.007 (31s)
  step 1600/8000 l1=0.1061 kl=0.005 (36s)
  step 1800/8000 l1=0.0998 kl=0.007 (40s)
  step 2000/8000 l1=0.1009 kl=0.007 (45s)
  step 2200/8000 l1=0.0967 kl=0.007 (49s)
  step 2400/8000 l1=0.0949 kl=0.006 (54s)
  step 2600/8000 l1=0.0922 kl=0.006 (58s)
  step 2800/8000 l1=0.0919 kl=0.006 (62s)
  step 3000/8000 l1=0.0877 kl=0.005 (67s)
  step 3200/8000 l1=0.0914 kl=0.005 (71s)
  step 3400/8000 l1=0.0904 kl=0.005 (76s)
  step 3600/8000 l1=0.0879 kl=0.006 (80s)
  step 3800/8000 l1=0.0879 kl=0.005 (85s)
  step 4000/8000 l1=0.0863 kl=0.005 (89s)
  step 4200/8000 l1=0.0847 kl=0.005 (94s)
  step 4400/8000 l1=0.0840 kl=0.005 (98s)
  step 4600/8000 l1=0.0841 kl=0.004 (103s)
  step 4800/8000 l1=0.0828 kl=0.005 (107s)
  step 5000/8000 l1=0.0825 kl=0.004 (112s)
  step 5200/8000 l1=0.0816 kl=0.005 (116s)
  step 5400/8000 l1=0.0813 kl=0.004 (120s)
  step 5600/8000 l1=0.0813 kl=0.006 (125s)
  step 5800/8000 l1=0.0787 kl=0.005 (129s)
  step 6000/8000 l1=0.0780 kl=0.005 (134s)
  step 6200/8000 l1=0.0773 kl=0.005 (138s)
  step 6400/8000 l1=0.0782 kl=0.003 (143s)
  step 6600/8000 l1=0.0763 kl=0.003 (147s)
  step 6800/8000 l1=0.0760 kl=0.004 (152s)
  step 7000/8000 l1=0.0759 kl=0.003 (156s)
  step 7200/8000 l1=0.0741 kl=0.003 (161s)
  step 7400/8000 l1=0.0749 kl=0.003 (165s)
  step 7600/8000 l1=0.0761 kl=0.004 (170s)
  step 7800/8000 l1=0.0757 kl=0.004 (174s)
  step 8000/8000 l1=0.0724 kl=0.003 (179s)
=== train n=80 -> /home/asmr/workspace/habitvla2/checkpoints/rgb_only_rerun/batch/libero_object_task3/act_n80.pt ===
warm-start from /home/asmr/workspace/habitvla2/checkpoints/rgb_only_rerun/batch/libero_object_task3/act_n40.pt
  step 200/10000 l1=0.1744 kl=0.003 (5s)
  step 400/10000 l1=0.1558 kl=0.003 (9s)
  step 600/10000 l1=0.1418 kl=0.003 (13s)
  step 800/10000 l1=0.1362 kl=0.003 (18s)
  step 1000/10000 l1=0.1269 kl=0.003 (22s)
  step 1200/10000 l1=0.1225 kl=0.003 (27s)
  step 1400/10000 l1=0.1161 kl=0.003 (31s)
  step 1600/10000 l1=0.1126 kl=0.003 (36s)
  step 1800/10000 l1=0.1074 kl=0.003 (40s)
  step 2000/10000 l1=0.1096 kl=0.003 (45s)
  step 2200/10000 l1=0.1033 kl=0.002 (49s)
  step 2400/10000 l1=0.1026 kl=0.002 (54s)
  step 2600/10000 l1=0.0987 kl=0.003 (58s)
  step 2800/10000 l1=0.0971 kl=0.002 (63s)
  step 3000/10000 l1=0.0974 kl=0.002 (67s)
  step 3200/10000 l1=0.0918 kl=0.003 (71s)
  step 3400/10000 l1=0.0927 kl=0.002 (76s)
  step 3600/10000 l1=0.0915 kl=0.002 (80s)
  step 3800/10000 l1=0.0900 kl=0.002 (85s)
  step 4000/10000 l1=0.0892 kl=0.002 (89s)
  step 4200/10000 l1=0.0884 kl=0.002 (94s)
  step 4400/10000 l1=0.0855 kl=0.002 (98s)
  step 4600/10000 l1=0.0873 kl=0.002 (103s)
  step 4800/10000 l1=0.0851 kl=0.002 (107s)
  step 5000/10000 l1=0.0848 kl=0.002 (112s)
  step 5200/10000 l1=0.0830 kl=0.002 (116s)
  step 5400/10000 l1=0.0819 kl=0.002 (121s)
  step 5600/10000 l1=0.0802 kl=0.002 (125s)
  step 5800/10000 l1=0.0800 kl=0.002 (129s)
  step 6000/10000 l1=0.0814 kl=0.002 (134s)
  step 6200/10000 l1=0.0814 kl=0.002 (138s)
  step 6400/10000 l1=0.0801 kl=0.002 (143s)
  step 6600/10000 l1=0.0782 kl=0.001 (147s)
  step 6800/10000 l1=0.0808 kl=0.001 (152s)
  step 7000/10000 l1=0.0791 kl=0.002 (156s)
  step 7200/10000 l1=0.0782 kl=0.001 (161s)
  step 7400/10000 l1=0.0765 kl=0.001 (165s)
  step 7600/10000 l1=0.0776 kl=0.001 (170s)
  step 7800/10000 l1=0.0753 kl=0.001 (174s)
  step 8000/10000 l1=0.0762 kl=0.002 (178s)
  step 8200/10000 l1=0.0755 kl=0.001 (183s)
  step 8400/10000 l1=0.0754 kl=0.001 (187s)
  step 8600/10000 l1=0.0752 kl=0.001 (192s)
  step 8800/10000 l1=0.0744 kl=0.001 (196s)
  step 9000/10000 l1=0.0745 kl=0.001 (201s)
  step 9200/10000 l1=0.0741 kl=0.001 (205s)
  step 9400/10000 l1=0.0738 kl=0.001 (210s)
  step 9600/10000 l1=0.0735 kl=0.001 (214s)
  step 9800/10000 l1=0.0757 kl=0.001 (219s)
  step 10000/10000 l1=0.0731 kl=0.001 (223s)
[TRAIN-PASS] cluster=libero_object_task3 grid=[10, 20, 40, 80] depth=False
