
===== batch_train_libero_goal_task1 attempt=0 start=2026-08-29 01:46:41 =====
/home/asmr/miniconda3/envs/hv2_hab/bin/python -u habits/train.py --h5 /home/asmr/workspace/habitvla2/data/e3/libero_goal_task1.hdf5 --cluster libero_goal_task1 --n-grid 10 20 40 80 --out /home/asmr/workspace/habitvla2/checkpoints/rgb_only_rerun/batch --no-depth
cluster=libero_goal_task1 success episodes=118
=== train n=10 -> /home/asmr/workspace/habitvla2/checkpoints/rgb_only_rerun/batch/libero_goal_task1/act_n10.pt ===
  step 200/4000 l1=0.4234 kl=0.298 (5s)
  step 400/4000 l1=0.3081 kl=0.252 (10s)
  step 600/4000 l1=0.2797 kl=0.221 (14s)
  step 800/4000 l1=0.2372 kl=0.175 (19s)
  step 1000/4000 l1=0.2075 kl=0.189 (23s)
  step 1200/4000 l1=0.1889 kl=0.161 (28s)
  step 1400/4000 l1=0.1776 kl=0.155 (32s)
  step 1600/4000 l1=0.1717 kl=0.125 (37s)
  step 1800/4000 l1=0.1613 kl=0.119 (41s)
  step 2000/4000 l1=0.1528 kl=0.128 (45s)
  step 2200/4000 l1=0.1487 kl=0.088 (50s)
  step 2400/4000 l1=0.1412 kl=0.075 (54s)
  step 2600/4000 l1=0.1376 kl=0.079 (59s)
  step 2800/4000 l1=0.1334 kl=0.068 (63s)
  step 3000/4000 l1=0.1278 kl=0.096 (68s)
  step 3200/4000 l1=0.1248 kl=0.065 (72s)
  step 3400/4000 l1=0.1219 kl=0.053 (76s)
  step 3600/4000 l1=0.1170 kl=0.050 (81s)
  step 3800/4000 l1=0.1146 kl=0.049 (85s)
  step 4000/4000 l1=0.1114 kl=0.041 (90s)
=== train n=20 -> /home/asmr/workspace/habitvla2/checkpoints/rgb_only_rerun/batch/libero_goal_task1/act_n20.pt ===
warm-start from /home/asmr/workspace/habitvla2/checkpoints/rgb_only_rerun/batch/libero_goal_task1/act_n10.pt
  step 200/6000 l1=0.1800 kl=0.039 (5s)
  step 400/6000 l1=0.1473 kl=0.033 (9s)
  step 600/6000 l1=0.1334 kl=0.033 (14s)
  step 800/6000 l1=0.1242 kl=0.029 (18s)
  step 1000/6000 l1=0.1181 kl=0.028 (23s)
  step 1200/6000 l1=0.1144 kl=0.026 (27s)
  step 1400/6000 l1=0.1116 kl=0.022 (32s)
  step 1600/6000 l1=0.1075 kl=0.024 (36s)
  step 1800/6000 l1=0.1062 kl=0.021 (40s)
  step 2000/6000 l1=0.1033 kl=0.021 (45s)
  step 2200/6000 l1=0.1035 kl=0.016 (49s)
  step 2400/6000 l1=0.0996 kl=0.020 (54s)
  step 2600/6000 l1=0.0974 kl=0.017 (58s)
  step 2800/6000 l1=0.0970 kl=0.017 (63s)
  step 3000/6000 l1=0.0943 kl=0.016 (67s)
  step 3200/6000 l1=0.0918 kl=0.017 (72s)
  step 3400/6000 l1=0.0913 kl=0.016 (76s)
  step 3600/6000 l1=0.0895 kl=0.013 (81s)
  step 3800/6000 l1=0.0884 kl=0.014 (85s)
  step 4000/6000 l1=0.0904 kl=0.012 (90s)
  step 4200/6000 l1=0.0863 kl=0.013 (94s)
  step 4400/6000 l1=0.0852 kl=0.012 (99s)
  step 4600/6000 l1=0.0847 kl=0.011 (103s)
  step 4800/6000 l1=0.0839 kl=0.011 (108s)
  step 5000/6000 l1=0.0834 kl=0.010 (112s)
  step 5200/6000 l1=0.0805 kl=0.010 (116s)
  step 5400/6000 l1=0.0811 kl=0.011 (121s)
  step 5600/6000 l1=0.0806 kl=0.010 (125s)
  step 5800/6000 l1=0.0781 kl=0.007 (130s)
  step 6000/6000 l1=0.0785 kl=0.009 (134s)
=== train n=40 -> /home/asmr/workspace/habitvla2/checkpoints/rgb_only_rerun/batch/libero_goal_task1/act_n40.pt ===
warm-start from /home/asmr/workspace/habitvla2/checkpoints/rgb_only_rerun/batch/libero_goal_task1/act_n20.pt
  step 200/8000 l1=0.1616 kl=0.007 (5s)
  step 400/8000 l1=0.1365 kl=0.007 (9s)
  step 600/8000 l1=0.1182 kl=0.008 (13s)
  step 800/8000 l1=0.1079 kl=0.007 (18s)
  step 1000/8000 l1=0.1020 kl=0.008 (22s)
  step 1200/8000 l1=0.0943 kl=0.007 (27s)
  step 1400/8000 l1=0.0951 kl=0.008 (31s)
  step 1600/8000 l1=0.0910 kl=0.007 (36s)
  step 1800/8000 l1=0.0870 kl=0.008 (40s)
  step 2000/8000 l1=0.0854 kl=0.007 (44s)
  step 2200/8000 l1=0.0840 kl=0.007 (49s)
  step 2400/8000 l1=0.0837 kl=0.007 (53s)
  step 2600/8000 l1=0.0816 kl=0.006 (58s)
  step 2800/8000 l1=0.0819 kl=0.006 (62s)
  step 3000/8000 l1=0.0818 kl=0.006 (67s)
  step 3200/8000 l1=0.0784 kl=0.006 (71s)
  step 3400/8000 l1=0.0766 kl=0.005 (76s)
  step 3600/8000 l1=0.0780 kl=0.006 (80s)
  step 3800/8000 l1=0.0780 kl=0.006 (85s)
  step 4000/8000 l1=0.0765 kl=0.005 (89s)
  step 4200/8000 l1=0.0741 kl=0.005 (93s)
  step 4400/8000 l1=0.0760 kl=0.006 (98s)
  step 4600/8000 l1=0.0741 kl=0.004 (102s)
  step 4800/8000 l1=0.0722 kl=0.005 (107s)
  step 5000/8000 l1=0.0728 kl=0.005 (111s)
  step 5200/8000 l1=0.0707 kl=0.004 (116s)
  step 5400/8000 l1=0.0710 kl=0.004 (120s)
  step 5600/8000 l1=0.0713 kl=0.005 (125s)
  step 5800/8000 l1=0.0712 kl=0.004 (129s)
  step 6000/8000 l1=0.0712 kl=0.004 (134s)
  step 6200/8000 l1=0.0684 kl=0.005 (138s)
  step 6400/8000 l1=0.0690 kl=0.004 (143s)
  step 6600/8000 l1=0.0674 kl=0.003 (147s)
  step 6800/8000 l1=0.0682 kl=0.005 (152s)
  step 7000/8000 l1=0.0670 kl=0.004 (156s)
  step 7200/8000 l1=0.0670 kl=0.004 (160s)
  step 7400/8000 l1=0.0683 kl=0.004 (165s)
  step 7600/8000 l1=0.0658 kl=0.003 (169s)
  step 7800/8000 l1=0.0668 kl=0.004 (174s)
  step 8000/8000 l1=0.0657 kl=0.003 (178s)
=== train n=80 -> /home/asmr/workspace/habitvla2/checkpoints/rgb_only_rerun/batch/libero_goal_task1/act_n80.pt ===
warm-start from /home/asmr/workspace/habitvla2/checkpoints/rgb_only_rerun/batch/libero_goal_task1/act_n40.pt
  step 200/10000 l1=0.1478 kl=0.003 (5s)
  step 400/10000 l1=0.1294 kl=0.003 (9s)
  step 600/10000 l1=0.1207 kl=0.003 (13s)
  step 800/10000 l1=0.1088 kl=0.003 (18s)
  step 1000/10000 l1=0.1058 kl=0.003 (22s)
  step 1200/10000 l1=0.0975 kl=0.003 (27s)
  step 1400/10000 l1=0.0950 kl=0.002 (31s)
  step 1600/10000 l1=0.0923 kl=0.004 (36s)
  step 1800/10000 l1=0.0891 kl=0.003 (40s)
  step 2000/10000 l1=0.0860 kl=0.003 (45s)
  step 2200/10000 l1=0.0842 kl=0.003 (49s)
  step 2400/10000 l1=0.0809 kl=0.002 (54s)
  step 2600/10000 l1=0.0785 kl=0.003 (58s)
  step 2800/10000 l1=0.0790 kl=0.003 (62s)
  step 3000/10000 l1=0.0782 kl=0.002 (67s)
  step 3200/10000 l1=0.0774 kl=0.002 (71s)
  step 3400/10000 l1=0.0755 kl=0.003 (76s)
  step 3600/10000 l1=0.0748 kl=0.002 (80s)
  step 3800/10000 l1=0.0736 kl=0.003 (85s)
  step 4000/10000 l1=0.0716 kl=0.002 (89s)
  step 4200/10000 l1=0.0709 kl=0.002 (94s)
  step 4400/10000 l1=0.0713 kl=0.002 (98s)
  step 4600/10000 l1=0.0712 kl=0.002 (103s)
  step 4800/10000 l1=0.0709 kl=0.002 (107s)
  step 5000/10000 l1=0.0705 kl=0.002 (111s)
  step 5200/10000 l1=0.0706 kl=0.002 (116s)
  step 5400/10000 l1=0.0678 kl=0.002 (120s)
  step 5600/10000 l1=0.0676 kl=0.002 (125s)
  step 5800/10000 l1=0.0679 kl=0.002 (129s)
  step 6000/10000 l1=0.0687 kl=0.002 (134s)
  step 6200/10000 l1=0.0684 kl=0.002 (138s)
  step 6400/10000 l1=0.0706 kl=0.002 (143s)
  step 6600/10000 l1=0.0657 kl=0.002 (147s)
  step 6800/10000 l1=0.0661 kl=0.002 (151s)
  step 7000/10000 l1=0.0656 kl=0.002 (156s)
  step 7200/10000 l1=0.0662 kl=0.002 (160s)
  step 7400/10000 l1=0.0637 kl=0.002 (165s)
  step 7600/10000 l1=0.0657 kl=0.001 (169s)
  step 7800/10000 l1=0.0642 kl=0.002 (174s)
  step 8000/10000 l1=0.0627 kl=0.002 (178s)
  step 8200/10000 l1=0.0646 kl=0.001 (183s)
  step 8400/10000 l1=0.0635 kl=0.001 (187s)
  step 8600/10000 l1=0.0633 kl=0.002 (192s)
  step 8800/10000 l1=0.0619 kl=0.001 (196s)
  step 9000/10000 l1=0.0632 kl=0.002 (200s)
  step 9200/10000 l1=0.0639 kl=0.001 (205s)
  step 9400/10000 l1=0.0624 kl=0.001 (209s)
  step 9600/10000 l1=0.0610 kl=0.001 (214s)
  step 9800/10000 l1=0.0614 kl=0.001 (218s)
  step 10000/10000 l1=0.0608 kl=0.001 (223s)
[TRAIN-PASS] cluster=libero_goal_task1 grid=[10, 20, 40, 80] depth=False
