
===== batch_train_libero_spatial_task1 attempt=0 start=2026-08-29 04:00:12 =====
/home/asmr/miniconda3/envs/hv2_hab/bin/python -u habits/train.py --h5 /home/asmr/workspace/habitvla2/data/e3/libero_spatial_task1.hdf5 --cluster libero_spatial_task1 --n-grid 10 20 40 80 --out /home/asmr/workspace/habitvla2/checkpoints/rgb_only_rerun/batch --no-depth
cluster=libero_spatial_task1 success episodes=118
=== train n=10 -> /home/asmr/workspace/habitvla2/checkpoints/rgb_only_rerun/batch/libero_spatial_task1/act_n10.pt ===
  step 200/4000 l1=0.3971 kl=0.274 (5s)
  step 400/4000 l1=0.2769 kl=0.253 (10s)
  step 600/4000 l1=0.2485 kl=0.201 (14s)
  step 800/4000 l1=0.2215 kl=0.202 (19s)
  step 1000/4000 l1=0.2066 kl=0.165 (23s)
  step 1200/4000 l1=0.1902 kl=0.156 (27s)
  step 1400/4000 l1=0.1753 kl=0.152 (32s)
  step 1600/4000 l1=0.1682 kl=0.136 (36s)
  step 1800/4000 l1=0.1571 kl=0.143 (41s)
  step 2000/4000 l1=0.1515 kl=0.096 (45s)
  step 2200/4000 l1=0.1402 kl=0.083 (50s)
  step 2400/4000 l1=0.1391 kl=0.092 (54s)
  step 2600/4000 l1=0.1329 kl=0.087 (58s)
  step 2800/4000 l1=0.1296 kl=0.070 (63s)
  step 3000/4000 l1=0.1283 kl=0.068 (67s)
  step 3200/4000 l1=0.1206 kl=0.057 (72s)
  step 3400/4000 l1=0.1171 kl=0.059 (76s)
  step 3600/4000 l1=0.1138 kl=0.036 (81s)
  step 3800/4000 l1=0.1166 kl=0.045 (85s)
  step 4000/4000 l1=0.1127 kl=0.043 (89s)
=== train n=20 -> /home/asmr/workspace/habitvla2/checkpoints/rgb_only_rerun/batch/libero_spatial_task1/act_n20.pt ===
warm-start from /home/asmr/workspace/habitvla2/checkpoints/rgb_only_rerun/batch/libero_spatial_task1/act_n10.pt
  step 200/6000 l1=0.1585 kl=0.040 (5s)
  step 400/6000 l1=0.1303 kl=0.038 (9s)
  step 600/6000 l1=0.1205 kl=0.032 (14s)
  step 800/6000 l1=0.1168 kl=0.028 (18s)
  step 1000/6000 l1=0.1128 kl=0.027 (23s)
  step 1200/6000 l1=0.1117 kl=0.025 (27s)
  step 1400/6000 l1=0.1069 kl=0.025 (31s)
  step 1600/6000 l1=0.1054 kl=0.024 (36s)
  step 1800/6000 l1=0.1008 kl=0.021 (41s)
  step 2000/6000 l1=0.1005 kl=0.017 (45s)
  step 2200/6000 l1=0.0976 kl=0.016 (49s)
  step 2400/6000 l1=0.0972 kl=0.015 (54s)
  step 2600/6000 l1=0.0951 kl=0.016 (58s)
  step 2800/6000 l1=0.0920 kl=0.012 (63s)
  step 3000/6000 l1=0.0926 kl=0.017 (67s)
  step 3200/6000 l1=0.0903 kl=0.016 (72s)
  step 3400/6000 l1=0.0894 kl=0.013 (76s)
  step 3600/6000 l1=0.0879 kl=0.015 (81s)
  step 3800/6000 l1=0.0870 kl=0.012 (85s)
  step 4000/6000 l1=0.0854 kl=0.011 (90s)
  step 4200/6000 l1=0.0838 kl=0.013 (94s)
  step 4400/6000 l1=0.0819 kl=0.013 (99s)
  step 4600/6000 l1=0.0846 kl=0.012 (103s)
  step 4800/6000 l1=0.0810 kl=0.010 (108s)
  step 5000/6000 l1=0.0816 kl=0.010 (112s)
  step 5200/6000 l1=0.0771 kl=0.011 (117s)
  step 5400/6000 l1=0.0774 kl=0.010 (121s)
  step 5600/6000 l1=0.0779 kl=0.010 (125s)
  step 5800/6000 l1=0.0765 kl=0.008 (130s)
  step 6000/6000 l1=0.0748 kl=0.011 (134s)
=== train n=40 -> /home/asmr/workspace/habitvla2/checkpoints/rgb_only_rerun/batch/libero_spatial_task1/act_n40.pt ===
warm-start from /home/asmr/workspace/habitvla2/checkpoints/rgb_only_rerun/batch/libero_spatial_task1/act_n20.pt
  step 200/8000 l1=0.1436 kl=0.010 (5s)
  step 400/8000 l1=0.1243 kl=0.008 (9s)
  step 600/8000 l1=0.1122 kl=0.009 (13s)
  step 800/8000 l1=0.1027 kl=0.008 (18s)
  step 1000/8000 l1=0.0963 kl=0.007 (22s)
  step 1200/8000 l1=0.0919 kl=0.009 (27s)
  step 1400/8000 l1=0.0920 kl=0.007 (31s)
  step 1600/8000 l1=0.0862 kl=0.008 (36s)
  step 1800/8000 l1=0.0851 kl=0.008 (40s)
  step 2000/8000 l1=0.0841 kl=0.007 (45s)
  step 2200/8000 l1=0.0837 kl=0.007 (49s)
  step 2400/8000 l1=0.0791 kl=0.007 (53s)
  step 2600/8000 l1=0.0810 kl=0.006 (58s)
  step 2800/8000 l1=0.0804 kl=0.006 (62s)
  step 3000/8000 l1=0.0793 kl=0.006 (67s)
  step 3200/8000 l1=0.0783 kl=0.006 (71s)
  step 3400/8000 l1=0.0767 kl=0.005 (76s)
  step 3600/8000 l1=0.0750 kl=0.005 (80s)
  step 3800/8000 l1=0.0736 kl=0.005 (85s)
  step 4000/8000 l1=0.0738 kl=0.005 (89s)
  step 4200/8000 l1=0.0745 kl=0.005 (94s)
  step 4400/8000 l1=0.0728 kl=0.005 (98s)
  step 4600/8000 l1=0.0709 kl=0.005 (102s)
  step 4800/8000 l1=0.0724 kl=0.004 (107s)
  step 5000/8000 l1=0.0720 kl=0.005 (111s)
  step 5200/8000 l1=0.0694 kl=0.004 (116s)
  step 5400/8000 l1=0.0695 kl=0.004 (120s)
  step 5600/8000 l1=0.0703 kl=0.004 (125s)
  step 5800/8000 l1=0.0689 kl=0.005 (129s)
  step 6000/8000 l1=0.0667 kl=0.004 (134s)
  step 6200/8000 l1=0.0671 kl=0.004 (138s)
  step 6400/8000 l1=0.0674 kl=0.004 (142s)
  step 6600/8000 l1=0.0667 kl=0.003 (147s)
  step 6800/8000 l1=0.0689 kl=0.004 (151s)
  step 7000/8000 l1=0.0670 kl=0.004 (156s)
  step 7200/8000 l1=0.0648 kl=0.004 (160s)
  step 7400/8000 l1=0.0663 kl=0.003 (165s)
  step 7600/8000 l1=0.0654 kl=0.003 (169s)
  step 7800/8000 l1=0.0640 kl=0.003 (174s)
  step 8000/8000 l1=0.0650 kl=0.004 (178s)
=== train n=80 -> /home/asmr/workspace/habitvla2/checkpoints/rgb_only_rerun/batch/libero_spatial_task1/act_n80.pt ===
warm-start from /home/asmr/workspace/habitvla2/checkpoints/rgb_only_rerun/batch/libero_spatial_task1/act_n40.pt
  step 200/10000 l1=0.1258 kl=0.004 (5s)
  step 400/10000 l1=0.1145 kl=0.003 (9s)
  step 600/10000 l1=0.1073 kl=0.003 (13s)
  step 800/10000 l1=0.1022 kl=0.004 (18s)
  step 1000/10000 l1=0.0952 kl=0.003 (22s)
  step 1200/10000 l1=0.0925 kl=0.003 (27s)
  step 1400/10000 l1=0.0890 kl=0.002 (31s)
  step 1600/10000 l1=0.0867 kl=0.003 (36s)
  step 1800/10000 l1=0.0827 kl=0.002 (40s)
  step 2000/10000 l1=0.0805 kl=0.003 (45s)
  step 2200/10000 l1=0.0805 kl=0.003 (49s)
  step 2400/10000 l1=0.0768 kl=0.003 (53s)
  step 2600/10000 l1=0.0764 kl=0.002 (58s)
  step 2800/10000 l1=0.0754 kl=0.002 (62s)
  step 3000/10000 l1=0.0740 kl=0.003 (67s)
  step 3200/10000 l1=0.0741 kl=0.003 (71s)
  step 3400/10000 l1=0.0731 kl=0.003 (76s)
  step 3600/10000 l1=0.0724 kl=0.002 (80s)
  step 3800/10000 l1=0.0707 kl=0.002 (85s)
  step 4000/10000 l1=0.0701 kl=0.002 (89s)
  step 4200/10000 l1=0.0725 kl=0.002 (93s)
  step 4400/10000 l1=0.0698 kl=0.002 (98s)
  step 4600/10000 l1=0.0687 kl=0.003 (102s)
  step 4800/10000 l1=0.0669 kl=0.002 (107s)
  step 5000/10000 l1=0.0686 kl=0.002 (111s)
  step 5200/10000 l1=0.0676 kl=0.002 (116s)
  step 5400/10000 l1=0.0670 kl=0.002 (120s)
  step 5600/10000 l1=0.0669 kl=0.002 (125s)
  step 5800/10000 l1=0.0668 kl=0.002 (129s)
  step 6000/10000 l1=0.0666 kl=0.002 (133s)
  step 6200/10000 l1=0.0650 kl=0.002 (138s)
  step 6400/10000 l1=0.0652 kl=0.002 (142s)
  step 6600/10000 l1=0.0645 kl=0.002 (147s)
  step 6800/10000 l1=0.0639 kl=0.002 (151s)
  step 7000/10000 l1=0.0636 kl=0.001 (156s)
  step 7200/10000 l1=0.0646 kl=0.002 (160s)
  step 7400/10000 l1=0.0648 kl=0.002 (164s)
  step 7600/10000 l1=0.0637 kl=0.001 (169s)
  step 7800/10000 l1=0.0632 kl=0.001 (173s)
  step 8000/10000 l1=0.0619 kl=0.001 (178s)
  step 8200/10000 l1=0.0630 kl=0.002 (182s)
  step 8400/10000 l1=0.0607 kl=0.001 (187s)
  step 8600/10000 l1=0.0631 kl=0.001 (191s)
  step 8800/10000 l1=0.0623 kl=0.002 (196s)
  step 9000/10000 l1=0.0621 kl=0.001 (200s)
  step 9200/10000 l1=0.0614 kl=0.001 (204s)
  step 9400/10000 l1=0.0614 kl=0.002 (209s)
  step 9600/10000 l1=0.0608 kl=0.001 (213s)
  step 9800/10000 l1=0.0607 kl=0.001 (218s)
  step 10000/10000 l1=0.0619 kl=0.001 (222s)
[TRAIN-PASS] cluster=libero_spatial_task1 grid=[10, 20, 40, 80] depth=False
