
===== batch_train_libero_object_task2 attempt=0 start=2026-08-28 23:40:34 =====
/home/asmr/miniconda3/envs/hv2_hab/bin/python -u habits/train.py --h5 /home/asmr/workspace/habitvla2/data/e3/libero_object_task2.hdf5 --cluster libero_object_task2 --n-grid 10 20 40 80 --out /home/asmr/workspace/habitvla2/checkpoints/rgb_only_rerun/batch --no-depth
cluster=libero_object_task2 success episodes=117
=== train n=10 -> /home/asmr/workspace/habitvla2/checkpoints/rgb_only_rerun/batch/libero_object_task2/act_n10.pt ===
  step 200/4000 l1=0.4462 kl=0.246 (5s)
  step 400/4000 l1=0.3116 kl=0.266 (9s)
  step 600/4000 l1=0.2795 kl=0.183 (14s)
  step 800/4000 l1=0.2558 kl=0.195 (18s)
  step 1000/4000 l1=0.2330 kl=0.166 (23s)
  step 1200/4000 l1=0.2150 kl=0.132 (27s)
  step 1400/4000 l1=0.1972 kl=0.139 (32s)
  step 1600/4000 l1=0.1883 kl=0.128 (36s)
  step 1800/4000 l1=0.1756 kl=0.108 (41s)
  step 2000/4000 l1=0.1675 kl=0.107 (45s)
  step 2200/4000 l1=0.1597 kl=0.100 (50s)
  step 2400/4000 l1=0.1538 kl=0.089 (54s)
  step 2600/4000 l1=0.1476 kl=0.093 (59s)
  step 2800/4000 l1=0.1404 kl=0.082 (63s)
  step 3000/4000 l1=0.1370 kl=0.062 (67s)
  step 3200/4000 l1=0.1352 kl=0.060 (72s)
  step 3400/4000 l1=0.1308 kl=0.058 (76s)
  step 3600/4000 l1=0.1265 kl=0.047 (81s)
  step 3800/4000 l1=0.1245 kl=0.042 (85s)
  step 4000/4000 l1=0.1205 kl=0.037 (90s)
=== train n=20 -> /home/asmr/workspace/habitvla2/checkpoints/rgb_only_rerun/batch/libero_object_task2/act_n20.pt ===
warm-start from /home/asmr/workspace/habitvla2/checkpoints/rgb_only_rerun/batch/libero_object_task2/act_n10.pt
  step 200/6000 l1=0.1925 kl=0.035 (5s)
  step 400/6000 l1=0.1524 kl=0.031 (9s)
  step 600/6000 l1=0.1374 kl=0.035 (13s)
  step 800/6000 l1=0.1273 kl=0.028 (18s)
  step 1000/6000 l1=0.1239 kl=0.022 (22s)
  step 1200/6000 l1=0.1207 kl=0.023 (27s)
  step 1400/6000 l1=0.1172 kl=0.026 (31s)
  step 1600/6000 l1=0.1135 kl=0.022 (36s)
  step 1800/6000 l1=0.1128 kl=0.018 (40s)
  step 2000/6000 l1=0.1113 kl=0.016 (45s)
  step 2200/6000 l1=0.1090 kl=0.016 (49s)
  step 2400/6000 l1=0.1066 kl=0.018 (54s)
  step 2600/6000 l1=0.1043 kl=0.017 (58s)
  step 2800/6000 l1=0.1016 kl=0.013 (63s)
  step 3000/6000 l1=0.1021 kl=0.017 (67s)
  step 3200/6000 l1=0.0994 kl=0.014 (72s)
  step 3400/6000 l1=0.0973 kl=0.015 (76s)
  step 3600/6000 l1=0.0968 kl=0.014 (80s)
  step 3800/6000 l1=0.0966 kl=0.012 (85s)
  step 4000/6000 l1=0.0943 kl=0.011 (89s)
  step 4200/6000 l1=0.0913 kl=0.011 (94s)
  step 4400/6000 l1=0.0916 kl=0.011 (98s)
  step 4600/6000 l1=0.0913 kl=0.015 (103s)
  step 4800/6000 l1=0.0889 kl=0.010 (107s)
  step 5000/6000 l1=0.0877 kl=0.010 (112s)
  step 5200/6000 l1=0.0869 kl=0.010 (116s)
  step 5400/6000 l1=0.0844 kl=0.010 (120s)
  step 5600/6000 l1=0.0868 kl=0.009 (125s)
  step 5800/6000 l1=0.0839 kl=0.010 (129s)
  step 6000/6000 l1=0.0840 kl=0.008 (134s)
=== train n=40 -> /home/asmr/workspace/habitvla2/checkpoints/rgb_only_rerun/batch/libero_object_task2/act_n40.pt ===
warm-start from /home/asmr/workspace/habitvla2/checkpoints/rgb_only_rerun/batch/libero_object_task2/act_n20.pt
  step 200/8000 l1=0.1765 kl=0.009 (4s)
  step 400/8000 l1=0.1477 kl=0.009 (9s)
  step 600/8000 l1=0.1329 kl=0.008 (13s)
  step 800/8000 l1=0.1230 kl=0.009 (18s)
  step 1000/8000 l1=0.1144 kl=0.008 (22s)
  step 1200/8000 l1=0.1100 kl=0.006 (27s)
  step 1400/8000 l1=0.1051 kl=0.006 (31s)
  step 1600/8000 l1=0.1009 kl=0.008 (36s)
  step 1800/8000 l1=0.0981 kl=0.007 (40s)
  step 2000/8000 l1=0.0964 kl=0.008 (45s)
  step 2200/8000 l1=0.0951 kl=0.007 (49s)
  step 2400/8000 l1=0.0939 kl=0.006 (54s)
  step 2600/8000 l1=0.0914 kl=0.008 (58s)
  step 2800/8000 l1=0.0906 kl=0.006 (63s)
  step 3000/8000 l1=0.0880 kl=0.006 (67s)
  step 3200/8000 l1=0.0887 kl=0.005 (72s)
  step 3400/8000 l1=0.0860 kl=0.006 (76s)
  step 3600/8000 l1=0.0840 kl=0.005 (81s)
  step 3800/8000 l1=0.0853 kl=0.006 (85s)
  step 4000/8000 l1=0.0835 kl=0.005 (90s)
  step 4200/8000 l1=0.0825 kl=0.004 (94s)
  step 4400/8000 l1=0.0813 kl=0.005 (99s)
  step 4600/8000 l1=0.0816 kl=0.005 (103s)
  step 4800/8000 l1=0.0806 kl=0.004 (108s)
  step 5000/8000 l1=0.0787 kl=0.004 (112s)
  step 5200/8000 l1=0.0803 kl=0.005 (117s)
  step 5400/8000 l1=0.0782 kl=0.005 (121s)
  step 5600/8000 l1=0.0769 kl=0.004 (126s)
  step 5800/8000 l1=0.0758 kl=0.005 (130s)
  step 6000/8000 l1=0.0756 kl=0.004 (135s)
  step 6200/8000 l1=0.0749 kl=0.004 (139s)
  step 6400/8000 l1=0.0740 kl=0.004 (144s)
  step 6600/8000 l1=0.0744 kl=0.004 (148s)
  step 6800/8000 l1=0.0758 kl=0.004 (153s)
  step 7000/8000 l1=0.0740 kl=0.004 (157s)
  step 7200/8000 l1=0.0737 kl=0.004 (162s)
  step 7400/8000 l1=0.0724 kl=0.004 (166s)
  step 7600/8000 l1=0.0713 kl=0.003 (170s)
  step 7800/8000 l1=0.0699 kl=0.003 (175s)
  step 8000/8000 l1=0.0707 kl=0.005 (179s)
=== train n=80 -> /home/asmr/workspace/habitvla2/checkpoints/rgb_only_rerun/batch/libero_object_task2/act_n80.pt ===
warm-start from /home/asmr/workspace/habitvla2/checkpoints/rgb_only_rerun/batch/libero_object_task2/act_n40.pt
  step 200/10000 l1=0.1551 kl=0.003 (5s)
  step 400/10000 l1=0.1373 kl=0.003 (9s)
  step 600/10000 l1=0.1313 kl=0.003 (13s)
  step 800/10000 l1=0.1217 kl=0.003 (18s)
  step 1000/10000 l1=0.1134 kl=0.003 (22s)
  step 1200/10000 l1=0.1110 kl=0.002 (27s)
  step 1400/10000 l1=0.1027 kl=0.002 (31s)
  step 1600/10000 l1=0.1032 kl=0.003 (36s)
  step 1800/10000 l1=0.0976 kl=0.002 (40s)
  step 2000/10000 l1=0.0938 kl=0.003 (45s)
  step 2200/10000 l1=0.0939 kl=0.003 (49s)
  step 2400/10000 l1=0.0908 kl=0.002 (53s)
  step 2600/10000 l1=0.0917 kl=0.003 (58s)
  step 2800/10000 l1=0.0883 kl=0.003 (62s)
  step 3000/10000 l1=0.0883 kl=0.002 (67s)
  step 3200/10000 l1=0.0859 kl=0.002 (71s)
  step 3400/10000 l1=0.0838 kl=0.003 (76s)
  step 3600/10000 l1=0.0843 kl=0.002 (80s)
  step 3800/10000 l1=0.0813 kl=0.002 (85s)
  step 4000/10000 l1=0.0808 kl=0.002 (89s)
  step 4200/10000 l1=0.0807 kl=0.002 (94s)
  step 4400/10000 l1=0.0793 kl=0.002 (98s)
  step 4600/10000 l1=0.0794 kl=0.002 (103s)
  step 4800/10000 l1=0.0783 kl=0.002 (107s)
  step 5000/10000 l1=0.0775 kl=0.002 (112s)
  step 5200/10000 l1=0.0775 kl=0.002 (116s)
  step 5400/10000 l1=0.0762 kl=0.002 (121s)
  step 5600/10000 l1=0.0746 kl=0.002 (125s)
  step 5800/10000 l1=0.0756 kl=0.002 (130s)
  step 6000/10000 l1=0.0759 kl=0.002 (134s)
  step 6200/10000 l1=0.0747 kl=0.002 (139s)
  step 6400/10000 l1=0.0735 kl=0.002 (143s)
  step 6600/10000 l1=0.0729 kl=0.002 (148s)
  step 6800/10000 l1=0.0713 kl=0.002 (152s)
  step 7000/10000 l1=0.0732 kl=0.002 (157s)
  step 7200/10000 l1=0.0734 kl=0.002 (161s)
  step 7400/10000 l1=0.0722 kl=0.002 (166s)
  step 7600/10000 l1=0.0711 kl=0.001 (170s)
  step 7800/10000 l1=0.0713 kl=0.001 (175s)
  step 8000/10000 l1=0.0695 kl=0.002 (179s)
  step 8200/10000 l1=0.0691 kl=0.001 (184s)
  step 8400/10000 l1=0.0699 kl=0.001 (188s)
  step 8600/10000 l1=0.0701 kl=0.001 (193s)
  step 8800/10000 l1=0.0693 kl=0.001 (197s)
  step 9000/10000 l1=0.0680 kl=0.001 (201s)
  step 9200/10000 l1=0.0681 kl=0.001 (206s)
  step 9400/10000 l1=0.0681 kl=0.001 (210s)
  step 9600/10000 l1=0.0672 kl=0.001 (215s)
  step 9800/10000 l1=0.0687 kl=0.001 (219s)
  step 10000/10000 l1=0.0673 kl=0.001 (224s)
[TRAIN-PASS] cluster=libero_object_task2 grid=[10, 20, 40, 80] depth=False
