
===== batch_train_libero_goal_task5 attempt=0 start=2026-08-29 02:40:17 =====
/home/asmr/miniconda3/envs/hv2_hab/bin/python -u habits/train.py --h5 /home/asmr/workspace/habitvla2/data/e3/libero_goal_task5.hdf5 --cluster libero_goal_task5 --n-grid 10 20 40 80 --out /home/asmr/workspace/habitvla2/checkpoints/rgb_only_rerun/batch --no-depth
cluster=libero_goal_task5 success episodes=117
=== train n=10 -> /home/asmr/workspace/habitvla2/checkpoints/rgb_only_rerun/batch/libero_goal_task5/act_n10.pt ===
  step 200/4000 l1=0.3777 kl=0.269 (5s)
  step 400/4000 l1=0.2532 kl=0.204 (9s)
  step 600/4000 l1=0.2267 kl=0.211 (14s)
  step 800/4000 l1=0.2052 kl=0.214 (18s)
  step 1000/4000 l1=0.1944 kl=0.165 (23s)
  step 1200/4000 l1=0.1778 kl=0.152 (27s)
  step 1400/4000 l1=0.1646 kl=0.136 (32s)
  step 1600/4000 l1=0.1556 kl=0.153 (36s)
  step 1800/4000 l1=0.1513 kl=0.124 (41s)
  step 2000/4000 l1=0.1414 kl=0.112 (45s)
  step 2200/4000 l1=0.1406 kl=0.095 (49s)
  step 2400/4000 l1=0.1318 kl=0.079 (54s)
  step 2600/4000 l1=0.1282 kl=0.077 (58s)
  step 2800/4000 l1=0.1246 kl=0.076 (63s)
  step 3000/4000 l1=0.1183 kl=0.072 (67s)
  step 3200/4000 l1=0.1194 kl=0.057 (72s)
  step 3400/4000 l1=0.1178 kl=0.055 (76s)
  step 3600/4000 l1=0.1123 kl=0.045 (81s)
  step 3800/4000 l1=0.1082 kl=0.043 (85s)
  step 4000/4000 l1=0.1067 kl=0.037 (90s)
=== train n=20 -> /home/asmr/workspace/habitvla2/checkpoints/rgb_only_rerun/batch/libero_goal_task5/act_n20.pt ===
warm-start from /home/asmr/workspace/habitvla2/checkpoints/rgb_only_rerun/batch/libero_goal_task5/act_n10.pt
  step 200/6000 l1=0.1814 kl=0.034 (5s)
  step 400/6000 l1=0.1541 kl=0.031 (9s)
  step 600/6000 l1=0.1404 kl=0.029 (13s)
  step 800/6000 l1=0.1300 kl=0.030 (18s)
  step 1000/6000 l1=0.1172 kl=0.029 (22s)
  step 1200/6000 l1=0.1126 kl=0.024 (27s)
  step 1400/6000 l1=0.1087 kl=0.020 (31s)
  step 1600/6000 l1=0.1063 kl=0.026 (36s)
  step 1800/6000 l1=0.1051 kl=0.017 (40s)
  step 2000/6000 l1=0.1024 kl=0.019 (45s)
  step 2200/6000 l1=0.0984 kl=0.016 (49s)
  step 2400/6000 l1=0.0957 kl=0.018 (54s)
  step 2600/6000 l1=0.0982 kl=0.019 (58s)
  step 2800/6000 l1=0.0919 kl=0.021 (63s)
  step 3000/6000 l1=0.0914 kl=0.015 (67s)
  step 3200/6000 l1=0.0937 kl=0.019 (72s)
  step 3400/6000 l1=0.0883 kl=0.016 (76s)
  step 3600/6000 l1=0.0893 kl=0.012 (81s)
  step 3800/6000 l1=0.0865 kl=0.015 (85s)
  step 4000/6000 l1=0.0861 kl=0.010 (90s)
  step 4200/6000 l1=0.0841 kl=0.011 (94s)
  step 4400/6000 l1=0.0832 kl=0.011 (98s)
  step 4600/6000 l1=0.0845 kl=0.012 (103s)
  step 4800/6000 l1=0.0814 kl=0.010 (107s)
  step 5000/6000 l1=0.0820 kl=0.009 (112s)
  step 5200/6000 l1=0.0792 kl=0.008 (116s)
  step 5400/6000 l1=0.0798 kl=0.011 (121s)
  step 5600/6000 l1=0.0785 kl=0.010 (125s)
  step 5800/6000 l1=0.0809 kl=0.008 (130s)
  step 6000/6000 l1=0.0774 kl=0.008 (134s)
=== train n=40 -> /home/asmr/workspace/habitvla2/checkpoints/rgb_only_rerun/batch/libero_goal_task5/act_n40.pt ===
warm-start from /home/asmr/workspace/habitvla2/checkpoints/rgb_only_rerun/batch/libero_goal_task5/act_n20.pt
  step 200/8000 l1=0.1375 kl=0.008 (5s)
  step 400/8000 l1=0.1219 kl=0.007 (9s)
  step 600/8000 l1=0.1098 kl=0.007 (13s)
  step 800/8000 l1=0.1039 kl=0.008 (18s)
  step 1000/8000 l1=0.0976 kl=0.008 (22s)
  step 1200/8000 l1=0.0945 kl=0.007 (27s)
  step 1400/8000 l1=0.0908 kl=0.007 (31s)
  step 1600/8000 l1=0.0860 kl=0.008 (36s)
  step 1800/8000 l1=0.0848 kl=0.007 (40s)
  step 2000/8000 l1=0.0819 kl=0.006 (45s)
  step 2200/8000 l1=0.0801 kl=0.006 (49s)
  step 2400/8000 l1=0.0796 kl=0.008 (54s)
  step 2600/8000 l1=0.0811 kl=0.005 (58s)
  step 2800/8000 l1=0.0747 kl=0.007 (62s)
  step 3000/8000 l1=0.0751 kl=0.006 (67s)
  step 3200/8000 l1=0.0754 kl=0.006 (71s)
  step 3400/8000 l1=0.0758 kl=0.007 (76s)
  step 3600/8000 l1=0.0740 kl=0.006 (80s)
  step 3800/8000 l1=0.0717 kl=0.008 (85s)
  step 4000/8000 l1=0.0725 kl=0.004 (89s)
  step 4200/8000 l1=0.0705 kl=0.005 (94s)
  step 4400/8000 l1=0.0691 kl=0.004 (98s)
  step 4600/8000 l1=0.0704 kl=0.005 (103s)
  step 4800/8000 l1=0.0681 kl=0.007 (107s)
  step 5000/8000 l1=0.0709 kl=0.004 (111s)
  step 5200/8000 l1=0.0681 kl=0.004 (116s)
  step 5400/8000 l1=0.0680 kl=0.005 (120s)
  step 5600/8000 l1=0.0683 kl=0.004 (125s)
  step 5800/8000 l1=0.0655 kl=0.004 (129s)
  step 6000/8000 l1=0.0668 kl=0.004 (134s)
  step 6200/8000 l1=0.0651 kl=0.004 (138s)
  step 6400/8000 l1=0.0675 kl=0.003 (143s)
  step 6600/8000 l1=0.0659 kl=0.004 (147s)
  step 6800/8000 l1=0.0648 kl=0.004 (152s)
  step 7000/8000 l1=0.0644 kl=0.004 (156s)
  step 7200/8000 l1=0.0621 kl=0.004 (160s)
  step 7400/8000 l1=0.0632 kl=0.003 (165s)
  step 7600/8000 l1=0.0636 kl=0.003 (169s)
  step 7800/8000 l1=0.0628 kl=0.003 (174s)
  step 8000/8000 l1=0.0627 kl=0.003 (178s)
=== train n=80 -> /home/asmr/workspace/habitvla2/checkpoints/rgb_only_rerun/batch/libero_goal_task5/act_n80.pt ===
warm-start from /home/asmr/workspace/habitvla2/checkpoints/rgb_only_rerun/batch/libero_goal_task5/act_n40.pt
  step 200/10000 l1=0.1182 kl=0.003 (5s)
  step 400/10000 l1=0.1065 kl=0.003 (9s)
  step 600/10000 l1=0.1028 kl=0.003 (13s)
  step 800/10000 l1=0.0953 kl=0.003 (18s)
  step 1000/10000 l1=0.0921 kl=0.003 (22s)
  step 1200/10000 l1=0.0883 kl=0.003 (27s)
  step 1400/10000 l1=0.0840 kl=0.003 (31s)
  step 1600/10000 l1=0.0801 kl=0.003 (36s)
  step 1800/10000 l1=0.0793 kl=0.003 (40s)
  step 2000/10000 l1=0.0767 kl=0.003 (45s)
  step 2200/10000 l1=0.0754 kl=0.002 (49s)
  step 2400/10000 l1=0.0745 kl=0.003 (54s)
  step 2600/10000 l1=0.0731 kl=0.003 (58s)
  step 2800/10000 l1=0.0714 kl=0.002 (62s)
  step 3000/10000 l1=0.0702 kl=0.002 (67s)
  step 3200/10000 l1=0.0689 kl=0.002 (71s)
  step 3400/10000 l1=0.0686 kl=0.003 (76s)
  step 3600/10000 l1=0.0693 kl=0.002 (80s)
  step 3800/10000 l1=0.0669 kl=0.002 (85s)
  step 4000/10000 l1=0.0657 kl=0.002 (89s)
  step 4200/10000 l1=0.0665 kl=0.002 (94s)
  step 4400/10000 l1=0.0661 kl=0.002 (98s)
  step 4600/10000 l1=0.0649 kl=0.002 (103s)
  step 4800/10000 l1=0.0652 kl=0.002 (107s)
  step 5000/10000 l1=0.0643 kl=0.002 (112s)
  step 5200/10000 l1=0.0642 kl=0.002 (116s)
  step 5400/10000 l1=0.0630 kl=0.001 (120s)
  step 5600/10000 l1=0.0635 kl=0.002 (125s)
  step 5800/10000 l1=0.0608 kl=0.003 (129s)
  step 6000/10000 l1=0.0602 kl=0.001 (134s)
  step 6200/10000 l1=0.0630 kl=0.002 (138s)
  step 6400/10000 l1=0.0605 kl=0.002 (143s)
  step 6600/10000 l1=0.0614 kl=0.002 (147s)
  step 6800/10000 l1=0.0606 kl=0.002 (152s)
  step 7000/10000 l1=0.0618 kl=0.002 (156s)
  step 7200/10000 l1=0.0607 kl=0.002 (161s)
  step 7400/10000 l1=0.0592 kl=0.002 (165s)
  step 7600/10000 l1=0.0583 kl=0.001 (169s)
  step 7800/10000 l1=0.0581 kl=0.001 (174s)
  step 8000/10000 l1=0.0589 kl=0.002 (178s)
  step 8200/10000 l1=0.0611 kl=0.002 (183s)
  step 8400/10000 l1=0.0581 kl=0.001 (187s)
  step 8600/10000 l1=0.0569 kl=0.001 (192s)
  step 8800/10000 l1=0.0583 kl=0.001 (196s)
  step 9000/10000 l1=0.0571 kl=0.001 (201s)
  step 9200/10000 l1=0.0581 kl=0.002 (205s)
  step 9400/10000 l1=0.0567 kl=0.001 (210s)
  step 9600/10000 l1=0.0563 kl=0.001 (214s)
  step 9800/10000 l1=0.0582 kl=0.001 (218s)
  step 10000/10000 l1=0.0559 kl=0.001 (223s)
[TRAIN-PASS] cluster=libero_goal_task5 grid=[10, 20, 40, 80] depth=False
