
===== batch_train_libero_10_task0 attempt=0 start=2026-08-29 04:14:28 =====
/home/asmr/miniconda3/envs/hv2_hab/bin/python -u habits/train.py --h5 /home/asmr/workspace/habitvla2/data/e3/libero_10_task0.hdf5 --cluster libero_10_task0 --n-grid 10 20 40 80 --out /home/asmr/workspace/habitvla2/checkpoints/rgb_only_rerun/batch --no-depth
cluster=libero_10_task0 success episodes=109
=== train n=10 -> /home/asmr/workspace/habitvla2/checkpoints/rgb_only_rerun/batch/libero_10_task0/act_n10.pt ===
  step 200/4000 l1=0.4961 kl=0.316 (5s)
  step 400/4000 l1=0.3243 kl=0.252 (9s)
  step 600/4000 l1=0.2836 kl=0.196 (14s)
  step 800/4000 l1=0.2589 kl=0.192 (18s)
  step 1000/4000 l1=0.2425 kl=0.167 (23s)
  step 1200/4000 l1=0.2218 kl=0.132 (27s)
  step 1400/4000 l1=0.2067 kl=0.156 (31s)
  step 1600/4000 l1=0.1992 kl=0.128 (36s)
  step 1800/4000 l1=0.1923 kl=0.111 (40s)
  step 2000/4000 l1=0.1855 kl=0.116 (45s)
  step 2200/4000 l1=0.1805 kl=0.081 (49s)
  step 2400/4000 l1=0.1719 kl=0.089 (54s)
  step 2600/4000 l1=0.1691 kl=0.076 (58s)
  step 2800/4000 l1=0.1635 kl=0.079 (63s)
  step 3000/4000 l1=0.1579 kl=0.072 (67s)
  step 3200/4000 l1=0.1532 kl=0.057 (71s)
  step 3400/4000 l1=0.1460 kl=0.054 (76s)
  step 3600/4000 l1=0.1418 kl=0.049 (80s)
  step 3800/4000 l1=0.1404 kl=0.039 (85s)
  step 4000/4000 l1=0.1361 kl=0.036 (89s)
=== train n=20 -> /home/asmr/workspace/habitvla2/checkpoints/rgb_only_rerun/batch/libero_10_task0/act_n20.pt ===
warm-start from /home/asmr/workspace/habitvla2/checkpoints/rgb_only_rerun/batch/libero_10_task0/act_n10.pt
  step 200/6000 l1=0.2232 kl=0.039 (5s)
  step 400/6000 l1=0.1851 kl=0.027 (9s)
  step 600/6000 l1=0.1692 kl=0.029 (13s)
  step 800/6000 l1=0.1592 kl=0.026 (18s)
  step 1000/6000 l1=0.1514 kl=0.028 (22s)
  step 1200/6000 l1=0.1436 kl=0.023 (27s)
  step 1400/6000 l1=0.1374 kl=0.021 (31s)
  step 1600/6000 l1=0.1403 kl=0.026 (36s)
  step 1800/6000 l1=0.1332 kl=0.018 (40s)
  step 2000/6000 l1=0.1313 kl=0.017 (44s)
  step 2200/6000 l1=0.1261 kl=0.016 (49s)
  step 2400/6000 l1=0.1254 kl=0.018 (53s)
  step 2600/6000 l1=0.1244 kl=0.015 (58s)
  step 2800/6000 l1=0.1178 kl=0.019 (62s)
  step 3000/6000 l1=0.1177 kl=0.013 (67s)
  step 3200/6000 l1=0.1161 kl=0.016 (71s)
  step 3400/6000 l1=0.1148 kl=0.014 (76s)
  step 3600/6000 l1=0.1132 kl=0.015 (80s)
  step 3800/6000 l1=0.1141 kl=0.013 (85s)
  step 4000/6000 l1=0.1109 kl=0.014 (89s)
  step 4200/6000 l1=0.1075 kl=0.011 (94s)
  step 4400/6000 l1=0.1060 kl=0.008 (98s)
  step 4600/6000 l1=0.1069 kl=0.009 (102s)
  step 4800/6000 l1=0.1063 kl=0.011 (107s)
  step 5000/6000 l1=0.1048 kl=0.010 (111s)
  step 5200/6000 l1=0.1013 kl=0.011 (116s)
  step 5400/6000 l1=0.0994 kl=0.011 (120s)
  step 5600/6000 l1=0.1019 kl=0.008 (125s)
  step 5800/6000 l1=0.0989 kl=0.011 (129s)
  step 6000/6000 l1=0.0976 kl=0.008 (134s)
=== train n=40 -> /home/asmr/workspace/habitvla2/checkpoints/rgb_only_rerun/batch/libero_10_task0/act_n40.pt ===
warm-start from /home/asmr/workspace/habitvla2/checkpoints/rgb_only_rerun/batch/libero_10_task0/act_n20.pt
  step 200/8000 l1=0.1820 kl=0.008 (5s)
  step 400/8000 l1=0.1612 kl=0.007 (9s)
  step 600/8000 l1=0.1537 kl=0.007 (13s)
  step 800/8000 l1=0.1444 kl=0.007 (18s)
  step 1000/8000 l1=0.1383 kl=0.007 (22s)
  step 1200/8000 l1=0.1301 kl=0.007 (27s)
  step 1400/8000 l1=0.1259 kl=0.007 (31s)
  step 1600/8000 l1=0.1218 kl=0.007 (36s)
  step 1800/8000 l1=0.1166 kl=0.007 (40s)
  step 2000/8000 l1=0.1155 kl=0.007 (44s)
  step 2200/8000 l1=0.1145 kl=0.006 (49s)
  step 2400/8000 l1=0.1090 kl=0.005 (53s)
  step 2600/8000 l1=0.1084 kl=0.007 (58s)
  step 2800/8000 l1=0.1079 kl=0.007 (62s)
  step 3000/8000 l1=0.1052 kl=0.005 (67s)
  step 3200/8000 l1=0.1060 kl=0.006 (71s)
  step 3400/8000 l1=0.1029 kl=0.005 (76s)
  step 3600/8000 l1=0.1027 kl=0.006 (80s)
  step 3800/8000 l1=0.1000 kl=0.005 (85s)
  step 4000/8000 l1=0.0998 kl=0.005 (89s)
  step 4200/8000 l1=0.0988 kl=0.005 (93s)
  step 4400/8000 l1=0.0975 kl=0.005 (98s)
  step 4600/8000 l1=0.0958 kl=0.005 (102s)
  step 4800/8000 l1=0.0966 kl=0.005 (107s)
  step 5000/8000 l1=0.0969 kl=0.006 (111s)
  step 5200/8000 l1=0.0937 kl=0.004 (116s)
  step 5400/8000 l1=0.0927 kl=0.005 (120s)
  step 5600/8000 l1=0.0942 kl=0.004 (125s)
  step 5800/8000 l1=0.0901 kl=0.005 (129s)
  step 6000/8000 l1=0.0907 kl=0.004 (134s)
  step 6200/8000 l1=0.0903 kl=0.004 (138s)
  step 6400/8000 l1=0.0917 kl=0.005 (143s)
  step 6600/8000 l1=0.0906 kl=0.004 (147s)
  step 6800/8000 l1=0.0897 kl=0.004 (152s)
  step 7000/8000 l1=0.0887 kl=0.003 (156s)
  step 7200/8000 l1=0.0864 kl=0.004 (160s)
  step 7400/8000 l1=0.0865 kl=0.004 (165s)
  step 7600/8000 l1=0.0867 kl=0.004 (169s)
  step 7800/8000 l1=0.0854 kl=0.003 (174s)
  step 8000/8000 l1=0.0852 kl=0.003 (178s)
=== train n=80 -> /home/asmr/workspace/habitvla2/checkpoints/rgb_only_rerun/batch/libero_10_task0/act_n80.pt ===
warm-start from /home/asmr/workspace/habitvla2/checkpoints/rgb_only_rerun/batch/libero_10_task0/act_n40.pt
  step 200/10000 l1=0.1584 kl=0.003 (5s)
  step 400/10000 l1=0.1545 kl=0.003 (9s)
  step 600/10000 l1=0.1438 kl=0.003 (13s)
  step 800/10000 l1=0.1374 kl=0.002 (18s)
  step 1000/10000 l1=0.1342 kl=0.003 (22s)
  step 1200/10000 l1=0.1309 kl=0.003 (27s)
  step 1400/10000 l1=0.1314 kl=0.003 (31s)
  step 1600/10000 l1=0.1231 kl=0.003 (36s)
  step 1800/10000 l1=0.1239 kl=0.003 (40s)
  step 2000/10000 l1=0.1174 kl=0.002 (45s)
  step 2200/10000 l1=0.1165 kl=0.003 (49s)
  step 2400/10000 l1=0.1132 kl=0.002 (53s)
  step 2600/10000 l1=0.1111 kl=0.003 (58s)
  step 2800/10000 l1=0.1096 kl=0.002 (62s)
  step 3000/10000 l1=0.1072 kl=0.002 (67s)
  step 3200/10000 l1=0.1102 kl=0.003 (71s)
  step 3400/10000 l1=0.1043 kl=0.002 (76s)
  step 3600/10000 l1=0.1050 kl=0.002 (80s)
  step 3800/10000 l1=0.1014 kl=0.002 (85s)
  step 4000/10000 l1=0.1014 kl=0.002 (89s)
  step 4200/10000 l1=0.1002 kl=0.002 (93s)
  step 4400/10000 l1=0.1001 kl=0.002 (98s)
  step 4600/10000 l1=0.0989 kl=0.002 (102s)
  step 4800/10000 l1=0.0950 kl=0.002 (107s)
  step 5000/10000 l1=0.0985 kl=0.002 (111s)
  step 5200/10000 l1=0.0973 kl=0.002 (116s)
  step 5400/10000 l1=0.0960 kl=0.002 (120s)
  step 5600/10000 l1=0.0971 kl=0.002 (125s)
  step 5800/10000 l1=0.0936 kl=0.002 (129s)
  step 6000/10000 l1=0.0938 kl=0.002 (133s)
  step 6200/10000 l1=0.0927 kl=0.001 (138s)
  step 6400/10000 l1=0.0913 kl=0.001 (142s)
  step 6600/10000 l1=0.0939 kl=0.002 (147s)
  step 6800/10000 l1=0.0937 kl=0.002 (151s)
  step 7000/10000 l1=0.0922 kl=0.002 (156s)
  step 7200/10000 l1=0.0908 kl=0.001 (160s)
  step 7400/10000 l1=0.0885 kl=0.001 (165s)
  step 7600/10000 l1=0.0904 kl=0.002 (169s)
  step 7800/10000 l1=0.0861 kl=0.001 (174s)
  step 8000/10000 l1=0.0878 kl=0.002 (178s)
  step 8200/10000 l1=0.0878 kl=0.002 (183s)
  step 8400/10000 l1=0.0872 kl=0.001 (187s)
  step 8600/10000 l1=0.0870 kl=0.001 (191s)
  step 8800/10000 l1=0.0875 kl=0.002 (196s)
  step 9000/10000 l1=0.0847 kl=0.001 (200s)
  step 9200/10000 l1=0.0849 kl=0.002 (205s)
  step 9400/10000 l1=0.0865 kl=0.001 (209s)
  step 9600/10000 l1=0.0850 kl=0.001 (214s)
  step 9800/10000 l1=0.0835 kl=0.002 (218s)
  step 10000/10000 l1=0.0842 kl=0.001 (223s)
[TRAIN-PASS] cluster=libero_10_task0 grid=[10, 20, 40, 80] depth=False
