
===== batch_train_libero_object_task4 attempt=0 start=2026-08-29 00:07:16 =====
/home/asmr/miniconda3/envs/hv2_hab/bin/python -u habits/train.py --h5 /home/asmr/workspace/habitvla2/data/e3/libero_object_task4.hdf5 --cluster libero_object_task4 --n-grid 10 20 40 80 --out /home/asmr/workspace/habitvla2/checkpoints/rgb_only_rerun/batch --no-depth
cluster=libero_object_task4 success episodes=119
=== train n=10 -> /home/asmr/workspace/habitvla2/checkpoints/rgb_only_rerun/batch/libero_object_task4/act_n10.pt ===
  step 200/4000 l1=0.4610 kl=0.271 (5s)
  step 400/4000 l1=0.3109 kl=0.253 (9s)
  step 600/4000 l1=0.2651 kl=0.210 (14s)
  step 800/4000 l1=0.2508 kl=0.185 (18s)
  step 1000/4000 l1=0.2275 kl=0.173 (23s)
  step 1200/4000 l1=0.2165 kl=0.172 (27s)
  step 1400/4000 l1=0.2006 kl=0.134 (32s)
  step 1600/4000 l1=0.1912 kl=0.123 (36s)
  step 1800/4000 l1=0.1880 kl=0.100 (40s)
  step 2000/4000 l1=0.1725 kl=0.111 (45s)
  step 2200/4000 l1=0.1684 kl=0.107 (49s)
  step 2400/4000 l1=0.1615 kl=0.079 (54s)
  step 2600/4000 l1=0.1512 kl=0.074 (58s)
  step 2800/4000 l1=0.1520 kl=0.069 (63s)
  step 3000/4000 l1=0.1436 kl=0.063 (67s)
  step 3200/4000 l1=0.1387 kl=0.066 (72s)
  step 3400/4000 l1=0.1370 kl=0.050 (76s)
  step 3600/4000 l1=0.1346 kl=0.054 (80s)
  step 3800/4000 l1=0.1264 kl=0.041 (85s)
  step 4000/4000 l1=0.1251 kl=0.042 (89s)
=== train n=20 -> /home/asmr/workspace/habitvla2/checkpoints/rgb_only_rerun/batch/libero_object_task4/act_n20.pt ===
warm-start from /home/asmr/workspace/habitvla2/checkpoints/rgb_only_rerun/batch/libero_object_task4/act_n10.pt
  step 200/6000 l1=0.2184 kl=0.032 (5s)
  step 400/6000 l1=0.1738 kl=0.031 (9s)
  step 600/6000 l1=0.1536 kl=0.031 (14s)
  step 800/6000 l1=0.1420 kl=0.027 (18s)
  step 1000/6000 l1=0.1328 kl=0.028 (23s)
  step 1200/6000 l1=0.1290 kl=0.024 (27s)
  step 1400/6000 l1=0.1265 kl=0.021 (31s)
  step 1600/6000 l1=0.1189 kl=0.022 (36s)
  step 1800/6000 l1=0.1198 kl=0.018 (41s)
  step 2000/6000 l1=0.1182 kl=0.018 (45s)
  step 2200/6000 l1=0.1133 kl=0.017 (50s)
  step 2400/6000 l1=0.1130 kl=0.017 (54s)
  step 2600/6000 l1=0.1085 kl=0.016 (58s)
  step 2800/6000 l1=0.1079 kl=0.015 (63s)
  step 3000/6000 l1=0.1052 kl=0.016 (67s)
  step 3200/6000 l1=0.1051 kl=0.013 (72s)
  step 3400/6000 l1=0.1030 kl=0.013 (76s)
  step 3600/6000 l1=0.0994 kl=0.014 (81s)
  step 3800/6000 l1=0.0995 kl=0.012 (85s)
  step 4000/6000 l1=0.0985 kl=0.014 (90s)
  step 4200/6000 l1=0.0969 kl=0.013 (94s)
  step 4400/6000 l1=0.0955 kl=0.011 (99s)
  step 4600/6000 l1=0.0953 kl=0.010 (103s)
  step 4800/6000 l1=0.0929 kl=0.013 (108s)
  step 5000/6000 l1=0.0926 kl=0.008 (112s)
  step 5200/6000 l1=0.0919 kl=0.009 (117s)
  step 5400/6000 l1=0.0911 kl=0.010 (121s)
  step 5600/6000 l1=0.0906 kl=0.008 (126s)
  step 5800/6000 l1=0.0856 kl=0.012 (130s)
  step 6000/6000 l1=0.0889 kl=0.009 (135s)
=== train n=40 -> /home/asmr/workspace/habitvla2/checkpoints/rgb_only_rerun/batch/libero_object_task4/act_n40.pt ===
warm-start from /home/asmr/workspace/habitvla2/checkpoints/rgb_only_rerun/batch/libero_object_task4/act_n20.pt
  step 200/8000 l1=0.1833 kl=0.009 (5s)
  step 400/8000 l1=0.1586 kl=0.007 (9s)
  step 600/8000 l1=0.1410 kl=0.007 (13s)
  step 800/8000 l1=0.1283 kl=0.007 (18s)
  step 1000/8000 l1=0.1206 kl=0.008 (22s)
  step 1200/8000 l1=0.1145 kl=0.007 (27s)
  step 1400/8000 l1=0.1134 kl=0.007 (31s)
  step 1600/8000 l1=0.1038 kl=0.007 (36s)
  step 1800/8000 l1=0.0995 kl=0.007 (40s)
  step 2000/8000 l1=0.1006 kl=0.007 (45s)
  step 2200/8000 l1=0.0988 kl=0.006 (49s)
  step 2400/8000 l1=0.0979 kl=0.005 (54s)
  step 2600/8000 l1=0.0970 kl=0.006 (58s)
  step 2800/8000 l1=0.0934 kl=0.006 (62s)
  step 3000/8000 l1=0.0913 kl=0.007 (67s)
  step 3200/8000 l1=0.0915 kl=0.006 (71s)
  step 3400/8000 l1=0.0915 kl=0.004 (76s)
  step 3600/8000 l1=0.0887 kl=0.005 (80s)
  step 3800/8000 l1=0.0895 kl=0.005 (85s)
  step 4000/8000 l1=0.0879 kl=0.005 (89s)
  step 4200/8000 l1=0.0874 kl=0.005 (94s)
  step 4400/8000 l1=0.0868 kl=0.006 (98s)
  step 4600/8000 l1=0.0860 kl=0.005 (103s)
  step 4800/8000 l1=0.0832 kl=0.004 (107s)
  step 5000/8000 l1=0.0820 kl=0.005 (112s)
  step 5200/8000 l1=0.0837 kl=0.004 (116s)
  step 5400/8000 l1=0.0825 kl=0.004 (121s)
  step 5600/8000 l1=0.0808 kl=0.003 (125s)
  step 5800/8000 l1=0.0830 kl=0.004 (129s)
  step 6000/8000 l1=0.0819 kl=0.004 (134s)
  step 6200/8000 l1=0.0801 kl=0.004 (138s)
  step 6400/8000 l1=0.0797 kl=0.004 (143s)
  step 6600/8000 l1=0.0793 kl=0.005 (147s)
  step 6800/8000 l1=0.0776 kl=0.003 (152s)
  step 7000/8000 l1=0.0797 kl=0.004 (156s)
  step 7200/8000 l1=0.0758 kl=0.003 (161s)
  step 7400/8000 l1=0.0749 kl=0.003 (165s)
  step 7600/8000 l1=0.0773 kl=0.003 (170s)
  step 7800/8000 l1=0.0752 kl=0.003 (174s)
  step 8000/8000 l1=0.0746 kl=0.003 (179s)
=== train n=80 -> /home/asmr/workspace/habitvla2/checkpoints/rgb_only_rerun/batch/libero_object_task4/act_n80.pt ===
warm-start from /home/asmr/workspace/habitvla2/checkpoints/rgb_only_rerun/batch/libero_object_task4/act_n40.pt
  step 200/10000 l1=0.1549 kl=0.004 (5s)
  step 400/10000 l1=0.1415 kl=0.003 (9s)
  step 600/10000 l1=0.1311 kl=0.003 (13s)
  step 800/10000 l1=0.1276 kl=0.004 (18s)
  step 1000/10000 l1=0.1164 kl=0.003 (22s)
  step 1200/10000 l1=0.1106 kl=0.004 (27s)
  step 1400/10000 l1=0.1103 kl=0.003 (31s)
  step 1600/10000 l1=0.1054 kl=0.003 (36s)
  step 1800/10000 l1=0.1025 kl=0.002 (40s)
  step 2000/10000 l1=0.0988 kl=0.002 (45s)
  step 2200/10000 l1=0.0982 kl=0.004 (49s)
  step 2400/10000 l1=0.0988 kl=0.003 (54s)
  step 2600/10000 l1=0.0933 kl=0.002 (58s)
  step 2800/10000 l1=0.0918 kl=0.003 (63s)
  step 3000/10000 l1=0.0914 kl=0.002 (67s)
  step 3200/10000 l1=0.0879 kl=0.002 (72s)
  step 3400/10000 l1=0.0875 kl=0.002 (76s)
  step 3600/10000 l1=0.0877 kl=0.002 (80s)
  step 3800/10000 l1=0.0876 kl=0.002 (85s)
  step 4000/10000 l1=0.0848 kl=0.002 (89s)
  step 4200/10000 l1=0.0849 kl=0.002 (94s)
  step 4400/10000 l1=0.0837 kl=0.002 (98s)
  step 4600/10000 l1=0.0821 kl=0.002 (103s)
  step 4800/10000 l1=0.0825 kl=0.002 (107s)
  step 5000/10000 l1=0.0812 kl=0.002 (112s)
  step 5200/10000 l1=0.0820 kl=0.002 (116s)
  step 5400/10000 l1=0.0817 kl=0.002 (121s)
  step 5600/10000 l1=0.0791 kl=0.002 (125s)
  step 5800/10000 l1=0.0816 kl=0.002 (129s)
  step 6000/10000 l1=0.0794 kl=0.002 (134s)
  step 6200/10000 l1=0.0782 kl=0.001 (138s)
  step 6400/10000 l1=0.0796 kl=0.002 (143s)
  step 6600/10000 l1=0.0775 kl=0.002 (147s)
  step 6800/10000 l1=0.0762 kl=0.002 (152s)
  step 7000/10000 l1=0.0774 kl=0.002 (156s)
  step 7200/10000 l1=0.0757 kl=0.002 (161s)
  step 7400/10000 l1=0.0771 kl=0.001 (165s)
  step 7600/10000 l1=0.0747 kl=0.001 (169s)
  step 7800/10000 l1=0.0747 kl=0.002 (174s)
  step 8000/10000 l1=0.0733 kl=0.001 (178s)
  step 8200/10000 l1=0.0754 kl=0.001 (183s)
  step 8400/10000 l1=0.0753 kl=0.001 (187s)
  step 8600/10000 l1=0.0740 kl=0.001 (192s)
  step 8800/10000 l1=0.0737 kl=0.001 (196s)
  step 9000/10000 l1=0.0728 kl=0.001 (201s)
  step 9200/10000 l1=0.0726 kl=0.001 (205s)
  step 9400/10000 l1=0.0714 kl=0.001 (210s)
  step 9600/10000 l1=0.0694 kl=0.001 (214s)
  step 9800/10000 l1=0.0696 kl=0.001 (218s)
  step 10000/10000 l1=0.0711 kl=0.001 (223s)
[TRAIN-PASS] cluster=libero_object_task4 grid=[10, 20, 40, 80] depth=False
