
===== batch_train_libero_goal_task7 attempt=0 start=2026-08-29 03:07:09 =====
/home/asmr/miniconda3/envs/hv2_hab/bin/python -u habits/train.py --h5 /home/asmr/workspace/habitvla2/data/e3/libero_goal_task7.hdf5 --cluster libero_goal_task7 --n-grid 10 20 40 80 --out /home/asmr/workspace/habitvla2/checkpoints/rgb_only_rerun/batch --no-depth
cluster=libero_goal_task7 success episodes=120
=== train n=10 -> /home/asmr/workspace/habitvla2/checkpoints/rgb_only_rerun/batch/libero_goal_task7/act_n10.pt ===
  step 200/4000 l1=0.3980 kl=0.259 (5s)
  step 400/4000 l1=0.2836 kl=0.233 (10s)
  step 600/4000 l1=0.2488 kl=0.216 (14s)
  step 800/4000 l1=0.2174 kl=0.187 (18s)
  step 1000/4000 l1=0.1917 kl=0.180 (23s)
  step 1200/4000 l1=0.1759 kl=0.130 (28s)
  step 1400/4000 l1=0.1626 kl=0.141 (32s)
  step 1600/4000 l1=0.1547 kl=0.132 (36s)
  step 1800/4000 l1=0.1440 kl=0.129 (41s)
  step 2000/4000 l1=0.1411 kl=0.101 (45s)
  step 2200/4000 l1=0.1344 kl=0.099 (50s)
  step 2400/4000 l1=0.1261 kl=0.084 (54s)
  step 2600/4000 l1=0.1220 kl=0.070 (59s)
  step 2800/4000 l1=0.1187 kl=0.074 (63s)
  step 3000/4000 l1=0.1162 kl=0.066 (68s)
  step 3200/4000 l1=0.1112 kl=0.057 (72s)
  step 3400/4000 l1=0.1097 kl=0.044 (77s)
  step 3600/4000 l1=0.1023 kl=0.048 (81s)
  step 3800/4000 l1=0.0988 kl=0.045 (86s)
  step 4000/4000 l1=0.0985 kl=0.038 (90s)
=== train n=20 -> /home/asmr/workspace/habitvla2/checkpoints/rgb_only_rerun/batch/libero_goal_task7/act_n20.pt ===
warm-start from /home/asmr/workspace/habitvla2/checkpoints/rgb_only_rerun/batch/libero_goal_task7/act_n10.pt
  step 200/6000 l1=0.1628 kl=0.040 (5s)
  step 400/6000 l1=0.1309 kl=0.031 (9s)
  step 600/6000 l1=0.1134 kl=0.028 (14s)
  step 800/6000 l1=0.1068 kl=0.032 (18s)
  step 1000/6000 l1=0.1032 kl=0.024 (23s)
  step 1200/6000 l1=0.1022 kl=0.025 (27s)
  step 1400/6000 l1=0.0972 kl=0.022 (32s)
  step 1600/6000 l1=0.0945 kl=0.020 (36s)
  step 1800/6000 l1=0.0929 kl=0.017 (41s)
  step 2000/6000 l1=0.0884 kl=0.019 (45s)
  step 2200/6000 l1=0.0901 kl=0.020 (50s)
  step 2400/6000 l1=0.0877 kl=0.014 (54s)
  step 2600/6000 l1=0.0854 kl=0.013 (58s)
  step 2800/6000 l1=0.0830 kl=0.014 (63s)
  step 3000/6000 l1=0.0831 kl=0.013 (68s)
  step 3200/6000 l1=0.0826 kl=0.013 (72s)
  step 3400/6000 l1=0.0816 kl=0.016 (76s)
  step 3600/6000 l1=0.0789 kl=0.015 (81s)
  step 3800/6000 l1=0.0779 kl=0.012 (85s)
  step 4000/6000 l1=0.0766 kl=0.014 (90s)
  step 4200/6000 l1=0.0751 kl=0.012 (94s)
  step 4400/6000 l1=0.0727 kl=0.009 (99s)
  step 4600/6000 l1=0.0727 kl=0.011 (103s)
  step 4800/6000 l1=0.0733 kl=0.009 (108s)
  step 5000/6000 l1=0.0743 kl=0.011 (112s)
  step 5200/6000 l1=0.0693 kl=0.009 (117s)
  step 5400/6000 l1=0.0688 kl=0.009 (121s)
  step 5600/6000 l1=0.0692 kl=0.011 (126s)
  step 5800/6000 l1=0.0693 kl=0.009 (130s)
  step 6000/6000 l1=0.0661 kl=0.010 (135s)
=== train n=40 -> /home/asmr/workspace/habitvla2/checkpoints/rgb_only_rerun/batch/libero_goal_task7/act_n40.pt ===
warm-start from /home/asmr/workspace/habitvla2/checkpoints/rgb_only_rerun/batch/libero_goal_task7/act_n20.pt
  step 200/8000 l1=0.1411 kl=0.008 (5s)
  step 400/8000 l1=0.1131 kl=0.008 (9s)
  step 600/8000 l1=0.1022 kl=0.007 (13s)
  step 800/8000 l1=0.0937 kl=0.007 (18s)
  step 1000/8000 l1=0.0871 kl=0.008 (22s)
  step 1200/8000 l1=0.0832 kl=0.006 (27s)
  step 1400/8000 l1=0.0798 kl=0.007 (31s)
  step 1600/8000 l1=0.0787 kl=0.005 (36s)
  step 1800/8000 l1=0.0759 kl=0.008 (40s)
  step 2000/8000 l1=0.0755 kl=0.005 (45s)
  step 2200/8000 l1=0.0729 kl=0.007 (49s)
  step 2400/8000 l1=0.0718 kl=0.005 (53s)
  step 2600/8000 l1=0.0710 kl=0.005 (58s)
  step 2800/8000 l1=0.0711 kl=0.005 (62s)
  step 3000/8000 l1=0.0687 kl=0.006 (67s)
  step 3200/8000 l1=0.0695 kl=0.004 (71s)
  step 3400/8000 l1=0.0694 kl=0.005 (76s)
  step 3600/8000 l1=0.0665 kl=0.006 (80s)
  step 3800/8000 l1=0.0672 kl=0.005 (85s)
  step 4000/8000 l1=0.0655 kl=0.005 (89s)
  step 4200/8000 l1=0.0645 kl=0.005 (94s)
  step 4400/8000 l1=0.0650 kl=0.005 (98s)
  step 4600/8000 l1=0.0639 kl=0.005 (102s)
  step 4800/8000 l1=0.0618 kl=0.005 (107s)
  step 5000/8000 l1=0.0630 kl=0.005 (111s)
  step 5200/8000 l1=0.0633 kl=0.005 (116s)
  step 5400/8000 l1=0.0613 kl=0.005 (120s)
  step 5600/8000 l1=0.0616 kl=0.004 (125s)
  step 5800/8000 l1=0.0612 kl=0.004 (129s)
  step 6000/8000 l1=0.0601 kl=0.004 (134s)
  step 6200/8000 l1=0.0603 kl=0.004 (138s)
  step 6400/8000 l1=0.0604 kl=0.004 (143s)
  step 6600/8000 l1=0.0601 kl=0.004 (147s)
  step 6800/8000 l1=0.0584 kl=0.004 (151s)
  step 7000/8000 l1=0.0585 kl=0.005 (156s)
  step 7200/8000 l1=0.0575 kl=0.004 (160s)
  step 7400/8000 l1=0.0574 kl=0.003 (165s)
  step 7600/8000 l1=0.0575 kl=0.003 (169s)
  step 7800/8000 l1=0.0574 kl=0.003 (174s)
  step 8000/8000 l1=0.0570 kl=0.003 (178s)
=== train n=80 -> /home/asmr/workspace/habitvla2/checkpoints/rgb_only_rerun/batch/libero_goal_task7/act_n80.pt ===
warm-start from /home/asmr/workspace/habitvla2/checkpoints/rgb_only_rerun/batch/libero_goal_task7/act_n40.pt
  step 200/10000 l1=0.1259 kl=0.003 (5s)
  step 400/10000 l1=0.1105 kl=0.003 (9s)
  step 600/10000 l1=0.0967 kl=0.003 (13s)
  step 800/10000 l1=0.0938 kl=0.003 (18s)
  step 1000/10000 l1=0.0856 kl=0.003 (22s)
  step 1200/10000 l1=0.0829 kl=0.003 (27s)
  step 1400/10000 l1=0.0770 kl=0.002 (31s)
  step 1600/10000 l1=0.0784 kl=0.002 (36s)
  step 1800/10000 l1=0.0763 kl=0.003 (40s)
  step 2000/10000 l1=0.0711 kl=0.003 (45s)
  step 2200/10000 l1=0.0696 kl=0.002 (49s)
  step 2400/10000 l1=0.0690 kl=0.002 (53s)
  step 2600/10000 l1=0.0675 kl=0.003 (58s)
  step 2800/10000 l1=0.0664 kl=0.003 (62s)
  step 3000/10000 l1=0.0652 kl=0.002 (67s)
  step 3200/10000 l1=0.0640 kl=0.004 (71s)
  step 3400/10000 l1=0.0644 kl=0.002 (76s)
  step 3600/10000 l1=0.0639 kl=0.002 (80s)
  step 3800/10000 l1=0.0646 kl=0.002 (85s)
  step 4000/10000 l1=0.0629 kl=0.002 (89s)
  step 4200/10000 l1=0.0623 kl=0.002 (94s)
  step 4400/10000 l1=0.0608 kl=0.002 (98s)
  step 4600/10000 l1=0.0604 kl=0.002 (103s)
  step 4800/10000 l1=0.0611 kl=0.002 (107s)
  step 5000/10000 l1=0.0611 kl=0.002 (112s)
  step 5200/10000 l1=0.0604 kl=0.002 (116s)
  step 5400/10000 l1=0.0605 kl=0.002 (120s)
  step 5600/10000 l1=0.0599 kl=0.002 (125s)
  step 5800/10000 l1=0.0586 kl=0.002 (129s)
  step 6000/10000 l1=0.0588 kl=0.002 (134s)
  step 6200/10000 l1=0.0593 kl=0.002 (138s)
  step 6400/10000 l1=0.0584 kl=0.002 (143s)
  step 6600/10000 l1=0.0582 kl=0.002 (147s)
  step 6800/10000 l1=0.0547 kl=0.001 (152s)
  step 7000/10000 l1=0.0576 kl=0.002 (156s)
  step 7200/10000 l1=0.0570 kl=0.002 (160s)
  step 7400/10000 l1=0.0555 kl=0.002 (165s)
  step 7600/10000 l1=0.0556 kl=0.002 (169s)
  step 7800/10000 l1=0.0558 kl=0.001 (174s)
  step 8000/10000 l1=0.0545 kl=0.001 (178s)
  step 8200/10000 l1=0.0559 kl=0.001 (183s)
  step 8400/10000 l1=0.0571 kl=0.001 (187s)
  step 8600/10000 l1=0.0554 kl=0.001 (192s)
  step 8800/10000 l1=0.0546 kl=0.001 (196s)
  step 9000/10000 l1=0.0542 kl=0.001 (201s)
  step 9200/10000 l1=0.0550 kl=0.001 (205s)
  step 9400/10000 l1=0.0568 kl=0.001 (209s)
  step 9600/10000 l1=0.0568 kl=0.001 (214s)
  step 9800/10000 l1=0.0584 kl=0.001 (218s)
  step 10000/10000 l1=0.0535 kl=0.001 (223s)
[TRAIN-PASS] cluster=libero_goal_task7 grid=[10, 20, 40, 80] depth=False
