
===== batch_train_libero_spatial_task0 attempt=0 start=2026-08-29 03:46:35 =====
/home/asmr/miniconda3/envs/hv2_hab/bin/python -u habits/train.py --h5 /home/asmr/workspace/habitvla2/data/e3/libero_spatial_task0.hdf5 --cluster libero_spatial_task0 --n-grid 10 20 40 80 --out /home/asmr/workspace/habitvla2/checkpoints/rgb_only_rerun/batch --no-depth
cluster=libero_spatial_task0 success episodes=114
=== train n=10 -> /home/asmr/workspace/habitvla2/checkpoints/rgb_only_rerun/batch/libero_spatial_task0/act_n10.pt ===
  step 200/4000 l1=0.4061 kl=0.254 (5s)
  step 400/4000 l1=0.3030 kl=0.241 (9s)
  step 600/4000 l1=0.2571 kl=0.203 (14s)
  step 800/4000 l1=0.2224 kl=0.176 (18s)
  step 1000/4000 l1=0.1917 kl=0.194 (23s)
  step 1200/4000 l1=0.1782 kl=0.152 (27s)
  step 1400/4000 l1=0.1680 kl=0.128 (32s)
  step 1600/4000 l1=0.1581 kl=0.124 (36s)
  step 1800/4000 l1=0.1509 kl=0.117 (41s)
  step 2000/4000 l1=0.1453 kl=0.096 (45s)
  step 2200/4000 l1=0.1380 kl=0.102 (50s)
  step 2400/4000 l1=0.1328 kl=0.078 (54s)
  step 2600/4000 l1=0.1319 kl=0.080 (59s)
  step 2800/4000 l1=0.1232 kl=0.066 (63s)
  step 3000/4000 l1=0.1204 kl=0.069 (68s)
  step 3200/4000 l1=0.1183 kl=0.054 (72s)
  step 3400/4000 l1=0.1144 kl=0.053 (77s)
  step 3600/4000 l1=0.1096 kl=0.048 (81s)
  step 3800/4000 l1=0.1103 kl=0.043 (86s)
  step 4000/4000 l1=0.1063 kl=0.038 (90s)
=== train n=20 -> /home/asmr/workspace/habitvla2/checkpoints/rgb_only_rerun/batch/libero_spatial_task0/act_n20.pt ===
warm-start from /home/asmr/workspace/habitvla2/checkpoints/rgb_only_rerun/batch/libero_spatial_task0/act_n10.pt
  step 200/6000 l1=0.1727 kl=0.034 (5s)
  step 400/6000 l1=0.1384 kl=0.031 (9s)
  step 600/6000 l1=0.1260 kl=0.027 (14s)
  step 800/6000 l1=0.1184 kl=0.031 (18s)
  step 1000/6000 l1=0.1152 kl=0.025 (23s)
  step 1200/6000 l1=0.1111 kl=0.021 (27s)
  step 1400/6000 l1=0.1068 kl=0.022 (32s)
  step 1600/6000 l1=0.1072 kl=0.022 (36s)
  step 1800/6000 l1=0.1030 kl=0.019 (40s)
  step 2000/6000 l1=0.1011 kl=0.015 (45s)
  step 2200/6000 l1=0.0985 kl=0.017 (49s)
  step 2400/6000 l1=0.0970 kl=0.016 (54s)
  step 2600/6000 l1=0.0984 kl=0.019 (58s)
  step 2800/6000 l1=0.0941 kl=0.016 (63s)
  step 3000/6000 l1=0.0927 kl=0.014 (67s)
  step 3200/6000 l1=0.0901 kl=0.014 (72s)
  step 3400/6000 l1=0.0892 kl=0.014 (76s)
  step 3600/6000 l1=0.0883 kl=0.013 (81s)
  step 3800/6000 l1=0.0868 kl=0.012 (85s)
  step 4000/6000 l1=0.0860 kl=0.013 (89s)
  step 4200/6000 l1=0.0845 kl=0.013 (94s)
  step 4400/6000 l1=0.0825 kl=0.012 (98s)
  step 4600/6000 l1=0.0829 kl=0.011 (103s)
  step 4800/6000 l1=0.0806 kl=0.012 (107s)
  step 5000/6000 l1=0.0814 kl=0.008 (112s)
  step 5200/6000 l1=0.0798 kl=0.011 (116s)
  step 5400/6000 l1=0.0790 kl=0.009 (121s)
  step 5600/6000 l1=0.0782 kl=0.009 (125s)
  step 5800/6000 l1=0.0777 kl=0.009 (130s)
  step 6000/6000 l1=0.0754 kl=0.009 (134s)
=== train n=40 -> /home/asmr/workspace/habitvla2/checkpoints/rgb_only_rerun/batch/libero_spatial_task0/act_n40.pt ===
warm-start from /home/asmr/workspace/habitvla2/checkpoints/rgb_only_rerun/batch/libero_spatial_task0/act_n20.pt
  step 200/8000 l1=0.1410 kl=0.010 (5s)
  step 400/8000 l1=0.1201 kl=0.010 (9s)
  step 600/8000 l1=0.1098 kl=0.010 (13s)
  step 800/8000 l1=0.1011 kl=0.008 (18s)
  step 1000/8000 l1=0.0972 kl=0.008 (22s)
  step 1200/8000 l1=0.0930 kl=0.009 (27s)
  step 1400/8000 l1=0.0877 kl=0.007 (31s)
  step 1600/8000 l1=0.0878 kl=0.008 (36s)
  step 1800/8000 l1=0.0872 kl=0.008 (40s)
  step 2000/8000 l1=0.0842 kl=0.006 (45s)
  step 2200/8000 l1=0.0834 kl=0.007 (49s)
  step 2400/8000 l1=0.0823 kl=0.007 (54s)
  step 2600/8000 l1=0.0802 kl=0.009 (58s)
  step 2800/8000 l1=0.0790 kl=0.006 (62s)
  step 3000/8000 l1=0.0792 kl=0.008 (67s)
  step 3200/8000 l1=0.0777 kl=0.005 (71s)
  step 3400/8000 l1=0.0762 kl=0.006 (76s)
  step 3600/8000 l1=0.0759 kl=0.005 (80s)
  step 3800/8000 l1=0.0744 kl=0.005 (85s)
  step 4000/8000 l1=0.0748 kl=0.006 (89s)
  step 4200/8000 l1=0.0729 kl=0.005 (94s)
  step 4400/8000 l1=0.0723 kl=0.005 (98s)
  step 4600/8000 l1=0.0707 kl=0.005 (103s)
  step 4800/8000 l1=0.0710 kl=0.005 (107s)
  step 5000/8000 l1=0.0714 kl=0.005 (112s)
  step 5200/8000 l1=0.0701 kl=0.004 (116s)
  step 5400/8000 l1=0.0696 kl=0.004 (121s)
  step 5600/8000 l1=0.0690 kl=0.005 (125s)
  step 5800/8000 l1=0.0684 kl=0.004 (130s)
  step 6000/8000 l1=0.0703 kl=0.004 (134s)
  step 6200/8000 l1=0.0680 kl=0.004 (138s)
  step 6400/8000 l1=0.0683 kl=0.005 (143s)
  step 6600/8000 l1=0.0670 kl=0.004 (147s)
  step 6800/8000 l1=0.0656 kl=0.004 (152s)
  step 7000/8000 l1=0.0653 kl=0.004 (156s)
  step 7200/8000 l1=0.0656 kl=0.003 (161s)
  step 7400/8000 l1=0.0653 kl=0.004 (165s)
  step 7600/8000 l1=0.0649 kl=0.004 (170s)
  step 7800/8000 l1=0.0639 kl=0.004 (174s)
  step 8000/8000 l1=0.0633 kl=0.004 (179s)
=== train n=80 -> /home/asmr/workspace/habitvla2/checkpoints/rgb_only_rerun/batch/libero_spatial_task0/act_n80.pt ===
warm-start from /home/asmr/workspace/habitvla2/checkpoints/rgb_only_rerun/batch/libero_spatial_task0/act_n40.pt
  step 200/10000 l1=0.1374 kl=0.003 (5s)
  step 400/10000 l1=0.1200 kl=0.004 (9s)
  step 600/10000 l1=0.1101 kl=0.003 (13s)
  step 800/10000 l1=0.1036 kl=0.002 (18s)
  step 1000/10000 l1=0.0993 kl=0.004 (22s)
  step 1200/10000 l1=0.0908 kl=0.003 (27s)
  step 1400/10000 l1=0.0887 kl=0.002 (31s)
  step 1600/10000 l1=0.0866 kl=0.003 (36s)
  step 1800/10000 l1=0.0824 kl=0.003 (40s)
  step 2000/10000 l1=0.0808 kl=0.003 (44s)
  step 2200/10000 l1=0.0795 kl=0.002 (49s)
  step 2400/10000 l1=0.0776 kl=0.003 (53s)
  step 2600/10000 l1=0.0774 kl=0.002 (58s)
  step 2800/10000 l1=0.0755 kl=0.003 (62s)
  step 3000/10000 l1=0.0738 kl=0.003 (67s)
  step 3200/10000 l1=0.0732 kl=0.002 (71s)
  step 3400/10000 l1=0.0742 kl=0.002 (76s)
  step 3600/10000 l1=0.0731 kl=0.002 (80s)
  step 3800/10000 l1=0.0738 kl=0.002 (84s)
  step 4000/10000 l1=0.0721 kl=0.002 (89s)
  step 4200/10000 l1=0.0701 kl=0.002 (93s)
  step 4400/10000 l1=0.0705 kl=0.002 (98s)
  step 4600/10000 l1=0.0708 kl=0.003 (102s)
  step 4800/10000 l1=0.0689 kl=0.002 (107s)
  step 5000/10000 l1=0.0689 kl=0.002 (111s)
  step 5200/10000 l1=0.0679 kl=0.002 (116s)
  step 5400/10000 l1=0.0672 kl=0.002 (120s)
  step 5600/10000 l1=0.0665 kl=0.002 (124s)
  step 5800/10000 l1=0.0655 kl=0.002 (129s)
  step 6000/10000 l1=0.0663 kl=0.002 (133s)
  step 6200/10000 l1=0.0656 kl=0.002 (138s)
  step 6400/10000 l1=0.0660 kl=0.002 (142s)
  step 6600/10000 l1=0.0647 kl=0.002 (147s)
  step 6800/10000 l1=0.0655 kl=0.001 (151s)
  step 7000/10000 l1=0.0667 kl=0.001 (156s)
  step 7200/10000 l1=0.0637 kl=0.002 (160s)
  step 7400/10000 l1=0.0641 kl=0.002 (164s)
  step 7600/10000 l1=0.0644 kl=0.001 (169s)
  step 7800/10000 l1=0.0633 kl=0.001 (173s)
  step 8000/10000 l1=0.0625 kl=0.002 (178s)
  step 8200/10000 l1=0.0634 kl=0.002 (182s)
  step 8400/10000 l1=0.0620 kl=0.001 (187s)
  step 8600/10000 l1=0.0622 kl=0.001 (191s)
  step 8800/10000 l1=0.0615 kl=0.002 (196s)
  step 9000/10000 l1=0.0607 kl=0.001 (200s)
  step 9200/10000 l1=0.0611 kl=0.001 (204s)
  step 9400/10000 l1=0.0600 kl=0.001 (209s)
  step 9600/10000 l1=0.0612 kl=0.002 (213s)
  step 9800/10000 l1=0.0605 kl=0.001 (218s)
  step 10000/10000 l1=0.0595 kl=0.001 (222s)
[TRAIN-PASS] cluster=libero_spatial_task0 grid=[10, 20, 40, 80] depth=False
