
===== batch_train_libero_goal_task0 attempt=0 start=2026-08-29 01:32:21 =====
/home/asmr/miniconda3/envs/hv2_hab/bin/python -u habits/train.py --h5 /home/asmr/workspace/habitvla2/data/e3/libero_goal_task0.hdf5 --cluster libero_goal_task0 --n-grid 10 20 40 80 --out /home/asmr/workspace/habitvla2/checkpoints/rgb_only_rerun/batch --no-depth
cluster=libero_goal_task0 success episodes=110
=== train n=10 -> /home/asmr/workspace/habitvla2/checkpoints/rgb_only_rerun/batch/libero_goal_task0/act_n10.pt ===
  step 200/4000 l1=0.3118 kl=0.264 (5s)
  step 400/4000 l1=0.2080 kl=0.224 (9s)
  step 600/4000 l1=0.1862 kl=0.199 (14s)
  step 800/4000 l1=0.1690 kl=0.181 (18s)
  step 1000/4000 l1=0.1545 kl=0.179 (23s)
  step 1200/4000 l1=0.1451 kl=0.155 (27s)
  step 1400/4000 l1=0.1323 kl=0.134 (32s)
  step 1600/4000 l1=0.1295 kl=0.131 (36s)
  step 1800/4000 l1=0.1194 kl=0.125 (40s)
  step 2000/4000 l1=0.1133 kl=0.108 (45s)
  step 2200/4000 l1=0.1097 kl=0.085 (49s)
  step 2400/4000 l1=0.1062 kl=0.095 (54s)
  step 2600/4000 l1=0.1001 kl=0.081 (58s)
  step 2800/4000 l1=0.0995 kl=0.068 (63s)
  step 3000/4000 l1=0.0940 kl=0.059 (67s)
  step 3200/4000 l1=0.0928 kl=0.050 (72s)
  step 3400/4000 l1=0.0878 kl=0.051 (76s)
  step 3600/4000 l1=0.0912 kl=0.047 (81s)
  step 3800/4000 l1=0.0867 kl=0.044 (85s)
  step 4000/4000 l1=0.0814 kl=0.037 (90s)
=== train n=20 -> /home/asmr/workspace/habitvla2/checkpoints/rgb_only_rerun/batch/libero_goal_task0/act_n20.pt ===
warm-start from /home/asmr/workspace/habitvla2/checkpoints/rgb_only_rerun/batch/libero_goal_task0/act_n10.pt
  step 200/6000 l1=0.1259 kl=0.034 (5s)
  step 400/6000 l1=0.1023 kl=0.033 (9s)
  step 600/6000 l1=0.0900 kl=0.028 (13s)
  step 800/6000 l1=0.0860 kl=0.029 (18s)
  step 1000/6000 l1=0.0834 kl=0.025 (22s)
  step 1200/6000 l1=0.0795 kl=0.023 (27s)
  step 1400/6000 l1=0.0760 kl=0.020 (31s)
  step 1600/6000 l1=0.0764 kl=0.024 (36s)
  step 1800/6000 l1=0.0755 kl=0.021 (40s)
  step 2000/6000 l1=0.0725 kl=0.021 (45s)
  step 2200/6000 l1=0.0724 kl=0.020 (49s)
  step 2400/6000 l1=0.0712 kl=0.015 (54s)
  step 2600/6000 l1=0.0707 kl=0.017 (58s)
  step 2800/6000 l1=0.0683 kl=0.015 (63s)
  step 3000/6000 l1=0.0687 kl=0.015 (67s)
  step 3200/6000 l1=0.0677 kl=0.014 (71s)
  step 3400/6000 l1=0.0656 kl=0.013 (76s)
  step 3600/6000 l1=0.0627 kl=0.013 (80s)
  step 3800/6000 l1=0.0647 kl=0.014 (85s)
  step 4000/6000 l1=0.0612 kl=0.012 (89s)
  step 4200/6000 l1=0.0635 kl=0.011 (94s)
  step 4400/6000 l1=0.0618 kl=0.011 (98s)
  step 4600/6000 l1=0.0596 kl=0.011 (103s)
  step 4800/6000 l1=0.0583 kl=0.011 (107s)
  step 5000/6000 l1=0.0595 kl=0.009 (112s)
  step 5200/6000 l1=0.0588 kl=0.010 (116s)
  step 5400/6000 l1=0.0568 kl=0.011 (121s)
  step 5600/6000 l1=0.0585 kl=0.009 (125s)
  step 5800/6000 l1=0.0561 kl=0.010 (129s)
  step 6000/6000 l1=0.0565 kl=0.009 (134s)
=== train n=40 -> /home/asmr/workspace/habitvla2/checkpoints/rgb_only_rerun/batch/libero_goal_task0/act_n40.pt ===
warm-start from /home/asmr/workspace/habitvla2/checkpoints/rgb_only_rerun/batch/libero_goal_task0/act_n20.pt
  step 200/8000 l1=0.1032 kl=0.008 (5s)
  step 400/8000 l1=0.0913 kl=0.006 (9s)
  step 600/8000 l1=0.0816 kl=0.007 (13s)
  step 800/8000 l1=0.0738 kl=0.007 (18s)
  step 1000/8000 l1=0.0713 kl=0.008 (22s)
  step 1200/8000 l1=0.0685 kl=0.007 (27s)
  step 1400/8000 l1=0.0646 kl=0.007 (31s)
  step 1600/8000 l1=0.0649 kl=0.007 (36s)
  step 1800/8000 l1=0.0622 kl=0.007 (40s)
  step 2000/8000 l1=0.0617 kl=0.005 (45s)
  step 2200/8000 l1=0.0598 kl=0.006 (49s)
  step 2400/8000 l1=0.0601 kl=0.005 (54s)
  step 2600/8000 l1=0.0582 kl=0.007 (58s)
  step 2800/8000 l1=0.0576 kl=0.007 (62s)
  step 3000/8000 l1=0.0566 kl=0.006 (67s)
  step 3200/8000 l1=0.0566 kl=0.006 (71s)
  step 3400/8000 l1=0.0569 kl=0.005 (76s)
  step 3600/8000 l1=0.0543 kl=0.006 (80s)
  step 3800/8000 l1=0.0553 kl=0.006 (85s)
  step 4000/8000 l1=0.0548 kl=0.007 (89s)
  step 4200/8000 l1=0.0534 kl=0.005 (94s)
  step 4400/8000 l1=0.0531 kl=0.006 (98s)
  step 4600/8000 l1=0.0529 kl=0.005 (103s)
  step 4800/8000 l1=0.0527 kl=0.004 (107s)
  step 5000/8000 l1=0.0526 kl=0.006 (112s)
  step 5200/8000 l1=0.0508 kl=0.004 (116s)
  step 5400/8000 l1=0.0518 kl=0.004 (120s)
  step 5600/8000 l1=0.0500 kl=0.004 (125s)
  step 5800/8000 l1=0.0506 kl=0.004 (129s)
  step 6000/8000 l1=0.0520 kl=0.005 (134s)
  step 6200/8000 l1=0.0509 kl=0.005 (138s)
  step 6400/8000 l1=0.0501 kl=0.004 (143s)
  step 6600/8000 l1=0.0502 kl=0.004 (147s)
  step 6800/8000 l1=0.0512 kl=0.004 (152s)
  step 7000/8000 l1=0.0491 kl=0.003 (156s)
  step 7200/8000 l1=0.0484 kl=0.004 (161s)
  step 7400/8000 l1=0.0480 kl=0.004 (165s)
  step 7600/8000 l1=0.0478 kl=0.003 (170s)
  step 7800/8000 l1=0.0479 kl=0.004 (174s)
  step 8000/8000 l1=0.0478 kl=0.003 (179s)
=== train n=80 -> /home/asmr/workspace/habitvla2/checkpoints/rgb_only_rerun/batch/libero_goal_task0/act_n80.pt ===
warm-start from /home/asmr/workspace/habitvla2/checkpoints/rgb_only_rerun/batch/libero_goal_task0/act_n40.pt
  step 200/10000 l1=0.0931 kl=0.003 (5s)
  step 400/10000 l1=0.0832 kl=0.003 (9s)
  step 600/10000 l1=0.0810 kl=0.004 (13s)
  step 800/10000 l1=0.0735 kl=0.004 (18s)
  step 1000/10000 l1=0.0695 kl=0.004 (22s)
  step 1200/10000 l1=0.0661 kl=0.003 (27s)
  step 1400/10000 l1=0.0648 kl=0.002 (31s)
  step 1600/10000 l1=0.0610 kl=0.002 (36s)
  step 1800/10000 l1=0.0594 kl=0.003 (40s)
  step 2000/10000 l1=0.0586 kl=0.003 (45s)
  step 2200/10000 l1=0.0586 kl=0.003 (49s)
  step 2400/10000 l1=0.0561 kl=0.002 (54s)
  step 2600/10000 l1=0.0571 kl=0.002 (58s)
  step 2800/10000 l1=0.0535 kl=0.002 (62s)
  step 3000/10000 l1=0.0554 kl=0.003 (67s)
  step 3200/10000 l1=0.0528 kl=0.002 (71s)
  step 3400/10000 l1=0.0532 kl=0.002 (76s)
  step 3600/10000 l1=0.0526 kl=0.002 (80s)
  step 3800/10000 l1=0.0504 kl=0.002 (85s)
  step 4000/10000 l1=0.0514 kl=0.002 (89s)
  step 4200/10000 l1=0.0503 kl=0.002 (94s)
  step 4400/10000 l1=0.0504 kl=0.002 (98s)
  step 4600/10000 l1=0.0517 kl=0.002 (103s)
  step 4800/10000 l1=0.0509 kl=0.001 (107s)
  step 5000/10000 l1=0.0494 kl=0.002 (111s)
  step 5200/10000 l1=0.0491 kl=0.002 (116s)
  step 5400/10000 l1=0.0490 kl=0.001 (120s)
  step 5600/10000 l1=0.0493 kl=0.002 (125s)
  step 5800/10000 l1=0.0483 kl=0.002 (129s)
  step 6000/10000 l1=0.0489 kl=0.002 (134s)
  step 6200/10000 l1=0.0490 kl=0.002 (138s)
  step 6400/10000 l1=0.0477 kl=0.002 (143s)
  step 6600/10000 l1=0.0463 kl=0.002 (147s)
  step 6800/10000 l1=0.0485 kl=0.001 (152s)
  step 7000/10000 l1=0.0480 kl=0.002 (156s)
  step 7200/10000 l1=0.0463 kl=0.002 (161s)
  step 7400/10000 l1=0.0461 kl=0.002 (165s)
  step 7600/10000 l1=0.0461 kl=0.002 (170s)
  step 7800/10000 l1=0.0465 kl=0.001 (174s)
  step 8000/10000 l1=0.0478 kl=0.002 (178s)
  step 8200/10000 l1=0.0457 kl=0.001 (183s)
  step 8400/10000 l1=0.0453 kl=0.001 (187s)
  step 8600/10000 l1=0.0456 kl=0.001 (192s)
  step 8800/10000 l1=0.0454 kl=0.002 (196s)
  step 9000/10000 l1=0.0465 kl=0.001 (201s)
  step 9200/10000 l1=0.0447 kl=0.002 (205s)
  step 9400/10000 l1=0.0452 kl=0.001 (210s)
  step 9600/10000 l1=0.0447 kl=0.002 (214s)
  step 9800/10000 l1=0.0453 kl=0.001 (219s)
  step 10000/10000 l1=0.0442 kl=0.001 (223s)
[TRAIN-PASS] cluster=libero_goal_task0 grid=[10, 20, 40, 80] depth=False
