
===== batch_train_libero_10_task5 attempt=0 start=2026-08-29 04:44:53 =====
/home/asmr/miniconda3/envs/hv2_hab/bin/python -u habits/train.py --h5 /home/asmr/workspace/habitvla2/data/e3/libero_10_task5.hdf5 --cluster libero_10_task5 --n-grid 10 20 40 80 --out /home/asmr/workspace/habitvla2/checkpoints/rgb_only_rerun/batch --no-depth
cluster=libero_10_task5 success episodes=119
=== train n=10 -> /home/asmr/workspace/habitvla2/checkpoints/rgb_only_rerun/batch/libero_10_task5/act_n10.pt ===
  step 200/4000 l1=0.3762 kl=0.277 (5s)
  step 400/4000 l1=0.2484 kl=0.208 (9s)
  step 600/4000 l1=0.2153 kl=0.215 (14s)
  step 800/4000 l1=0.1986 kl=0.179 (18s)
  step 1000/4000 l1=0.1866 kl=0.156 (23s)
  step 1200/4000 l1=0.1790 kl=0.154 (27s)
  step 1400/4000 l1=0.1695 kl=0.137 (31s)
  step 1600/4000 l1=0.1590 kl=0.135 (36s)
  step 1800/4000 l1=0.1512 kl=0.133 (40s)
  step 2000/4000 l1=0.1451 kl=0.118 (45s)
  step 2200/4000 l1=0.1424 kl=0.096 (49s)
  step 2400/4000 l1=0.1366 kl=0.089 (54s)
  step 2600/4000 l1=0.1339 kl=0.073 (58s)
  step 2800/4000 l1=0.1298 kl=0.060 (62s)
  step 3000/4000 l1=0.1246 kl=0.064 (67s)
  step 3200/4000 l1=0.1203 kl=0.056 (71s)
  step 3400/4000 l1=0.1206 kl=0.052 (76s)
  step 3600/4000 l1=0.1141 kl=0.039 (80s)
  step 3800/4000 l1=0.1122 kl=0.042 (85s)
  step 4000/4000 l1=0.1078 kl=0.034 (89s)
=== train n=20 -> /home/asmr/workspace/habitvla2/checkpoints/rgb_only_rerun/batch/libero_10_task5/act_n20.pt ===
warm-start from /home/asmr/workspace/habitvla2/checkpoints/rgb_only_rerun/batch/libero_10_task5/act_n10.pt
  step 200/6000 l1=0.1990 kl=0.035 (5s)
  step 400/6000 l1=0.1610 kl=0.039 (9s)
  step 600/6000 l1=0.1401 kl=0.031 (13s)
  step 800/6000 l1=0.1327 kl=0.027 (18s)
  step 1000/6000 l1=0.1243 kl=0.028 (22s)
  step 1200/6000 l1=0.1183 kl=0.024 (27s)
  step 1400/6000 l1=0.1157 kl=0.023 (31s)
  step 1600/6000 l1=0.1139 kl=0.020 (36s)
  step 1800/6000 l1=0.1121 kl=0.019 (40s)
  step 2000/6000 l1=0.1063 kl=0.018 (45s)
  step 2200/6000 l1=0.1074 kl=0.018 (49s)
  step 2400/6000 l1=0.1043 kl=0.015 (53s)
  step 2600/6000 l1=0.1014 kl=0.014 (58s)
  step 2800/6000 l1=0.0988 kl=0.014 (62s)
  step 3000/6000 l1=0.0996 kl=0.015 (67s)
  step 3200/6000 l1=0.0980 kl=0.014 (71s)
  step 3400/6000 l1=0.0959 kl=0.014 (76s)
  step 3600/6000 l1=0.0945 kl=0.013 (80s)
  step 3800/6000 l1=0.0918 kl=0.015 (85s)
  step 4000/6000 l1=0.0933 kl=0.013 (89s)
  step 4200/6000 l1=0.0912 kl=0.013 (93s)
  step 4400/6000 l1=0.0868 kl=0.010 (98s)
  step 4600/6000 l1=0.0885 kl=0.011 (102s)
  step 4800/6000 l1=0.0875 kl=0.011 (107s)
  step 5000/6000 l1=0.0857 kl=0.009 (111s)
  step 5200/6000 l1=0.0849 kl=0.011 (116s)
  step 5400/6000 l1=0.0841 kl=0.012 (120s)
  step 5600/6000 l1=0.0837 kl=0.008 (125s)
  step 5800/6000 l1=0.0830 kl=0.010 (129s)
  step 6000/6000 l1=0.0812 kl=0.007 (133s)
=== train n=40 -> /home/asmr/workspace/habitvla2/checkpoints/rgb_only_rerun/batch/libero_10_task5/act_n40.pt ===
warm-start from /home/asmr/workspace/habitvla2/checkpoints/rgb_only_rerun/batch/libero_10_task5/act_n20.pt
  step 200/8000 l1=0.1588 kl=0.009 (5s)
  step 400/8000 l1=0.1383 kl=0.008 (9s)
  step 600/8000 l1=0.1272 kl=0.009 (13s)
  step 800/8000 l1=0.1169 kl=0.007 (18s)
  step 1000/8000 l1=0.1098 kl=0.009 (22s)
  step 1200/8000 l1=0.1021 kl=0.007 (27s)
  step 1400/8000 l1=0.0990 kl=0.009 (31s)
  step 1600/8000 l1=0.0966 kl=0.006 (36s)
  step 1800/8000 l1=0.0936 kl=0.007 (40s)
  step 2000/8000 l1=0.0917 kl=0.006 (45s)
  step 2200/8000 l1=0.0894 kl=0.008 (49s)
  step 2400/8000 l1=0.0871 kl=0.006 (54s)
  step 2600/8000 l1=0.0856 kl=0.007 (58s)
  step 2800/8000 l1=0.0854 kl=0.007 (63s)
  step 3000/8000 l1=0.0842 kl=0.005 (67s)
  step 3200/8000 l1=0.0835 kl=0.006 (72s)
  step 3400/8000 l1=0.0824 kl=0.006 (76s)
  step 3600/8000 l1=0.0807 kl=0.006 (81s)
  step 3800/8000 l1=0.0796 kl=0.005 (85s)
  step 4000/8000 l1=0.0792 kl=0.004 (89s)
  step 4200/8000 l1=0.0790 kl=0.005 (94s)
  step 4400/8000 l1=0.0806 kl=0.006 (98s)
  step 4600/8000 l1=0.0767 kl=0.006 (103s)
  step 4800/8000 l1=0.0768 kl=0.005 (107s)
  step 5000/8000 l1=0.0767 kl=0.005 (112s)
  step 5200/8000 l1=0.0759 kl=0.005 (116s)
  step 5400/8000 l1=0.0755 kl=0.005 (121s)
  step 5600/8000 l1=0.0745 kl=0.004 (125s)
  step 5800/8000 l1=0.0738 kl=0.004 (130s)
  step 6000/8000 l1=0.0733 kl=0.004 (134s)
  step 6200/8000 l1=0.0726 kl=0.004 (138s)
  step 6400/8000 l1=0.0725 kl=0.004 (143s)
  step 6600/8000 l1=0.0726 kl=0.003 (147s)
  step 6800/8000 l1=0.0705 kl=0.005 (152s)
  step 7000/8000 l1=0.0701 kl=0.004 (156s)
  step 7200/8000 l1=0.0695 kl=0.004 (161s)
  step 7400/8000 l1=0.0706 kl=0.004 (165s)
  step 7600/8000 l1=0.0700 kl=0.004 (170s)
  step 7800/8000 l1=0.0705 kl=0.004 (174s)
  step 8000/8000 l1=0.0695 kl=0.003 (178s)
=== train n=80 -> /home/asmr/workspace/habitvla2/checkpoints/rgb_only_rerun/batch/libero_10_task5/act_n80.pt ===
warm-start from /home/asmr/workspace/habitvla2/checkpoints/rgb_only_rerun/batch/libero_10_task5/act_n40.pt
  step 200/10000 l1=0.1384 kl=0.003 (4s)
  step 400/10000 l1=0.1321 kl=0.003 (9s)
  step 600/10000 l1=0.1209 kl=0.004 (13s)
  step 800/10000 l1=0.1151 kl=0.004 (18s)
  step 1000/10000 l1=0.1119 kl=0.003 (22s)
  step 1200/10000 l1=0.1038 kl=0.003 (27s)
  step 1400/10000 l1=0.0996 kl=0.003 (31s)
  step 1600/10000 l1=0.0984 kl=0.003 (35s)
  step 1800/10000 l1=0.0934 kl=0.003 (40s)
  step 2000/10000 l1=0.0909 kl=0.003 (44s)
  step 2200/10000 l1=0.0929 kl=0.003 (49s)
  step 2400/10000 l1=0.0880 kl=0.003 (53s)
  step 2600/10000 l1=0.0854 kl=0.002 (58s)
  step 2800/10000 l1=0.0835 kl=0.002 (62s)
  step 3000/10000 l1=0.0839 kl=0.003 (67s)
  step 3200/10000 l1=0.0817 kl=0.002 (71s)
  step 3400/10000 l1=0.0827 kl=0.002 (76s)
  step 3600/10000 l1=0.0813 kl=0.003 (80s)
  step 3800/10000 l1=0.0798 kl=0.002 (84s)
  step 4000/10000 l1=0.0779 kl=0.002 (89s)
  step 4200/10000 l1=0.0771 kl=0.002 (93s)
  step 4400/10000 l1=0.0765 kl=0.002 (98s)
  step 4600/10000 l1=0.0750 kl=0.002 (102s)
  step 4800/10000 l1=0.0753 kl=0.002 (107s)
  step 5000/10000 l1=0.0759 kl=0.002 (111s)
  step 5200/10000 l1=0.0734 kl=0.003 (116s)
  step 5400/10000 l1=0.0734 kl=0.002 (120s)
  step 5600/10000 l1=0.0725 kl=0.002 (124s)
  step 5800/10000 l1=0.0717 kl=0.002 (129s)
  step 6000/10000 l1=0.0741 kl=0.002 (133s)
  step 6200/10000 l1=0.0713 kl=0.002 (138s)
  step 6400/10000 l1=0.0711 kl=0.002 (142s)
  step 6600/10000 l1=0.0719 kl=0.002 (147s)
  step 6800/10000 l1=0.0705 kl=0.002 (151s)
  step 7000/10000 l1=0.0689 kl=0.002 (156s)
  step 7200/10000 l1=0.0707 kl=0.002 (160s)
  step 7400/10000 l1=0.0701 kl=0.001 (164s)
  step 7600/10000 l1=0.0690 kl=0.002 (169s)
  step 7800/10000 l1=0.0678 kl=0.002 (173s)
  step 8000/10000 l1=0.0695 kl=0.002 (178s)
  step 8200/10000 l1=0.0677 kl=0.001 (182s)
  step 8400/10000 l1=0.0670 kl=0.002 (187s)
  step 8600/10000 l1=0.0664 kl=0.001 (191s)
  step 8800/10000 l1=0.0663 kl=0.001 (196s)
  step 9000/10000 l1=0.0672 kl=0.001 (200s)
  step 9200/10000 l1=0.0671 kl=0.001 (205s)
  step 9400/10000 l1=0.0665 kl=0.001 (209s)
  step 9600/10000 l1=0.0659 kl=0.001 (213s)
  step 9800/10000 l1=0.0663 kl=0.001 (218s)
  step 10000/10000 l1=0.0657 kl=0.001 (222s)
[TRAIN-PASS] cluster=libero_10_task5 grid=[10, 20, 40, 80] depth=False
